Component: ARM Compiler 5.06 update 6 (build 750) Tool: armlink [4d35ed]

==============================================================================

Section Cross References

    stm32f10x_adc.o(i.ADC_DeInit) refers to stm32f10x_rcc.o(i.RCC_APB2PeriphResetCmd) for RCC_APB2PeriphResetCmd
    stm32f10x_bkp.o(i.BKP_DeInit) refers to stm32f10x_rcc.o(i.RCC_BackupResetCmd) for RCC_BackupResetCmd
    stm32f10x_can.o(i.CAN_DeInit) refers to stm32f10x_rcc.o(i.RCC_APB1PeriphResetCmd) for RCC_APB1PeriphResetCmd
    stm32f10x_can.o(i.CAN_GetITStatus) refers to stm32f10x_can.o(i.CheckITStatus) for CheckITStatus
    stm32f10x_cec.o(i.CEC_DeInit) refers to stm32f10x_rcc.o(i.RCC_APB1PeriphResetCmd) for RCC_APB1PeriphResetCmd
    stm32f10x_dac.o(i.DAC_DeInit) refers to stm32f10x_rcc.o(i.RCC_APB1PeriphResetCmd) for RCC_APB1PeriphResetCmd
    stm32f10x_flash.o(i.FLASH_EnableWriteProtection) refers to stm32f10x_flash.o(i.FLASH_WaitForLastOperation) for FLASH_WaitForLastOperation
    stm32f10x_flash.o(i.FLASH_EraseAllBank1Pages) refers to stm32f10x_flash.o(i.FLASH_WaitForLastBank1Operation) for FLASH_WaitForLastBank1Operation
    stm32f10x_flash.o(i.FLASH_EraseAllPages) refers to stm32f10x_flash.o(i.FLASH_WaitForLastOperation) for FLASH_WaitForLastOperation
    stm32f10x_flash.o(i.FLASH_EraseOptionBytes) refers to stm32f10x_flash.o(i.FLASH_GetReadOutProtectionStatus) for FLASH_GetReadOutProtectionStatus
    stm32f10x_flash.o(i.FLASH_EraseOptionBytes) refers to stm32f10x_flash.o(i.FLASH_WaitForLastOperation) for FLASH_WaitForLastOperation
    stm32f10x_flash.o(i.FLASH_ErasePage) refers to stm32f10x_flash.o(i.FLASH_WaitForLastOperation) for FLASH_WaitForLastOperation
    stm32f10x_flash.o(i.FLASH_ProgramHalfWord) refers to stm32f10x_flash.o(i.FLASH_WaitForLastOperation) for FLASH_WaitForLastOperation
    stm32f10x_flash.o(i.FLASH_ProgramOptionByteData) refers to stm32f10x_flash.o(i.FLASH_WaitForLastOperation) for FLASH_WaitForLastOperation
    stm32f10x_flash.o(i.FLASH_ProgramWord) refers to stm32f10x_flash.o(i.FLASH_WaitForLastOperation) for FLASH_WaitForLastOperation
    stm32f10x_flash.o(i.FLASH_ReadOutProtection) refers to stm32f10x_flash.o(i.FLASH_WaitForLastOperation) for FLASH_WaitForLastOperation
    stm32f10x_flash.o(i.FLASH_UserOptionByteConfig) refers to stm32f10x_flash.o(i.FLASH_WaitForLastOperation) for FLASH_WaitForLastOperation
    stm32f10x_flash.o(i.FLASH_WaitForLastBank1Operation) refers to stm32f10x_flash.o(i.FLASH_GetBank1Status) for FLASH_GetBank1Status
    stm32f10x_flash.o(i.FLASH_WaitForLastOperation) refers to stm32f10x_flash.o(i.FLASH_GetBank1Status) for FLASH_GetBank1Status
    stm32f10x_gpio.o(i.GPIO_AFIODeInit) refers to stm32f10x_rcc.o(i.RCC_APB2PeriphResetCmd) for RCC_APB2PeriphResetCmd
    stm32f10x_gpio.o(i.GPIO_DeInit) refers to stm32f10x_rcc.o(i.RCC_APB2PeriphResetCmd) for RCC_APB2PeriphResetCmd
    stm32f10x_i2c.o(i.I2C_DeInit) refers to stm32f10x_rcc.o(i.RCC_APB1PeriphResetCmd) for RCC_APB1PeriphResetCmd
    stm32f10x_i2c.o(i.I2C_Init) refers to stm32f10x_rcc.o(i.RCC_GetClocksFreq) for RCC_GetClocksFreq
    stm32f10x_pwr.o(i.PWR_DeInit) refers to stm32f10x_rcc.o(i.RCC_APB1PeriphResetCmd) for RCC_APB1PeriphResetCmd
    stm32f10x_rcc.o(i.RCC_GetClocksFreq) refers to stm32f10x_rcc.o(.data) for APBAHBPrescTable
    stm32f10x_rcc.o(i.RCC_WaitForHSEStartUp) refers to stm32f10x_rcc.o(i.RCC_GetFlagStatus) for RCC_GetFlagStatus
    stm32f10x_rtc.o(i.RTC_SetAlarm) refers to stm32f10x_rtc.o(i.RTC_EnterConfigMode) for RTC_EnterConfigMode
    stm32f10x_rtc.o(i.RTC_SetAlarm) refers to stm32f10x_rtc.o(i.RTC_ExitConfigMode) for RTC_ExitConfigMode
    stm32f10x_rtc.o(i.RTC_SetCounter) refers to stm32f10x_rtc.o(i.RTC_EnterConfigMode) for RTC_EnterConfigMode
    stm32f10x_rtc.o(i.RTC_SetCounter) refers to stm32f10x_rtc.o(i.RTC_ExitConfigMode) for RTC_ExitConfigMode
    stm32f10x_rtc.o(i.RTC_SetPrescaler) refers to stm32f10x_rtc.o(i.RTC_EnterConfigMode) for RTC_EnterConfigMode
    stm32f10x_rtc.o(i.RTC_SetPrescaler) refers to stm32f10x_rtc.o(i.RTC_ExitConfigMode) for RTC_ExitConfigMode
    stm32f10x_spi.o(i.I2S_Init) refers to stm32f10x_rcc.o(i.RCC_GetClocksFreq) for RCC_GetClocksFreq
    stm32f10x_spi.o(i.SPI_I2S_DeInit) refers to stm32f10x_rcc.o(i.RCC_APB2PeriphResetCmd) for RCC_APB2PeriphResetCmd
    stm32f10x_spi.o(i.SPI_I2S_DeInit) refers to stm32f10x_rcc.o(i.RCC_APB1PeriphResetCmd) for RCC_APB1PeriphResetCmd
    stm32f10x_tim.o(i.TIM_DeInit) refers to stm32f10x_rcc.o(i.RCC_APB2PeriphResetCmd) for RCC_APB2PeriphResetCmd
    stm32f10x_tim.o(i.TIM_DeInit) refers to stm32f10x_rcc.o(i.RCC_APB1PeriphResetCmd) for RCC_APB1PeriphResetCmd
    stm32f10x_tim.o(i.TIM_ETRClockMode1Config) refers to stm32f10x_tim.o(i.TIM_ETRConfig) for TIM_ETRConfig
    stm32f10x_tim.o(i.TIM_ETRClockMode2Config) refers to stm32f10x_tim.o(i.TIM_ETRConfig) for TIM_ETRConfig
    stm32f10x_tim.o(i.TIM_ICInit) refers to stm32f10x_tim.o(i.TI1_Config) for TI1_Config
[...]
    i.TIM_ClearITPendingBit                  0x080034c0   Section        0  stm32f10x_tim.o(i.TIM_ClearITPendingBit)
    i.TIM_Cmd                                0x080034c6   Section        0  stm32f10x_tim.o(i.TIM_Cmd)
    i.TIM_GetCapture1                        0x080034de   Section        0  stm32f10x_tim.o(i.TIM_GetCapture1)
    i.TIM_GetITStatus                        0x080034e4   Section        0  stm32f10x_tim.o(i.TIM_GetITStatus)
    i.TIM_ICInit                             0x08003508   Section        0  stm32f10x_tim.o(i.TIM_ICInit)
    i.TIM_ITConfig                           0x080035b4   Section        0  stm32f10x_tim.o(i.TIM_ITConfig)
    i.TIM_InternalClockConfig                0x080035c6   Section        0  stm32f10x_tim.o(i.TIM_InternalClockConfig)
    i.TIM_OC1Init                            0x080035d4   Section        0  stm32f10x_tim.o(i.TIM_OC1Init)
    i.TIM_OC1PolarityConfig                  0x0800366c   Section        0  stm32f10x_tim.o(i.TIM_OC1PolarityConfig)
    i.TIM_OC1PreloadConfig                   0x0800367e   Section        0  stm32f10x_tim.o(i.TIM_OC1PreloadConfig)
    i.TIM_OC2Init                            0x08003690   Section        0  stm32f10x_tim.o(i.TIM_OC2Init)
    i.TIM_OC2PreloadConfig                   0x08003734   Section        0  stm32f10x_tim.o(i.TIM_OC2PreloadConfig)
    i.TIM_OCStructInit                       0x0800374e   Section        0  stm32f10x_tim.o(i.TIM_OCStructInit)
    i.TIM_SetCompare1                        0x08003762   Section        0  stm32f10x_tim.o(i.TIM_SetCompare1)
    i.TIM_SetCompare2                        0x08003766   Section        0  stm32f10x_tim.o(i.TIM_SetCompare2)
    i.TIM_SetIC1Prescaler                    0x0800376a   Section        0  stm32f10x_tim.o(i.TIM_SetIC1Prescaler)
    i.TIM_SetIC2Prescaler                    0x0800377c   Section        0  stm32f10x_tim.o(i.TIM_SetIC2Prescaler)
    i.TIM_SetIC3Prescaler                    0x08003796   Section        0  stm32f10x_tim.o(i.TIM_SetIC3Prescaler)
    i.TIM_SetIC4Prescaler                    0x080037a8   Section        0  stm32f10x_tim.o(i.TIM_SetIC4Prescaler)
    i.TIM_TimeBaseInit                       0x080037c4   Section        0  stm32f10x_tim.o(i.TIM_TimeBaseInit)
    i.USART2_IRQHandler                      0x08003868   Section        0  usart.o(i.USART2_IRQHandler)
    i.USART_BLUE_Init                        0x080038e0   Section        0  usart.o(i.USART_BLUE_Init)
    i.USART_ClearITPendingBit                0x08003988   Section        0  stm32f10x_usart.o(i.USART_ClearITPendingBit)
    i.USART_Cmd                              0x080039a6   Section        0  stm32f10x_usart.o(i.USART_Cmd)
    i.USART_GetFlagStatus                    0x080039be   Section        0  stm32f10x_usart.o(i.USART_GetFlagStatus)
    i.USART_GetITStatus                      0x080039d8   Section        0  stm32f10x_usart.o(i.USART_GetITStatus)
    i.USART_ITConfig                         0x08003a2c   Section        0  stm32f10x_usart.o(i.USART_ITConfig)
    i.USART_Init                             0x08003a78   Section        0  stm32f10x_usart.o(i.USART_Init)
    i.USART_ReceiveData                      0x08003b50   Section        0  stm32f10x_usart.o(i.USART_ReceiveData)
    i.USART_SendData                         0x08003b5a   Section        0  stm32f10x_usart.o(i.USART_SendData)
    i.UsageFault_Handler                     0x08003b62   Section        0  stm32f10x_it.o(i.UsageFault_Handler)
    i.__ARM_fpclassify                       0x08003b66   Section        0  fpclassify.o(i.__ARM_fpclassify)
    i._is_digit                              0x08003b8e   Section        0  __printf_wp.o(i._is_digit)
    i.main                                   0x08003b9c   Section        0  main.o(i.main)
    locale$$code                             0x08003f2c   Section       44  lc_numeric_c.o(locale$$code)
    locale$$code                             0x08003f58   Section       44  lc_ctype_c.o(locale$$code)
    x$fpl$ddiv                               0x08003f84   Section      688  ddiv.o(x$fpl$ddiv)
    ddiv_entry                               0x08003f8b   Thumb Code     0  ddiv.o(x$fpl$ddiv)
    x$fpl$dfixu                              0x08004234   Section       90  dfixu.o(x$fpl$dfixu)
    x$fpl$dfltu                              0x0800428e   Section       38  dflt_clz.o(x$fpl$dfltu)
    x$fpl$dmul                               0x080042b4   Section      340  dmul.o(x$fpl$dmul)
    x$fpl$dnaninf                            0x08004408   Section      156  dnaninf.o(x$fpl$dnaninf)
    x$fpl$dretinf                            0x080044a4   Section       12  dretinf.o(x$fpl$dretinf)
    x$fpl$fadd                               0x080044b0   Section      196  faddsub_clz.o(x$fpl$fadd)
    _fadd1                                   0x080044bf   Thumb Code     0  faddsub_clz.o(x$fpl$fadd)
    x$fpl$fcmpinf                            0x08004574   Section       24  fcmpi.o(x$fpl$fcmpinf)
    x$fpl$fdiv                               0x0800458c   Section      388  fdiv.o(x$fpl$fdiv)
    _fdiv1                                   0x0800458d   Thumb Code     0  fdiv.o(x$fpl$fdiv)
    x$fpl$ffixu                              0x08004710   Section       62  ffixu.o(x$fpl$ffixu)
    x$fpl$fflt                               0x08004750   Section       48  fflt_clz.o(x$fpl$fflt)
    x$fpl$fleqf                              0x08004780   Section      104  fleqf.o(x$fpl$fleqf)
    x$fpl$fmul                               0x080047e8   Section      258  fmul.o(x$fpl$fmul)
    x$fpl$fnaninf                            0x080048ea   Section      140  fnaninf.o(x$fpl$fnaninf)
    x$fpl$fretinf                            0x08004976   Section       10  fretinf.o(x$fpl$fretinf)
    x$fpl$frleqf                             0x08004980   Section       98  frleqf.o(x$fpl$frleqf)
    x$fpl$fsub                               0x080049e4   Section      234  faddsub_clz.o(x$fpl$fsub)
    _fsub1                                   0x080049f3   Thumb Code     0  faddsub_clz.o(x$fpl$fsub)
    x$fpl$printf1                            0x08004ace   Section        4  printf1.o(x$fpl$printf1)
    x$fpl$printf2                            0x08004ad2   Section        4  printf2.o(x$fpl$printf2)
    .constdata                               0x08004ad6   Section     1520  oled.o(.constdata)
    x$fpl$usenofp                            0x08004ad6   Section        0  usenofp.o(x$fpl$usenofp)
    .constdata                               0x080050c8   Section        8  _printf_wctomb.o(.constdata)
    initial_mbstate                          0x080050c8   Data           8  _printf_wctomb.o(.constdata)
    .constdata                               0x080050d0   Section       40  _printf_hex_int_ll_ptr.o(.constdata)
    uc_hextab                                0x080050d0   Data          20  _printf_hex_int_ll_ptr.o(.constdata)
    lc_hextab                                0x080050e4   Data          20  _printf_hex_int_ll_ptr.o(.constdata)
    .constdata                               0x080050f8   Section       17  __printf_flags_ss_wp.o(.constdata)
    maptable                                 0x080050f8   Data          17  __printf_flags_ss_wp.o(.constdata)
    .constdata                               0x08005109   Section       38  _printf_fp_hex.o(.constdata)
    lc_hextab                                0x08005109   Data          19  _printf_fp_hex.o(.constdata)
    uc_hextab                                0x0800511c   Data          19  _printf_fp_hex.o(.constdata)
    .constdata                               0x08005130   Section      148  bigflt0.o(.constdata)
    tenpwrs_x                                0x08005130   Data          60  bigflt0.o(.constdata)
    tenpwrs_i                                0x0800516c   Data          64  bigflt0.o(.constdata)
    locale$$data                             0x080051e4   Section       28  lc_numeric_c.o(locale$$data)
    __lcnum_c_name                           0x080051e8   Data           2  lc_numeric_c.o(locale$$data)
    __lcnum_c_start                          0x080051f0   Data           0  lc_numeric_c.o(locale$$data)
    __lcnum_c_point                          0x080051fc   Data           0  lc_numeric_c.o(locale$$data)
    __lcnum_c_thousands                      0x080051fe   Data           0  lc_numeric_c.o(locale$$data)
    __lcnum_c_grouping                       0x080051ff   Data           0  lc_numeric_c.o(locale$$data)
    locale$$data                             0x08005200   Section      272  lc_ctype_c.o(locale$$data)
    __lcnum_c_end                            0x08005200   Data           0  lc_numeric_c.o(locale$$data)
    __lcctype_c_name                         0x08005204   Data           2  lc_ctype_c.o(locale$$data)
    __lcctype_c_start                        0x0800520c   Data           0  lc_ctype_c.o(locale$$data)
    __lcctype_c_end                          0x08005310   Data           0  lc_ctype_c.o(locale$$data)
    .data                                    0x20000000   Section       20  stm32f10x_rcc.o(.data)
    APBAHBPrescTable                         0x20000000   Data          16  stm32f10x_rcc.o(.data)
    ADCPrescTable                            0x20000010   Data           4  stm32f10x_rcc.o(.data)
    .data                                    0x20000014   Section       20  system_stm32f10x.o(.data)
    .data                                    0x20000028   Section        1  usart.o(.data)
    .data                                    0x2000002c   Section       12  key.o(.data)
    .data                                    0x20000038   Section       20  servo.o(.data)
    servo_angle                              0x20000038   Data           4  servo.o(.data)
    direction                                0x2000003c   Data           1  servo.o(.data)
    servo_running                            0x2000003d   Data           1  servo.o(.data)
    direction1                               0x2000003e   Data           1  servo.o(.data)
    servo1_running                           0x2000003f   Data           1  servo.o(.data)
    ms_counter1                              0x20000040   Data           2  servo.o(.data)
    ms_counter                               0x20000042   Data           2  servo.o(.data)
    systick_total                            0x20000044   Data           4  servo.o(.data)
    servo1_angle                             0x20000048   Data           4  servo.o(.data)
    .data                                    0x2000004c   Section        1  ds18b20.o(.data)
    .data                                    0x2000004e   Section        7  hcsr04.o(.data)
    .data                                    0x20000055   Section        3  main.o(.data)
    .bss                                     0x20000058   Section      100  usart.o(.bss)
    .bss                                     0x200000bc   Section       96  libspace.o(.bss)
    HEAP                                     0x20000120   Section      512  startup_stm32f10x_md.o(HEAP)
    Heap_Mem                                 0x20000120   Data         512  startup_stm32f10x_md.o(HEAP)
    STACK                                    0x20000320   Section     1024  startup_stm32f10x_md.o(STACK)
    Stack_Mem                                0x20000320   Data        1024  startup_stm32f10x_md.o(STACK)
    __initial_sp                             0x20000720   Data           0  startup_stm32f10x_md.o(STACK)

    Global Symbols

    Symbol Name                              Value     Ov Type        Size  Object(Section)

    BuildAttributes$$THM_ISAv4$P$D$K$B$S$PE$A:L22UL41UL21$X:L11$S22US41US21$IEEE1$IW$USESV6$~STKCKD$USESV7$~SHL$OTIME$ROPI$IEEEJ$EBA8$UX$STANDARDLIB$REQ8$PRES8$EABIv2 0x00000000   Number         0  anon$$obj.o ABSOLUTE
    __ARM_use_no_argv                        0x00000000   Number         0  main.o ABSOLUTE
    _printf_flags                            0x00000000   Number         0  printf_stubs.o ABSOLUTE
    _printf_return_value                     0x00000000   Number         0  printf_stubs.o ABSOLUTE
    _printf_sizespec                         0x00000000   Number         0  printf_stubs.o ABSOLUTE
    _printf_widthprec                        0x00000000   Number         0  printf_stubs.o ABSOLUTE
    __ARM_exceptions_init                     - Undefined Weak Reference
    __alloca_initialize                       - Undefined Weak Reference
    __arm_preinit_                            - Undefined Weak Reference
    __cpp_initialize__aeabi_                  - Undefined Weak Reference
    __cxa_finalize                            - Undefined Weak Reference
    __sigvec_lookup                           - Undefined Weak Reference
    _atexit_init                              - Undefined Weak Reference
    _call_atexit_fns                          - Undefined Weak Reference
    _clock_init                               - Undefined Weak Reference
    _fp_trap_init                             - Undefined Weak Reference
    _fp_trap_shutdown                         - Undefined Weak Reference
    _get_lc_collate                           - Undefined Weak Reference
    _get_lc_monetary                          - Undefined Weak Reference
    _get_lc_time                              - Undefined Weak Reference
    _getenv_init                              - Undefined Weak Reference
    _handle_redirection                       - Undefined Weak Reference
    _init_alloc                               - Undefined Weak Reference
    _init_user_alloc                          - Undefined Weak Reference
    _initio                                   - Undefined Weak Reference
    _printf_mbtowc                            - Undefined Weak Reference
    _printf_wc                                - Undefined Weak Reference
    _rand_init                                - Undefined Weak Reference
    _signal_finish                            - Undefined Weak Reference
    _signal_init                              - Undefined Weak Reference
    _terminate_alloc                          - Undefined Weak Reference
    _terminate_user_alloc                     - Undefined Weak Reference
    _terminateio                              - Undefined Weak Reference
    __Vectors_Size                           0x000000ec   Number         0  startup_stm32f10x_md.o ABSOLUTE
    __Vectors                                0x08000000   Data           4  startup_stm32f10x_md.o(RESET)
    __Vectors_End                            0x080000ec   Data           0  startup_stm32f10x_md.o(RESET)
    __main                                   0x080000ed   Thumb Code     8  __main.o(!!!main)
    __scatterload                            0x080000f5   Thumb Code     0  __scatter.o(!!!scatter)
    __scatterload_rt2                        0x080000f5   Thumb Code    44  __scatter.o(!!!scatter)
    __scatterload_rt2_thumb_only             0x080000f5   Thumb Code     0  __scatter.o(!!!scatter)
    __scatterload_null                       0x08000103   Thumb Code     0  __scatter.o(!!!scatter)
    __scatterload_copy                       0x08000129   Thumb Code    26  __scatter_copy.o(!!handler_copy)
    __scatterload_zeroinit                   0x08000145   Thumb Code    28  __scatter_zi.o(!!handler_zi)
    _printf_n                                0x08000161   Thumb Code     0  _printf_n.o(.ARM.Collect$$_printf_percent$$00000001)
    _printf_percent                          0x08000161   Thumb Code     0  _printf_percent.o(.ARM.Collect$$_printf_percent$$00000000)
    _printf_p                                0x08000167   Thumb Code     0  _printf_p.o(.ARM.Collect$$_printf_percent$$00000002)
    _printf_f                                0x0800016d   Thumb Code     0  _printf_f.o(.ARM.Collect$$_printf_percent$$00000003)
    _printf_e                                0x08000173   Thumb Code     0  _printf_e.o(.ARM.Collect$$_printf_percent$$00000004)
    _printf_g                                0x08000179   Thumb Code     0  _printf_g.o(.ARM.Collect$$_printf_percent$$00000005)
    _printf_a                                0x0800017f   Thumb Code     0  _printf_a.o(.ARM.Collect$$_printf_percent$$00000006)
    _printf_ll                               0x08000185   Thumb Code     0  _printf_ll.o(.ARM.Collect$$_printf_percent$$00000007)
    _printf_i                                0x0800018f   Thumb Code     0  _printf_i.o(.ARM.Collect$$_printf_percent$$00000008)
    _printf_d                                0x08000195   Thumb Code     0  _printf_d.o(.ARM.Collect$$_printf_percent$$00000009)
    _printf_u                                0x0800019b   Thumb Code     0  _printf_u.o(.ARM.Collect$$_printf_percent$$0000000A)
    _printf_o                                0x080001a1   Thumb Code     0  _printf_o.o(.ARM.Collect$$_printf_percent$$0000000B)
    _printf_x                                0x080001a7   Thumb Code     0  _printf_x.o(.ARM.Collect$$_printf_percent$$0000000C)
    _printf_lli                              0x080001ad   Thumb Code     0  _printf_lli.o(.ARM.Collect$$_printf_percent$$0000000D)
    _printf_lld                              0x080001b3   Thumb Code     0  _printf_lld.o(.ARM.Collect$$_printf_percent$$0000000E)
    _printf_llu                              0x080001b9   Thumb Code     0  _printf_llu.o(.ARM.Collect$$_printf_percent$$0000000F)
    _printf_llo                              0x080001bf   Thumb Code     0  _printf_llo.o(.ARM.Collect$$_printf_percent$$00000010)
    _printf_llx                              0x080001c5   Thumb Code     0  _printf_llx.o(.ARM.Collect$$_printf_percent$$00000011)
    _printf_l                                0x080001cb   Thumb Code     0  _printf_l.o(.ARM.Collect$$_printf_percent$$00000012)
    _printf_c                                0x080001d5   Thumb Code     0  _printf_c.o(.ARM.Collect$$_printf_percent$$00000013)
    _printf_s                                0x080001db   Thumb Code     0  _printf_s.o(.ARM.Collect$$_printf_percent$$00000014)
    _printf_lc                               0x080001e1   Thumb Code     0  _printf_lc.o(.ARM.Collect$$_printf_percent$$00000015)
    _printf_ls                               0x080001e7   Thumb Code     0  _printf_ls.o(.ARM.Collect$$_printf_percent$$00000016)
    _printf_percent_end                      0x080001ed   Thumb Code     0  _printf_percent_end.o(.ARM.Collect$$_printf_percent$$00000017)
    __rt_lib_init                            0x080001f1   Thumb Code     0  libinit.o(.ARM.Collect$$libinit$$00000000)
    __rt_lib_init_fp_1                       0x080001f3   Thumb Code     0  libinit2.o(.ARM.Collect$$libinit$$00000002)
    __rt_lib_init_heap_1                     0x080001f3   Thumb Code     0  libinit2.o(.ARM.Collect$$libinit$$0000000A)
    __rt_lib_init_lc_common                  0x080001f3   Thumb Code     0  libinit2.o(.ARM.Collect$$libinit$$0000000F)
    __rt_lib_init_preinit_1                  0x080001f3   Thumb Code     0  libinit2.o(.ARM.Collect$$libinit$$00000004)
    __rt_lib_init_rand_1                     0x080001f3   Thumb Code     0  libinit2.o(.ARM.Collect$$libinit$$0000000E)
    __rt_lib_init_user_alloc_1               0x080001f3   Thumb Code     0  libinit2.o(.ARM.Collect$$libinit$$0000000C)
    __rt_lib_init_lc_collate_1               0x080001f9   Thumb Code     0  libinit2.o(.ARM.Collect$$libinit$$00000011)
    __rt_lib_init_lc_ctype_2                 0x080001f9   Thumb Code     0  libinit2.o(.ARM.Collect$$libinit$$00000012)
    __rt_lib_init_lc_ctype_1                 0x08000205   Thumb Code     0  libinit2.o(.ARM.Collect$$libinit$$00000013)
    __rt_lib_init_lc_monetary_1              0x08000205   Thumb Code     0  libinit2.o(.ARM.Collect$$libinit$$00000015)
    __rt_lib_init_lc_numeric_2               0x08000205   Thumb Code     0  libinit2.o(.ARM.Collect$$libinit$$00000016)
    __rt_lib_init_alloca_1                   0x0800020f   Thumb Code     0  libinit2.o(.ARM.Collect$$libinit$$0000002E)
    __rt_lib_init_argv_1                     0x0800020f   Thumb Code     0  libinit2.o(.ARM.Collect$$libinit$$0000002C)
    __rt_lib_init_atexit_1                   0x0800020f   Thumb Code     0  libinit2.o(.ARM.Collect$$libinit$$0000001B)
    __rt_lib_init_clock_1                    0x0800020f   Thumb Code     0  libinit2.o(.ARM.Collect$$libinit$$00000021)
    __rt_lib_init_cpp_1                      0x0800020f   Thumb Code     0  libinit2.o(.ARM.Collect$$libinit$$00000032)
    __rt_lib_init_exceptions_1               0x0800020f   Thumb Code     0  libinit2.o(.ARM.Collect$$libinit$$00000030)
    __rt_lib_init_fp_trap_1                  0x0800020f   Thumb Code     0  libinit2.o(.ARM.Collect$$libinit$$0000001F)
    __rt_lib_init_getenv_1                   0x0800020f   Thumb Code     0  libinit2.o(.ARM.Collect$$libinit$$00000023)
    __rt_lib_init_lc_numeric_1               0x0800020f   Thumb Code     0  libinit2.o(.ARM.Collect$$libinit$$00000017)
    __rt_lib_init_lc_time_1                  0x0800020f   Thumb Code     0  libinit2.o(.ARM.Collect$$libinit$$00000019)
    __rt_lib_init_return                     0x0800020f   Thumb Code     0  libinit2.o(.ARM.Collect$$libinit$$00000033)
    __rt_lib_init_signal_1                   0x0800020f   Thumb Code     0  libinit2.o(.ARM.Collect$$libinit$$0000001D)
    __rt_lib_init_stdio_1                    0x0800020f   Thumb Code     0  libinit2.o(.ARM.Collect$$libinit$$00000025)
    __rt_lib_shutdown                        0x08000211   Thumb Code     0  libshutdown.o(.ARM.Collect$$libshutdown$$00000000)
    __rt_lib_shutdown_cpp_1                  0x08000213   Thumb Code     0  libshutdown2.o(.ARM.Collect$$libshutdown$$00000002)
    __rt_lib_shutdown_fp_trap_1              0x08000213   Thumb Code     0  libshutdown2.o(.ARM.Collect$$libshutdown$$00000007)
    __rt_lib_shutdown_heap_1                 0x08000213   Thumb Code     0  libshutdown2.o(.ARM.Collect$$libshutdown$$0000000F)
    __rt_lib_shutdown_return                 0x08000213   Thumb Code     0  libshutdown2.o(.ARM.Collect$$libshutdown$$00000010)
    __rt_lib_shutdown_signal_1               0x08000213   Thumb Code     0  libshutdown2.o(.ARM.Collect$$libshutdown$$0000000A)
    __rt_lib_shutdown_stdio_1                0x08000213   Thumb Code     0  libshutdown2.o(.ARM.Collect$$libshutdown$$00000004)
    __rt_lib_shutdown_user_alloc_1           0x08000213   Thumb Code     0  libshutdown2.o(.ARM.Collect$$libshutdown$$0000000C)
    __rt_entry                               0x08000215   Thumb Code     0  __rtentry.o(.ARM.Collect$$rtentry$$00000000)
    __rt_entry_presh_1                       0x08000215   Thumb Code     0  __rtentry2.o(.ARM.Collect$$rtentry$$00000002)
    __rt_entry_sh                            0x08000215   Thumb Code     0  __rtentry4.o(.ARM.Collect$$rtentry$$00000004)
    __rt_entry_li                            0x0800021b   Thumb Code     0  __rtentry2.o(.ARM.Collect$$rtentry$$0000000A)
    __rt_entry_postsh_1                      0x0800021b   Thumb Code     0  __rtentry2.o(.ARM.Collect$$rtentry$$00000009)
    __rt_entry_main                          0x0800021f   Thumb Code     0  __rtentry2.o(.ARM.Collect$$rtentry$$0000000D)
    __rt_entry_postli_1                      0x0800021f   Thumb Code     0  __rtentry2.o(.ARM.Collect$$rtentry$$0000000C)
    __rt_exit                                0x08000227   Thumb Code     0  rtexit.o(.ARM.Collect$$rtexit$$00000000)
    __rt_exit_ls                             0x08000229   Thumb Code     0  rtexit2.o(.ARM.Collect$$rtexit$$00000003)
    __rt_exit_prels_1                        0x08000229   Thumb Code     0  rtexit2.o(.ARM.Collect$$rtexit$$00000002)
    __rt_exit_exit                           0x0800022d   Thumb Code     0  rtexit2.o(.ARM.Collect$$rtexit$$00000004)
    Reset_Handler                            0x08000235   Thumb Code     8  startup_stm32f10x_md.o(.text)
    ADC1_2_IRQHandler                        0x0800024f   Thumb Code     0  startup_stm32f10x_md.o(.text)
    CAN1_RX1_IRQHandler                      0x0800024f   Thumb Code     0  startup_stm32f10x_md.o(.text)
    CAN1_SCE_IRQHandler                      0x0800024f   Thumb Code     0  startup_stm32f10x_md.o(.text)
    DMA1_Channel1_IRQHandler                 0x0800024f   Thumb Code     0  startup_stm32f10x_md.o(.text)
    DMA1_Channel2_IRQHandler                 0x0800024f   Thumb Code     0  startup_stm32f10x_md.o(.text)
    DMA1_Channel3_IRQHandler                 0x0800024f   Thumb Code     0  startup_stm32f10x_md.o(.text)
    DMA1_Channel4_IRQHandler                 0x0800024f   Thumb Code     0  startup_stm32f10x_md.o(.text)
    DMA1_Channel5_IRQHandler                 0x0800024f   Thumb Code     0  startup_stm32f10x_md.o(.text)
    DMA1_Channel6_IRQHandler                 0x0800024f   Thumb Code     0  startup_stm32f10x_md.o(.text)
    DMA1_Channel7_IRQHandler                 0x0800024f   Thumb Code     0  startup_stm32f10x_md.o(.text)
    EXTI0_IRQHandler                         0x0800024f   Thumb Code     0  startup_stm32f10x_md.o(.text)
    EXTI2_IRQHandler                         0x0800024f   Thumb Code     0  startup_stm32f10x_md.o(.text)
    EXTI3_IRQHandler                         0x0800024f   Thumb Code     0  startup_stm32f10x_md.o(.text)
    EXTI4_IRQHandler                         0x0800024f   Thumb Code     0  startup_stm32f10x_md.o(.text)
    FLASH_IRQHandler                         0x0800024f   Thumb Code     0  startup_stm32f10x_md.o(.text)
    I2C1_ER_IRQHandler                       0x0800024f   Thumb Code     0  startup_stm32f10x_md.o(.text)
    I2C1_EV_IRQHandler                       0x0800024f   Thumb Code     0  startup_stm32f10x_md.o(.text)
    I2C2_ER_IRQHandler                       0x0800024f   Thumb Code     0  startup_stm32f10x_md.o(.text)
    I2C2_EV_IRQHandler                       0x0800024f   Thumb Code     0  startup_stm32f10x_md.o(.text)
    PVD_IRQHandler                           0x0800024f   Thumb Code     0  startup_stm32f10x_md.o(.text)
    RCC_IRQHandler                           0x0800024f   Thumb Code     0  startup_stm32f10x_md.o(.text)
    RTCAlarm_IRQHandler                      0x0800024f   Thumb Code     0  startup_stm32f10x_md.o(.text)
    RTC_IRQHandler                           0x0800024f   Thumb Code     0  startup_stm32f10x_md.o(.text)
    SPI1_IRQHandler                          0x0800024f   Thumb Code     0  startup_stm32f10x_md.o(.text)
    SPI2_IRQHandler                          0x0800024f   Thumb Code     0  startup_stm32f10x_md.o(.text)
    TAMPER_IRQHandler                        0x0800024f   Thumb Code     0  startup_stm32f10x_md.o(.text)
    TIM1_BRK_IRQHandler                      0x0800024f   Thumb Code     0  startup_stm32f10x_md.o(.text)
    TIM1_CC_IRQHandler                       0x0800024f   Thumb Code     0  startup_stm32f10x_md.o(.text)
    TIM1_TRG_COM_IRQHandler                  0x0800024f   Thumb Code     0  startup_stm32f10x_md.o(.text)
    TIM1_UP_IRQHandler                       0x0800024f   Thumb Code     0  startup_stm32f10x_md.o(.text)
    TIM3_IRQHandler                          0x0800024f   Thumb Code     0  startup_stm32f10x_md.o(.text)
    TIM4_IRQHandler                          0x0800024f   Thumb Code     0  startup_stm32f10x_md.o(.text)
    USART1_IRQHandler                        0x0800024f   Thumb Code     0  startup_stm32f10x_md.o(.text)
    USART3_IRQHandler                        0x0800024f   Thumb Code     0  startup_stm32f10x_md.o(.text)
    USBWakeUp_IRQHandler                     0x0800024f   Thumb Code     0  startup_stm32f10x_md.o(.text)
    USB_HP_CAN1_TX_IRQHandler                0x0800024f   Thumb Code     0  startup_stm32f10x_md.o(.text)
    USB_LP_CAN1_RX0_IRQHandler               0x0800024f   Thumb Code     0  startup_stm32f10x_md.o(.text)
    WWDG_IRQHandler                          0x0800024f   Thumb Code     0  startup_stm32f10x_md.o(.text)
    __user_initial_stackheap                 0x08000251   Thumb Code     0  startup_stm32f10x_md.o(.text)
    vsprintf                                 0x08000275   Thumb Code    32  vsprintf.o(.text)
    strncmp                                  0x08000299   Thumb Code   150  strncmp.o(.text)
    __use_two_region_memory                  0x0800032f   Thumb Code     2  heapauxi.o(.text)
    __rt_heap_escrow$2region                 0x08000331   Thumb Code     2  heapauxi.o(.text)
    __rt_heap_expand$2region                 0x08000333   Thumb Code     2  heapauxi.o(.text)
    _printf_pre_padding                      0x08000335   Thumb Code    44  _printf_pad.o(.text)
    _printf_post_padding                     0x08000361   Thumb Code    34  _printf_pad.o(.text)
    _printf_truncate_signed                  0x08000383   Thumb Code    18  _printf_truncate.o(.text)
    _printf_truncate_unsigned                0x08000395   Thumb Code    18  _printf_truncate.o(.text)
    _printf_str                              0x080003a7   Thumb Code    82  _printf_str.o(.text)
    _printf_int_dec                          0x080003f9   Thumb Code   104  _printf_dec.o(.text)
    _printf_charcount                        0x08000471   Thumb Code    40  _printf_charcount.o(.text)
    _printf_char_common                      0x080004a3   Thumb Code    32  _printf_char_common.o(.text)
    _sputc                                   0x080004c9   Thumb Code    10  _sputc.o(.text)
    _printf_wctomb                           0x080004d5   Thumb Code   182  _printf_wctomb.o(.text)
    _printf_longlong_dec                     0x08000591   Thumb Code   108  _printf_longlong_dec.o(.text)
    _printf_longlong_oct                     0x0800060d   Thumb Code    66  _printf_oct_int_ll.o(.text)
    _printf_int_oct                          0x0800064f   Thumb Code    24  _printf_oct_int_ll.o(.text)
    _printf_ll_oct                           0x08000667   Thumb Code    12  _printf_oct_int_ll.o(.text)
    _printf_longlong_hex                     0x0800067d   Thumb Code    86  _printf_hex_int_ll_ptr.o(.text)
    _printf_int_hex                          0x080006d3   Thumb Code    28  _printf_hex_int_ll_ptr.o(.text)
    _printf_ll_hex                           0x080006ef   Thumb Code    12  _printf_hex_int_ll_ptr.o(.text)
    _printf_hex_ptr                          0x080006fb   Thumb Code    18  _printf_hex_int_ll_ptr.o(.text)
    __printf                                 0x08000711   Thumb Code   388  __printf_flags_ss_wp.o(.text)
    _ll_udiv10                               0x08000899   Thumb Code   138  lludiv10.o(.text)
    _printf_int_common                       0x08000923   Thumb Code   178  _printf_intcommon.o(.text)
    __lib_sel_fp_printf                      0x080009d5   Thumb Code     2  _printf_fp_dec.o(.text)
    _printf_fp_dec_real                      0x08000b87   Thumb Code   620  _printf_fp_dec.o(.text)
    _printf_fp_hex_real                      0x08000df5   Thumb Code   756  _printf_fp_hex.o(.text)
    _printf_cs_common                        0x080010f1   Thumb Code    20  _printf_char.o(.text)
    _printf_char                             0x08001105   Thumb Code    16  _printf_char.o(.text)
    _printf_string                           0x08001115   Thumb Code     8  _printf_char.o(.text)
    _printf_lcs_common                       0x0800111d   Thumb Code    20  _printf_wchar.o(.text)
    _printf_wchar                            0x08001131   Thumb Code    16  _printf_wchar.o(.text)
    _printf_wstring                          0x08001141   Thumb Code     8  _printf_wchar.o(.text)
    _wcrtomb                                 0x08001149   Thumb Code    64  _wcrtomb.o(.text)
    __user_setup_stackheap                   0x08001189   Thumb Code    74  sys_stackheap_outer.o(.text)
    __rt_ctype_table                         0x080011d5   Thumb Code    16  rt_ctype_table.o(.text)
    __rt_locale                              0x080011e5   Thumb Code     8  rt_locale_intlibspace.o(.text)
    _printf_fp_infnan                        0x080011ed   Thumb Code   112  _printf_fp_infnan.o(.text)
    _btod_etento                             0x0800126d   Thumb Code   224  bigflt0.o(.text)
    exit                                     0x08001351   Thumb Code    18  exit.o(.text)
    __user_libspace                          0x08001365   Thumb Code     8  libspace.o(.text)
    __user_perproc_libspace                  0x08001365   Thumb Code     0  libspace.o(.text)
    __user_perthread_libspace                0x08001365   Thumb Code     0  libspace.o(.text)
    strcmp                                   0x0800136d   Thumb Code   128  strcmpv7m.o(.text)
    _sys_exit                                0x080013ed   Thumb Code     8  sys_exit.o(.text)
    __I$use$semihosting                      0x080013f9   Thumb Code     0  use_no_semi.o(.text)
    __use_no_semihosting_swi                 0x080013f9   Thumb Code     2  use_no_semi.o(.text)
    __semihosting_library_function           0x080013fb   Thumb Code     0  indicate_semi.o(.text)
    _btod_d2e                                0x080013fb   Thumb Code    62  btod.o(CL$$btod_d2e)
    _d2e_denorm_low                          0x08001439   Thumb Code    70  btod.o(CL$$btod_d2e_denorm_low)
    _d2e_norm_op1                            0x0800147f   Thumb Code    96  btod.o(CL$$btod_d2e_norm_op1)
    __btod_div_common                        0x080014df   Thumb Code   696  btod.o(CL$$btod_div_common)
    _e2e                                     0x08001817   Thumb Code   220  btod.o(CL$$btod_e2e)
    _btod_ediv                               0x080018f3   Thumb Code    42  btod.o(CL$$btod_ediv)
    _btod_emul                               0x0800191d   Thumb Code    42  btod.o(CL$$btod_emul)
    __btod_mult_common                       0x08001947   Thumb Code   580  btod.o(CL$$btod_mult_common)
    BEEP_Init                                0x08001b8d   Thumb Code    38  beep.o(i.BEEP_Init)
    BlueTooth_Printf                         0x08001bb9   Thumb Code    36  usart.o(i.BlueTooth_Printf)
    BusFault_Handler                         0x08001bdd   Thumb Code     4  stm32f10x_it.o(i.BusFault_Handler)
    DS18B20_ACK                              0x08001be1   Thumb Code    70  ds18b20.o(i.DS18B20_ACK)
    DS18B20_IO_IN                            0x08001c2d   Thumb Code    40  ds18b20.o(i.DS18B20_IO_IN)
    DS18B20_IO_OUT                           0x08001c59   Thumb Code    38  ds18b20.o(i.DS18B20_IO_OUT)
    DebugMon_Handler                         0x08001c85   Thumb Code     2  stm32f10x_it.o(i.DebugMon_Handler)
    Delay_ms                                 0x08001c87   Thumb Code    24  delay.o(i.Delay_ms)
    Delay_us                                 0x08001c9f   Thumb Code    24  delay.o(i.Delay_us)
    EXTI15_10_IRQHandler                     0x08001cb7   Thumb Code    42  key.o(i.EXTI15_10_IRQHandler)
    EXTI1_IRQHandler                         0x08001ce1   Thumb Code    20  key.o(i.EXTI1_IRQHandler)
    EXTI9_5_IRQHandler                       0x08001cf5   Thumb Code    22  key.o(i.EXTI9_5_IRQHandler)
    EXTI_ClearITPendingBit                   0x08001d0d   Thumb Code     6  stm32f10x_exti.o(i.EXTI_ClearITPendingBit)
    EXTI_GetITStatus                         0x08001d19   Thumb Code    34  stm32f10x_exti.o(i.EXTI_GetITStatus)
    EXTI_Init                                0x08001d41   Thumb Code   142  stm32f10x_exti.o(i.EXTI_Init)
    GPIO_EXTILineConfig                      0x08001dd5   Thumb Code    60  stm32f10x_gpio.o(i.GPIO_EXTILineConfig)
    GPIO_Init                                0x08001e15   Thumb Code   278  stm32f10x_gpio.o(i.GPIO_Init)
    GPIO_ReadInputDataBit                    0x08001f2b   Thumb Code    18  stm32f10x_gpio.o(i.GPIO_ReadInputDataBit)
    GPIO_ResetBits                           0x08001f3d   Thumb Code     4  stm32f10x_gpio.o(i.GPIO_ResetBits)
    GPIO_SetBits                             0x08001f41   Thumb Code     4  stm32f10x_gpio.o(i.GPIO_SetBits)
    GPIO_WriteBit                            0x08001f45   Thumb Code    10  stm32f10x_gpio.o(i.GPIO_WriteBit)
    Get_Temp                                 0x08001f51   Thumb Code   134  ds18b20.o(i.Get_Temp)
    HCSR04_GetValue                          0x08001fe1   Thumb Code   134  hcsr04.o(i.HCSR04_GetValue)
    HCSR04_Init                              0x08002081   Thumb Code   202  hcsr04.o(i.HCSR04_Init)
    HCSR04_Start                             0x08002151   Thumb Code    32  hcsr04.o(i.HCSR04_Start)
    HardFault_Handler                        0x08002179   Thumb Code     4  stm32f10x_it.o(i.HardFault_Handler)
    Key_Init                                 0x0800217d   Thumb Code   352  key.o(i.Key_Init)
    Key_Scan                                 0x080022e5   Thumb Code   184  key.o(i.Key_Scan)
    LED_Init                                 0x080023b5   Thumb Code    46  led.o(i.LED_Init)
    MemManage_Handler                        0x080023e9   Thumb Code     4  stm32f10x_it.o(i.MemManage_Handler)
    Motor_Init                               0x080023ed   Thumb Code    42  motor.o(i.Motor_Init)
    Motor_SetSpeed                           0x0800241d   Thumb Code    58  motor.o(i.Motor_SetSpeed)
    Motor_Stop                               0x0800245d   Thumb Code    26  motor.o(i.Motor_Stop)
    NMI_Handler                              0x0800247d   Thumb Code     2  stm32f10x_it.o(i.NMI_Handler)
    NVIC_Init                                0x08002481   Thumb Code   100  misc.o(i.NVIC_Init)
    NVIC_PriorityGroupConfig                 0x080024f1   Thumb Code    10  misc.o(i.NVIC_PriorityGroupConfig)
    OLED_Clear                               0x0800252d   Thumb Code    42  oled.o(i.OLED_Clear)
    OLED_I2C_Init                            0x08002559   Thumb Code    76  oled.o(i.OLED_I2C_Init)
    OLED_I2C_SendByte                        0x080025a9   Thumb Code    88  oled.o(i.OLED_I2C_SendByte)
    OLED_I2C_Start                           0x08002605   Thumb Code    48  oled.o(i.OLED_I2C_Start)
    OLED_I2C_Stop                            0x08002639   Thumb Code    36  oled.o(i.OLED_I2C_Stop)
    OLED_Init                                0x08002661   Thumb Code   174  oled.o(i.OLED_Init)
    OLED_Pow                                 0x0800270f   Thumb Code    20  oled.o(i.OLED_Pow)
    OLED_SetCursor                           0x08002723   Thumb Code    34  oled.o(i.OLED_SetCursor)
    OLED_ShowChar                            0x08002745   Thumb Code   110  oled.o(i.OLED_ShowChar)
    OLED_ShowNum                             0x080027b9   Thumb Code    68  oled.o(i.OLED_ShowNum)
    OLED_ShowString                          0x080027fd   Thumb Code    40  oled.o(i.OLED_ShowString)
    OLED_WriteCommand                        0x08002825   Thumb Code    32  oled.o(i.OLED_WriteCommand)
    OLED_WriteData                           0x08002845   Thumb Code    32  oled.o(i.OLED_WriteData)
    PWM_Init                                 0x08002865   Thumb Code   138  motor.o(i.PWM_Init)
    PWM_SetCompare                           0x080028f9   Thumb Code    14  motor.o(i.PWM_SetCompare)
    PWM_SetCompare1                          0x0800290d   Thumb Code    14  servo.o(i.PWM_SetCompare1)
    PWM_SetCompare2                          0x08002921   Thumb Code    14  servo.o(i.PWM_SetCompare2)
    Parse_Command                            0x08002935   Thumb Code   138  usart.o(i.Parse_Command)
    PendSV_Handler                           0x08002a55   Thumb Code     2  stm32f10x_it.o(i.PendSV_Handler)
    RCC_APB1PeriphClockCmd                   0x08002a59   Thumb Code    26  stm32f10x_rcc.o(i.RCC_APB1PeriphClockCmd)
    RCC_APB2PeriphClockCmd                   0x08002a79   Thumb Code    26  stm32f10x_rcc.o(i.RCC_APB2PeriphClockCmd)
    RCC_GetClocksFreq                        0x08002a99   Thumb Code   192  stm32f10x_rcc.o(i.RCC_GetClocksFreq)
    Receive_Bit                              0x08002b6d   Thumb Code    66  ds18b20.o(i.Receive_Bit)
    Receive_Byte                             0x08002bb5   Thumb Code    34  ds18b20.o(i.Receive_Byte)
    SVC_Handler                              0x08002bd7   Thumb Code     2  stm32f10x_it.o(i.SVC_Handler)
    Send_Bit                                 0x08002bd9   Thumb Code    90  ds18b20.o(i.Send_Bit)
    Send_Byte                                0x08002c39   Thumb Code    30  ds18b20.o(i.Send_Byte)
    Send_String                              0x08002c59   Thumb Code    42  usart.o(i.Send_String)
    Servo1_GetAngle                          0x08002c89   Thumb Code     6  servo.o(i.Servo1_GetAngle)
    Servo1_Start                             0x08002c95   Thumb Code    68  servo.o(i.Servo1_Start)
    Servo1_Stop                              0x08002ced   Thumb Code     8  servo.o(i.Servo1_Stop)
    Servo_Init                               0x08002cf9   Thumb Code   186  servo.o(i.Servo_Init)
    Servo_SetAngle                           0x08002dc5   Thumb Code    76  servo.o(i.Servo_SetAngle)
    Servo_SetAngle1                          0x08002e21   Thumb Code    76  servo.o(i.Servo_SetAngle1)
    Servo_Start                              0x08002e7d   Thumb Code    68  servo.o(i.Servo_Start)
    Servo_Stop                               0x08002ed5   Thumb Code     8  servo.o(i.Servo_Stop)
    Servo_SysTick_Init                       0x08002ee1   Thumb Code    78  servo.o(i.Servo_SysTick_Init)
    SysTick_Handler                          0x0800301d   Thumb Code   338  servo.o(i.SysTick_Handler)
    SystemInit                               0x080031a5   Thumb Code    78  system_stm32f10x.o(i.SystemInit)
    TIM2_IRQHandler                          0x08003445   Thumb Code    88  hcsr04.o(i.TIM2_IRQHandler)
    TIM_ARRPreloadConfig                     0x080034a9   Thumb Code    24  stm32f10x_tim.o(i.TIM_ARRPreloadConfig)
    TIM_ClearITPendingBit                    0x080034c1   Thumb Code     6  stm32f10x_tim.o(i.TIM_ClearITPendingBit)
    TIM_Cmd                                  0x080034c7   Thumb Code    24  stm32f10x_tim.o(i.TIM_Cmd)
    TIM_GetCapture1                          0x080034df   Thumb Code     6  stm32f10x_tim.o(i.TIM_GetCapture1)
    TIM_GetITStatus                          0x080034e5   Thumb Code    34  stm32f10x_tim.o(i.TIM_GetITStatus)
    TIM_ICInit                               0x08003509   Thumb Code   150  stm32f10x_tim.o(i.TIM_ICInit)
    TIM_ITConfig                             0x080035b5   Thumb Code    18  stm32f10x_tim.o(i.TIM_ITConfig)
    TIM_InternalClockConfig                  0x080035c7   Thumb Code    12  stm32f10x_tim.o(i.TIM_InternalClockConfig)
    TIM_OC1Init                              0x080035d5   Thumb Code   132  stm32f10x_tim.o(i.TIM_OC1Init)
    TIM_OC1PolarityConfig                    0x0800366d   Thumb Code    18  stm32f10x_tim.o(i.TIM_OC1PolarityConfig)
    TIM_OC1PreloadConfig                     0x0800367f   Thumb Code    18  stm32f10x_tim.o(i.TIM_OC1PreloadConfig)
    TIM_OC2Init                              0x08003691   Thumb Code   154  stm32f10x_tim.o(i.TIM_OC2Init)
    TIM_OC2PreloadConfig                     0x08003735   Thumb Code    26  stm32f10x_tim.o(i.TIM_OC2PreloadConfig)
    TIM_OCStructInit                         0x0800374f   Thumb Code    20  stm32f10x_tim.o(i.TIM_OCStructInit)
    TIM_SetCompare1                          0x08003763   Thumb Code     4  stm32f10x_tim.o(i.TIM_SetCompare1)
    TIM_SetCompare2                          0x08003767   Thumb Code     4  stm32f10x_tim.o(i.TIM_SetCompare2)
    TIM_SetIC1Prescaler                      0x0800376b   Thumb Code    18  stm32f10x_tim.o(i.TIM_SetIC1Prescaler)
    TIM_SetIC2Prescaler                      0x0800377d   Thumb Code    26  stm32f10x_tim.o(i.TIM_SetIC2Prescaler)
    TIM_SetIC3Prescaler                      0x08003797   Thumb Code    18  stm32f10x_tim.o(i.TIM_SetIC3Prescaler)
    TIM_SetIC4Prescaler                      0x080037a9   Thumb Code    26  stm32f10x_tim.o(i.TIM_SetIC4Prescaler)
    TIM_TimeBaseInit                         0x080037c5   Thumb Code   122  stm32f10x_tim.o(i.TIM_TimeBaseInit)
    USART2_IRQHandler                        0x08003869   Thumb Code   106  usart.o(i.USART2_IRQHandler)
    USART_BLUE_Init                          0x080038e1   Thumb Code   160  usart.o(i.USART_BLUE_Init)
    USART_ClearITPendingBit                  0x08003989   Thumb Code    30  stm32f10x_usart.o(i.USART_ClearITPendingBit)
    USART_Cmd                                0x080039a7   Thumb Code    24  stm32f10x_usart.o(i.USART_Cmd)
    USART_GetFlagStatus                      0x080039bf   Thumb Code    26  stm32f10x_usart.o(i.USART_GetFlagStatus)
    USART_GetITStatus                        0x080039d9   Thumb Code    84  stm32f10x_usart.o(i.USART_GetITStatus)
    USART_ITConfig                           0x08003a2d   Thumb Code    74  stm32f10x_usart.o(i.USART_ITConfig)
    USART_Init                               0x08003a79   Thumb Code   210  stm32f10x_usart.o(i.USART_Init)
    USART_ReceiveData                        0x08003b51   Thumb Code    10  stm32f10x_usart.o(i.USART_ReceiveData)
    USART_SendData                           0x08003b5b   Thumb Code     8  stm32f10x_usart.o(i.USART_SendData)
    UsageFault_Handler                       0x08003b63   Thumb Code     4  stm32f10x_it.o(i.UsageFault_Handler)
    __ARM_fpclassify                         0x08003b67   Thumb Code    40  fpclassify.o(i.__ARM_fpclassify)
    _is_digit                                0x08003b8f   Thumb Code    14  __printf_wp.o(i._is_digit)
    main                                     0x08003b9d   Thumb Code   744  main.o(i.main)
    _get_lc_numeric                          0x08003f2d   Thumb Code    44  lc_numeric_c.o(locale$$code)
    _get_lc_ctype                            0x08003f59   Thumb Code    44  lc_ctype_c.o(locale$$code)
    __aeabi_ddiv                             0x08003f85   Thumb Code     0  ddiv.o(x$fpl$ddiv)
    _ddiv                                    0x08003f85   Thumb Code   552  ddiv.o(x$fpl$ddiv)
    __aeabi_d2uiz                            0x08004235   Thumb Code     0  dfixu.o(x$fpl$dfixu)
    _dfixu                                   0x08004235   Thumb Code    90  dfixu.o(x$fpl$dfixu)
    __aeabi_ui2d                             0x0800428f   Thumb Code     0  dflt_clz.o(x$fpl$dfltu)
    _dfltu                                   0x0800428f   Thumb Code    38  dflt_clz.o(x$fpl$dfltu)
    __aeabi_dmul                             0x080042b5   Thumb Code     0  dmul.o(x$fpl$dmul)
    _dmul                                    0x080042b5   Thumb Code   332  dmul.o(x$fpl$dmul)
    __fpl_dnaninf                            0x08004409   Thumb Code   156  dnaninf.o(x$fpl$dnaninf)
    __fpl_dretinf                            0x080044a5   Thumb Code    12  dretinf.o(x$fpl$dretinf)
    __aeabi_fadd                             0x080044b1   Thumb Code     0  faddsub_clz.o(x$fpl$fadd)
    _fadd                                    0x080044b1   Thumb Code   196  faddsub_clz.o(x$fpl$fadd)
    __fpl_fcmp_Inf                           0x08004575   Thumb Code    24  fcmpi.o(x$fpl$fcmpinf)
    __aeabi_fdiv                             0x0800458d   Thumb Code     0  fdiv.o(x$fpl$fdiv)
    _fdiv                                    0x0800458d   Thumb Code   384  fdiv.o(x$fpl$fdiv)
    __aeabi_f2uiz                            0x08004711   Thumb Code     0  ffixu.o(x$fpl$ffixu)
    _ffixu                                   0x08004711   Thumb Code    62  ffixu.o(x$fpl$ffixu)
    __aeabi_i2f                              0x08004751   Thumb Code     0  fflt_clz.o(x$fpl$fflt)
    _fflt                                    0x08004751   Thumb Code    48  fflt_clz.o(x$fpl$fflt)
    __aeabi_cfcmple                          0x08004781   Thumb Code     0  fleqf.o(x$fpl$fleqf)
    _fcmple                                  0x08004781   Thumb Code   104  fleqf.o(x$fpl$fleqf)
    __fpl_fcmple_InfNaN                      0x080047d3   Thumb Code     0  fleqf.o(x$fpl$fleqf)
    __aeabi_fmul                             0x080047e9   Thumb Code     0  fmul.o(x$fpl$fmul)
    _fmul                                    0x080047e9   Thumb Code   258  fmul.o(x$fpl$fmul)
    __fpl_fnaninf                            0x080048eb   Thumb Code   140  fnaninf.o(x$fpl$fnaninf)
    __fpl_fretinf                            0x08004977   Thumb Code    10  fretinf.o(x$fpl$fretinf)
    __aeabi_cfrcmple                         0x08004981   Thumb Code     0  frleqf.o(x$fpl$frleqf)
    _frcmple                                 0x08004981   Thumb Code    98  frleqf.o(x$fpl$frleqf)
    __aeabi_fsub                             0x080049e5   Thumb Code     0  faddsub_clz.o(x$fpl$fsub)
    _fsub                                    0x080049e5   Thumb Code   234  faddsub_clz.o(x$fpl$fsub)
    _printf_fp_dec                           0x08004acf   Thumb Code     4  printf1.o(x$fpl$printf1)
    _printf_fp_hex                           0x08004ad3   Thumb Code     4  printf2.o(x$fpl$printf2)
    OLED_F8x16                               0x08004ad6   Data        1520  oled.o(.constdata)
    __I$use$fp                               0x08004ad6   Number         0  usenofp.o(x$fpl$usenofp)
    Region$$Table$$Base                      0x080051c4   Number         0  anon$$obj.o(Region$$Table)
    Region$$Table$$Limit                     0x080051e4   Number         0  anon$$obj.o(Region$$Table)
    __ctype                                  0x0800520d   Data           0  lc_ctype_c.o(locale$$data)
    SystemCoreClock                          0x20000014   Data           4  system_stm32f10x.o(.data)
    AHBPrescTable                            0x20000018   Data          16  system_stm32f10x.o(.data)
    RX_Index                                 0x20000028   Data           1  usart.o(.data)
    Key_Mode                                 0x2000002c   Data           1  key.o(.data)
    Mode                                     0x2000002d   Data           1  key.o(.data)
    Key_Start_Flag                           0x2000002e   Data           1  key.o(.data)
    Key_Down_Flag                            0x2000002f   Data           1  key.o(.data)
    Key_Speed_Flag                           0x20000030   Data           1  key.o(.data)
    lastKeyTime                              0x20000034   Data           4  key.o(.data)
    temperature_flag                         0x2000004c   Data           1  ds18b20.o(.data)
    Time                                     0x2000004e   Data           2  hcsr04.o(.data)
    IC_Rise                                  0x20000050   Data           2  hcsr04.o(.data)
    IC_Fall                                  0x20000052   Data           2  hcsr04.o(.data)
    Is_Captured                              0x20000054   Data           1  hcsr04.o(.data)
    last_mode                                0x20000055   Data           1  main.o(.data)
    KeyNum                                   0x20000056   Data           1  main.o(.data)
    Speed                                    0x20000057   Data           1  main.o(.data)
    RX_Buffer                                0x20000058   Data         100  usart.o(.bss)
    __libspace_start                         0x200000bc   Data          96  libspace.o(.bss)
    __temporary_stack_top$libspace           0x2000011c   Data           0  libspace.o(.bss)



==============================================================================

Memory Map of the image

  Image Entry point : 0x080000ed

  Load Region LR_IROM1 (Base: 0x08000000, Size: 0x00005368, Max: 0x00010000, ABSOLUTE)

    Execution Region ER_IROM1 (Exec base: 0x08000000, Load base: 0x08000000, Size: 0x00005310, Max: 0x00010000, ABSOLUTE)

    Exec Addr    Load Addr    Size         Type   Attr      Idx    E Section Name        Object

    0x08000000   0x08000000   0x000000ec   Data   RO         3138    RESET               startup_stm32f10x_md.o
    0x080000ec   0x080000ec   0x00000008   Code   RO         3831  * !!!main             c_w.l(__main.o)
    0x080000f4   0x080000f4   0x00000034   Code   RO         4204    !!!scatter          c_w.l(__scatter.o)
    0x08000128   0x08000128   0x0000001a   Code   RO         4206    !!handler_copy      c_w.l(__scatter_copy.o)
    0x08000142   0x08000142   0x00000002   PAD
    0x08000144   0x08000144   0x0000001c   Code   RO         4208    !!handler_zi        c_w.l(__scatter_zi.o)
    0x08000160   0x08000160   0x00000000   Code   RO         3957    .ARM.Collect$$_printf_percent$$00000000  c_w.l(_printf_percent.o)
    0x08000160   0x08000160   0x00000006   Code   RO         3946    .ARM.Collect$$_printf_percent$$00000001  c_w.l(_printf_n.o)
    0x08000166   0x08000166   0x00000006   Code   RO         3948    .ARM.Collect$$_printf_percent$$00000002  c_w.l(_printf_p.o)
    0x0800016c   0x0800016c   0x00000006   Code   RO         3953    .ARM.Collect$$_printf_percent$$00000003  c_w.l(_printf_f.o)
    0x08000172   0x08000172   0x00000006   Code   RO         3954    .ARM.Collect$$_printf_percent$$00000004  c_w.l(_printf_e.o)
    0x08000178   0x08000178   0x00000006   Code   RO         3955    .ARM.Collect$$_printf_percent$$00000005  c_w.l(_printf_g.o)
    0x0800017e   0x0800017e   0x00000006   Code   RO         3956    .ARM.Collect$$_printf_percent$$00000006  c_w.l(_printf_a.o)
    0x08000184   0x08000184   0x0000000a   Code   RO         3961    .ARM.Collect$$_printf_percent$$00000007  c_w.l(_printf_ll.o)
    0x0800018e   0x0800018e   0x00000006   Code   RO         3950    .ARM.Collect$$_printf_percent$$00000008  c_w.l(_printf_i.o)
    0x08000194   0x08000194   0x00000006   Code   RO         3951    .ARM.Collect$$_printf_percent$$00000009  c_w.l(_printf_d.o)
    0x0800019a   0x0800019a   0x00000006   Code   RO         3952    .ARM.Collect$$_printf_percent$$0000000A  c_w.l(_printf_u.o)
    0x080001a0   0x080001a0   0x00000006   Code   RO         3949    .ARM.Collect$$_printf_percent$$0000000B  c_w.l(_printf_o.o)
    0x080001a6   0x080001a6   0x00000006   Code   RO         3947    .ARM.Collect$$_printf_percent$$0000000C  c_w.l(_printf_x.o)
    0x080001ac   0x080001ac   0x00000006   Code   RO         3958    .ARM.Collect$$_printf_percent$$0000000D  c_w.l(_printf_lli.o)
    0x080001b2   0x080001b2   0x00000006   Code   RO         3959    .ARM.Collect$$_printf_percent$$0000000E  c_w.l(_printf_lld.o)
    0x080001b8   0x080001b8   0x00000006   Code   RO         3960    .ARM.Collect$$_printf_percent$$0000000F  c_w.l(_printf_llu.o)
    0x080001be   0x080001be   0x00000006   Code   RO         3965    .ARM.Collect$$_printf_percent$$00000010  c_w.l(_printf_llo.o)
    0x080001c4   0x080001c4   0x00000006   Code   RO         3966    .ARM.Collect$$_printf_percent$$00000011  c_w.l(_printf_llx.o)
    0x080001ca   0x080001ca   0x0000000a   Code   RO         3962    .ARM.Collect$$_printf_percent$$00000012  c_w.l(_printf_l.o)
    0x080001d4   0x080001d4   0x00000006   Code   RO         3944    .ARM.Collect$$_printf_percent$$00000013  c_w.l(_printf_c.o)
    0x080001da   0x080001da   0x00000006   Code   RO         3945    .ARM.Collect$$_printf_percent$$00000014  c_w.l(_printf_s.o)
    0x080001e0   0x080001e0   0x00000006   Code   RO         3963    .ARM.Collect$$_printf_percent$$00000015  c_w.l(_printf_lc.o)
    0x080001e6   0x080001e6   0x00000006   Code   RO         3964    .ARM.Collect$$_printf_percent$$00000016  c_w.l(_printf_ls.o)
    0x080001ec   0x080001ec   0x00000004   Code   RO         4016    .ARM.Collect$$_printf_percent$$00000017  c_w.l(_printf_percent_end.o)
    0x080001f0   0x080001f0   0x00000002   Code   RO         4065    .ARM.Collect$$libinit$$00000000  c_w.l(libinit.o)
    0x080001f2   0x080001f2   0x00000000   Code   RO         4081    .ARM.Collect$$libinit$$00000002  c_w.l(libinit2.o)
    0x080001f2   0x080001f2   0x00000000   Code   RO         4083    .ARM.Collect$$libinit$$00000004  c_w.l(libinit2.o)
    0x080001f2   0x080001f2   0x00000000   Code   RO         4086    .ARM.Collect$$libinit$$0000000A  c_w.l(libinit2.o)
    0x080001f2   0x080001f2   0x00000000   Code   RO         4088    .ARM.Collect$$libinit$$0000000C  c_w.l(libinit2.o)
    0x080001f2   0x080001f2   0x00000000   Code   RO         4090    .ARM.Collect$$libinit$$0000000E  c_w.l(libinit2.o)
    0x080001f2   0x080001f2   0x00000006   Code   RO         4091    .ARM.Collect$$libinit$$0000000F  c_w.l(libinit2.o)
    0x080001f8   0x080001f8   0x00000000   Code   RO         4093    .ARM.Collect$$libinit$$00000011  c_w.l(libinit2.o)
    0x080001f8   0x080001f8   0x0000000c   Code   RO         4094    .ARM.Collect$$libinit$$00000012  c_w.l(libinit2.o)
    0x08000204   0x08000204   0x00000000   Code   RO         4095    .ARM.Collect$$libinit$$00000013  c_w.l(libinit2.o)
    0x08000204   0x08000204   0x00000000   Code   RO         4097    .ARM.Collect$$libinit$$00000015  c_w.l(libinit2.o)
    0x08000204   0x08000204   0x0000000a   Code   RO         4098    .ARM.Collect$$libinit$$00000016  c_w.l(libinit2.o)
    0x0800020e   0x0800020e   0x00000000   Code   RO         4099    .ARM.Collect$$libinit$$00000017  c_w.l(libinit2.o)
    0x0800020e   0x0800020e   0x00000000   Code   RO         4101    .ARM.Collect$$libinit$$00000019  c_w.l(libinit2.o)
    0x0800020e   0x0800020e   0x00000000   Code   RO         4103    .ARM.Collect$$libinit$$0000001B  c_w.l(libinit2.o)
    0x0800020e   0x0800020e   0x00000000   Code   RO         4105    .ARM.Collect$$libinit$$0000001D  c_w.l(libinit2.o)
    0x0800020e   0x0800020e   0x00000000   Code   RO         4107    .ARM.Collect$$libinit$$0000001F  c_w.l(libinit2.o)
    0x0800020e   0x0800020e   0x00000000   Code   RO         4109    .ARM.Collect$$libinit$$00000021  c_w.l(libinit2.o)
    0x0800020e   0x0800020e   0x00000000   Code   RO         4111    .ARM.Collect$$libinit$$00000023  c_w.l(libinit2.o)
    0x0800020e   0x0800020e   0x00000000   Code   RO         4113    .ARM.Collect$$libinit$$00000025  c_w.l(libinit2.o)
    0x0800020e   0x0800020e   0x00000000   Code   RO         4117    .ARM.Collect$$libinit$$0000002C  c_w.l(libinit2.o)
    0x0800020e   0x0800020e   0x00000000   Code   RO         4119    .ARM.Collect$$libinit$$0000002E  c_w.l(libinit2.o)
    0x0800020e   0x0800020e   0x00000000   Code   RO         4121    .ARM.Collect$$libinit$$00000030  c_w.l(libinit2.o)
    0x0800020e   0x0800020e   0x00000000   Code   RO         4123    .ARM.Collect$$libinit$$00000032  c_w.l(libinit2.o)
    0x0800020e   0x0800020e   0x00000002   Code   RO         4124    .ARM.Collect$$libinit$$00000033  c_w.l(libinit2.o)
    0x08000210   0x08000210   0x00000002   Code   RO         4144    .ARM.Collect$$libshutdown$$00000000  c_w.l(libshutdown.o)
    0x08000212   0x08000212   0x00000000   Code   RO         4157    .ARM.Collect$$libshutdown$$00000002  c_w.l(libshutdown2.o)
    0x08000212   0x08000212   0x00000000   Code   RO         4159    .ARM.Collect$$libshutdown$$00000004  c_w.l(libshutdown2.o)
    0x08000212   0x08000212   0x00000000   Code   RO         4162    .ARM.Collect$$libshutdown$$00000007  c_w.l(libshutdown2.o)
    0x08000212   0x08000212   0x00000000   Code   RO         4165    .ARM.Collect$$libshutdown$$0000000A  c_w.l(libshutdown2.o)
    0x08000212   0x08000212   0x00000000   Code   RO         4167    .ARM.Collect$$libshutdown$$0000000C  c_w.l(libshutdown2.o)
    0x08000212   0x08000212   0x00000000   Code   RO         4170    .ARM.Collect$$libshutdown$$0000000F  c_w.l(libshutdown2.o)
    0x08000212   0x08000212   0x00000002   Code   RO         4171    .ARM.Collect$$libshutdown$$00000010  c_w.l(libshutdown2.o)
    0x08000214   0x08000214   0x00000000   Code   RO         3875    .ARM.Collect$$rtentry$$00000000  c_w.l(__rtentry.o)
    0x08000214   0x08000214   0x00000000   Code   RO         3987    .ARM.Collect$$rtentry$$00000002  c_w.l(__rtentry2.o)
    0x08000214   0x08000214   0x00000006   Code   RO         3999    .ARM.Collect$$rtentry$$00000004  c_w.l(__rtentry4.o)
    0x0800021a   0x0800021a   0x00000000   Code   RO         3989    .ARM.Collect$$rtentry$$00000009  c_w.l(__rtentry2.o)
    0x0800021a   0x0800021a   0x00000004   Code   RO         3990    .ARM.Collect$$rtentry$$0000000A  c_w.l(__rtentry2.o)
    0x0800021e   0x0800021e   0x00000000   Code   RO         3992    .ARM.Collect$$rtentry$$0000000C  c_w.l(__rtentry2.o)
    0x0800021e   0x0800021e   0x00000008   Code   RO         3993    .ARM.Collect$$rtentry$$0000000D  c_w.l(__rtentry2.o)
    0x08000226   0x08000226   0x00000002   Code   RO         4073    .ARM.Collect$$rtexit$$00000000  c_w.l(rtexit.o)
    0x08000228   0x08000228   0x00000000   Code   RO         4126    .ARM.Collect$$rtexit$$00000002  c_w.l(rtexit2.o)
    0x08000228   0x08000228   0x00000004   Code   RO         4127    .ARM.Collect$$rtexit$$00000003  c_w.l(rtexit2.o)
    0x0800022c   0x0800022c   0x00000006   Code   RO         4128    .ARM.Collect$$rtexit$$00000004  c_w.l(rtexit2.o)
    0x08000232   0x08000232   0x00000002   PAD
    0x08000234   0x08000234   0x00000040   Code   RO         3139    .text               startup_stm32f10x_md.o
    0x08000274   0x08000274   0x00000024   Code   RO         3825    .text               c_w.l(vsprintf.o)
    0x08000298   0x08000298   0x00000096   Code   RO         3827    .text               c_w.l(strncmp.o)
    0x0800032e   0x0800032e   0x00000006   Code   RO         3829    .text               c_w.l(heapauxi.o)
    0x08000334   0x08000334   0x0000004e   Code   RO         3878    .text               c_w.l(_printf_pad.o)
    0x08000382   0x08000382   0x00000024   Code   RO         3880    .text               c_w.l(_printf_truncate.o)
    0x080003a6   0x080003a6   0x00000052   Code   RO         3882    .text               c_w.l(_printf_str.o)
    0x080003f8   0x080003f8   0x00000078   Code   RO         3884    .text               c_w.l(_printf_dec.o)
    0x08000470   0x08000470   0x00000028   Code   RO         3886    .text               c_w.l(_printf_charcount.o)
    0x08000498   0x08000498   0x00000030   Code   RO         3888    .text               c_w.l(_printf_char_common.o)
    0x080004c8   0x080004c8   0x0000000a   Code   RO         3890    .text               c_w.l(_sputc.o)
    0x080004d2   0x080004d2   0x00000002   PAD
    0x080004d4   0x080004d4   0x000000bc   Code   RO         3892    .text               c_w.l(_printf_wctomb.o)
    0x08000590   0x08000590   0x0000007c   Code   RO         3895    .text               c_w.l(_printf_longlong_dec.o)
    0x0800060c   0x0800060c   0x00000070   Code   RO         3901    .text               c_w.l(_printf_oct_int_ll.o)
    0x0800067c   0x0800067c   0x00000094   Code   RO         3921    .text               c_w.l(_printf_hex_int_ll_ptr.o)
    0x08000710   0x08000710   0x00000188   Code   RO         3941    .text               c_w.l(__printf_flags_ss_wp.o)
    0x08000898   0x08000898   0x0000008a   Code   RO         4001    .text               c_w.l(lludiv10.o)
    0x08000922   0x08000922   0x000000b2   Code   RO         4003    .text               c_w.l(_printf_intcommon.o)
    0x080009d4   0x080009d4   0x0000041e   Code   RO         4005    .text               c_w.l(_printf_fp_dec.o)
    0x08000df2   0x08000df2   0x00000002   PAD
    0x08000df4   0x08000df4   0x000002fc   Code   RO         4007    .text               c_w.l(_printf_fp_hex.o)
    0x080010f0   0x080010f0   0x0000002c   Code   RO         4012    .text               c_w.l(_printf_char.o)
    0x0800111c   0x0800111c   0x0000002c   Code   RO         4014    .text               c_w.l(_printf_wchar.o)
    0x08001148   0x08001148   0x00000040   Code   RO         4017    .text               c_w.l(_wcrtomb.o)
    0x08001188   0x08001188   0x0000004a   Code   RO         4019    .text               c_w.l(sys_stackheap_outer.o)
    0x080011d2   0x080011d2   0x00000002   PAD
    0x080011d4   0x080011d4   0x00000010   Code   RO         4021    .text               c_w.l(rt_ctype_table.o)
    0x080011e4   0x080011e4   0x00000008   Code   RO         4026    .text               c_w.l(rt_locale_intlibspace.o)
    0x080011ec   0x080011ec   0x00000080   Code   RO         4028    .text               c_w.l(_printf_fp_infnan.o)
    0x0800126c   0x0800126c   0x000000e4   Code   RO         4030    .text               c_w.l(bigflt0.o)
    0x08001350   0x08001350   0x00000012   Code   RO         4058    .text               c_w.l(exit.o)
    0x08001362   0x08001362   0x00000002   PAD
    0x08001364   0x08001364   0x00000008   Code   RO         4070    .text               c_w.l(libspace.o)
    0x0800136c   0x0800136c   0x00000080   Code   RO         4078    .text               c_w.l(strcmpv7m.o)
    0x080013ec   0x080013ec   0x0000000c   Code   RO         4136    .text               c_w.l(sys_exit.o)
    0x080013f8   0x080013f8   0x00000002   Code   RO         4147    .text               c_w.l(use_no_semi.o)
    0x080013fa   0x080013fa   0x00000000   Code   RO         4149    .text               c_w.l(indicate_semi.o)
    0x080013fa   0x080013fa   0x0000003e   Code   RO         4033    CL$$btod_d2e        c_w.l(btod.o)
    0x08001438   0x08001438   0x00000046   Code   RO         4035    CL$$btod_d2e_denorm_low  c_w.l(btod.o)
    0x0800147e   0x0800147e   0x00000060   Code   RO         4034    CL$$btod_d2e_norm_op1  c_w.l(btod.o)
    0x080014de   0x080014de   0x00000338   Code   RO         4043    CL$$btod_div_common  c_w.l(btod.o)
    0x08001816   0x08001816   0x000000dc   Code   RO         4040    CL$$btod_e2e        c_w.l(btod.o)
    0x080018f2   0x080018f2   0x0000002a   Code   RO         4037    CL$$btod_ediv       c_w.l(btod.o)
    0x0800191c   0x0800191c   0x0000002a   Code   RO         4036    CL$$btod_emul       c_w.l(btod.o)
    0x08001946   0x08001946   0x00000244   Code   RO         4042    CL$$btod_mult_common  c_w.l(btod.o)
    0x08001b8a   0x08001b8a   0x00000002   PAD
    0x08001b8c   0x08001b8c   0x0000002c   Code   RO         3403    i.BEEP_Init         beep.o
    0x08001bb8   0x08001bb8   0x00000024   Code   RO         3223    i.BlueTooth_Printf  usart.o
    0x08001bdc   0x08001bdc   0x00000004   Code   RO         3766    i.BusFault_Handler  stm32f10x_it.o
    0x08001be0   0x08001be0   0x0000004c   Code   RO         3624    i.DS18B20_ACK       ds18b20.o
    0x08001c2c   0x08001c2c   0x0000002c   Code   RO         3625    i.DS18B20_IO_IN     ds18b20.o
    0x08001c58   0x08001c58   0x0000002c   Code   RO         3626    i.DS18B20_IO_OUT    ds18b20.o
    0x08001c84   0x08001c84   0x00000002   Code   RO         3767    i.DebugMon_Handler  stm32f10x_it.o
    0x08001c86   0x08001c86   0x00000018   Code   RO         3196    i.Delay_ms          delay.o
    0x08001c9e   0x08001c9e   0x00000018   Code   RO         3198    i.Delay_us          delay.o
    0x08001cb6   0x08001cb6   0x0000002a   Code   RO         3418    i.EXTI15_10_IRQHandler  key.o
    0x08001ce0   0x08001ce0   0x00000014   Code   RO         3419    i.EXTI1_IRQHandler  key.o
    0x08001cf4   0x08001cf4   0x00000016   Code   RO         3420    i.EXTI9_5_IRQHandler  key.o
    0x08001d0a   0x08001d0a   0x00000002   PAD
    0x08001d0c   0x08001d0c   0x0000000c   Code   RO          914    i.EXTI_ClearITPendingBit  stm32f10x_exti.o
    0x08001d18   0x08001d18   0x00000028   Code   RO          918    i.EXTI_GetITStatus  stm32f10x_exti.o
    0x08001d40   0x08001d40   0x00000094   Code   RO          919    i.EXTI_Init         stm32f10x_exti.o
    0x08001dd4   0x08001dd4   0x00000040   Code   RO         1273    i.GPIO_EXTILineConfig  stm32f10x_gpio.o
    0x08001e14   0x08001e14   0x00000116   Code   RO         1276    i.GPIO_Init         stm32f10x_gpio.o
    0x08001f2a   0x08001f2a   0x00000012   Code   RO         1280    i.GPIO_ReadInputDataBit  stm32f10x_gpio.o
    0x08001f3c   0x08001f3c   0x00000004   Code   RO         1283    i.GPIO_ResetBits    stm32f10x_gpio.o
    0x08001f40   0x08001f40   0x00000004   Code   RO         1284    i.GPIO_SetBits      stm32f10x_gpio.o
    0x08001f44   0x08001f44   0x0000000a   Code   RO         1287    i.GPIO_WriteBit     stm32f10x_gpio.o
    0x08001f4e   0x08001f4e   0x00000002   PAD
    0x08001f50   0x08001f50   0x00000090   Code   RO         3627    i.Get_Temp          ds18b20.o
    0x08001fe0   0x08001fe0   0x000000a0   Code   RO         3684    i.HCSR04_GetValue   hcsr04.o
    0x08002080   0x08002080   0x000000d0   Code   RO         3685    i.HCSR04_Init       hcsr04.o
    0x08002150   0x08002150   0x00000028   Code   RO         3686    i.HCSR04_Start      hcsr04.o
    0x08002178   0x08002178   0x00000004   Code   RO         3768    i.HardFault_Handler  stm32f10x_it.o
    0x0800217c   0x0800217c   0x00000168   Code   RO         3421    i.Key_Init          key.o
    0x080022e4   0x080022e4   0x000000d0   Code   RO         3422    i.Key_Scan          key.o
    0x080023b4   0x080023b4   0x00000034   Code   RO         3388    i.LED_Init          led.o
    0x080023e8   0x080023e8   0x00000004   Code   RO         3769    i.MemManage_Handler  stm32f10x_it.o
    0x080023ec   0x080023ec   0x00000030   Code   RO         3463    i.Motor_Init        motor.o
    0x0800241c   0x0800241c   0x00000040   Code   RO         3464    i.Motor_SetSpeed    motor.o
    0x0800245c   0x0800245c   0x00000020   Code   RO         3465    i.Motor_Stop        motor.o
    0x0800247c   0x0800247c   0x00000002   Code   RO         3770    i.NMI_Handler       stm32f10x_it.o
    0x0800247e   0x0800247e   0x00000002   PAD
    0x08002480   0x08002480   0x00000070   Code   RO            1    i.NVIC_Init         misc.o
    0x080024f0   0x080024f0   0x00000014   Code   RO            2    i.NVIC_PriorityGroupConfig  misc.o
    0x08002504   0x08002504   0x00000028   Code   RO         3502    i.NVIC_SetPriority  servo.o
    0x0800252c   0x0800252c   0x0000002a   Code   RO         3280    i.OLED_Clear        oled.o
    0x08002556   0x08002556   0x00000002   PAD
    0x08002558   0x08002558   0x00000050   Code   RO         3281    i.OLED_I2C_Init     oled.o
    0x080025a8   0x080025a8   0x0000005c   Code   RO         3282    i.OLED_I2C_SendByte  oled.o
    0x08002604   0x08002604   0x00000034   Code   RO         3283    i.OLED_I2C_Start    oled.o
    0x08002638   0x08002638   0x00000028   Code   RO         3284    i.OLED_I2C_Stop     oled.o
    0x08002660   0x08002660   0x000000ae   Code   RO         3285    i.OLED_Init         oled.o
    0x0800270e   0x0800270e   0x00000014   Code   RO         3286    i.OLED_Pow          oled.o
    0x08002722   0x08002722   0x00000022   Code   RO         3287    i.OLED_SetCursor    oled.o
    0x08002744   0x08002744   0x00000074   Code   RO         3289    i.OLED_ShowChar     oled.o
    0x080027b8   0x080027b8   0x00000044   Code   RO         3291    i.OLED_ShowNum      oled.o
    0x080027fc   0x080027fc   0x00000028   Code   RO         3293    i.OLED_ShowString   oled.o
    0x08002824   0x08002824   0x00000020   Code   RO         3294    i.OLED_WriteCommand  oled.o
    0x08002844   0x08002844   0x00000020   Code   RO         3295    i.OLED_WriteData    oled.o
    0x08002864   0x08002864   0x00000094   Code   RO         3466    i.PWM_Init          motor.o
    0x080028f8   0x080028f8   0x00000014   Code   RO         3467    i.PWM_SetCompare    motor.o
    0x0800290c   0x0800290c   0x00000014   Code   RO         3503    i.PWM_SetCompare1   servo.o
    0x08002920   0x08002920   0x00000014   Code   RO         3504    i.PWM_SetCompare2   servo.o
    0x08002934   0x08002934   0x00000120   Code   RO         3224    i.Parse_Command     usart.o
    0x08002a54   0x08002a54   0x00000002   Code   RO         3771    i.PendSV_Handler    stm32f10x_it.o
    0x08002a56   0x08002a56   0x00000002   PAD
    0x08002a58   0x08002a58   0x00000020   Code   RO         1704    i.RCC_APB1PeriphClockCmd  stm32f10x_rcc.o
    0x08002a78   0x08002a78   0x00000020   Code   RO         1706    i.RCC_APB2PeriphClockCmd  stm32f10x_rcc.o
    0x08002a98   0x08002a98   0x000000d4   Code   RO         1714    i.RCC_GetClocksFreq  stm32f10x_rcc.o
    0x08002b6c   0x08002b6c   0x00000048   Code   RO         3628    i.Receive_Bit       ds18b20.o
    0x08002bb4   0x08002bb4   0x00000022   Code   RO         3629    i.Receive_Byte      ds18b20.o
    0x08002bd6   0x08002bd6   0x00000002   Code   RO         3772    i.SVC_Handler       stm32f10x_it.o
    0x08002bd8   0x08002bd8   0x00000060   Code   RO         3630    i.Send_Bit          ds18b20.o
    0x08002c38   0x08002c38   0x0000001e   Code   RO         3631    i.Send_Byte         ds18b20.o
    0x08002c56   0x08002c56   0x00000002   PAD
    0x08002c58   0x08002c58   0x00000030   Code   RO         3225    i.Send_String       usart.o
    0x08002c88   0x08002c88   0x0000000c   Code   RO         3505    i.Servo1_GetAngle   servo.o
    0x08002c94   0x08002c94   0x00000058   Code   RO         3507    i.Servo1_Start      servo.o
    0x08002cec   0x08002cec   0x0000000c   Code   RO         3508    i.Servo1_Stop       servo.o
    0x08002cf8   0x08002cf8   0x000000cc   Code   RO         3512    i.Servo_Init        servo.o
    0x08002dc4   0x08002dc4   0x0000005c   Code   RO         3514    i.Servo_SetAngle    servo.o
    0x08002e20   0x08002e20   0x0000005c   Code   RO         3515    i.Servo_SetAngle1   servo.o
    0x08002e7c   0x08002e7c   0x00000058   Code   RO         3516    i.Servo_Start       servo.o
    0x08002ed4   0x08002ed4   0x0000000c   Code   RO         3517    i.Servo_Stop        servo.o
    0x08002ee0   0x08002ee0   0x00000054   Code   RO         3518    i.Servo_SysTick_Init  servo.o
    0x08002f34   0x08002f34   0x00000008   Code   RO         3143    i.SetSysClock       system_stm32f10x.o
    0x08002f3c   0x08002f3c   0x000000e0   Code   RO         3144    i.SetSysClockTo72   system_stm32f10x.o
    0x0800301c   0x0800301c   0x00000188   Code   RO         3519    i.SysTick_Handler   servo.o
    0x080031a4   0x080031a4   0x00000060   Code   RO         3146    i.SystemInit        system_stm32f10x.o
    0x08003204   0x08003204   0x00000080   Code   RO         2334    i.TI1_Config        stm32f10x_tim.o
    0x08003284   0x08003284   0x00000098   Code   RO         2335    i.TI2_Config        stm32f10x_tim.o
    0x0800331c   0x0800331c   0x00000090   Code   RO         2336    i.TI3_Config        stm32f10x_tim.o
    0x080033ac   0x080033ac   0x00000098   Code   RO         2337    i.TI4_Config        stm32f10x_tim.o
    0x08003444   0x08003444   0x00000064   Code   RO         3687    i.TIM2_IRQHandler   hcsr04.o
    0x080034a8   0x080034a8   0x00000018   Code   RO         2338    i.TIM_ARRPreloadConfig  stm32f10x_tim.o
    0x080034c0   0x080034c0   0x00000006   Code   RO         2345    i.TIM_ClearITPendingBit  stm32f10x_tim.o
    0x080034c6   0x080034c6   0x00000018   Code   RO         2350    i.TIM_Cmd           stm32f10x_tim.o
    0x080034de   0x080034de   0x00000006   Code   RO         2365    i.TIM_GetCapture1   stm32f10x_tim.o
    0x080034e4   0x080034e4   0x00000022   Code   RO         2371    i.TIM_GetITStatus   stm32f10x_tim.o
    0x08003506   0x08003506   0x00000002   PAD
    0x08003508   0x08003508   0x000000ac   Code   RO         2373    i.TIM_ICInit        stm32f10x_tim.o
    0x080035b4   0x080035b4   0x00000012   Code   RO         2375    i.TIM_ITConfig      stm32f10x_tim.o
    0x080035c6   0x080035c6   0x0000000c   Code   RO         2377    i.TIM_InternalClockConfig  stm32f10x_tim.o
    0x080035d2   0x080035d2   0x00000002   PAD
    0x080035d4   0x080035d4   0x00000098   Code   RO         2379    i.TIM_OC1Init       stm32f10x_tim.o
    0x0800366c   0x0800366c   0x00000012   Code   RO         2381    i.TIM_OC1PolarityConfig  stm32f10x_tim.o
    0x0800367e   0x0800367e   0x00000012   Code   RO         2382    i.TIM_OC1PreloadConfig  stm32f10x_tim.o
    0x08003690   0x08003690   0x000000a4   Code   RO         2384    i.TIM_OC2Init       stm32f10x_tim.o
    0x08003734   0x08003734   0x0000001a   Code   RO         2387    i.TIM_OC2PreloadConfig  stm32f10x_tim.o
    0x0800374e   0x0800374e   0x00000014   Code   RO         2397    i.TIM_OCStructInit  stm32f10x_tim.o
    0x08003762   0x08003762   0x00000004   Code   RO         2411    i.TIM_SetCompare1   stm32f10x_tim.o
    0x08003766   0x08003766   0x00000004   Code   RO         2412    i.TIM_SetCompare2   stm32f10x_tim.o
    0x0800376a   0x0800376a   0x00000012   Code   RO         2416    i.TIM_SetIC1Prescaler  stm32f10x_tim.o
    0x0800377c   0x0800377c   0x0000001a   Code   RO         2417    i.TIM_SetIC2Prescaler  stm32f10x_tim.o
    0x08003796   0x08003796   0x00000012   Code   RO         2418    i.TIM_SetIC3Prescaler  stm32f10x_tim.o
    0x080037a8   0x080037a8   0x0000001a   Code   RO         2419    i.TIM_SetIC4Prescaler  stm32f10x_tim.o
    0x080037c2   0x080037c2   0x00000002   PAD
    0x080037c4   0x080037c4   0x000000a4   Code   RO         2421    i.TIM_TimeBaseInit  stm32f10x_tim.o
    0x08003868   0x08003868   0x00000078   Code   RO         3226    i.USART2_IRQHandler  usart.o
    0x080038e0   0x080038e0   0x000000a8   Code   RO         3227    i.USART_BLUE_Init   usart.o
    0x08003988   0x08003988   0x0000001e   Code   RO         2886    i.USART_ClearITPendingBit  stm32f10x_usart.o
    0x080039a6   0x080039a6   0x00000018   Code   RO         2889    i.USART_Cmd         stm32f10x_usart.o
    0x080039be   0x080039be   0x0000001a   Code   RO         2892    i.USART_GetFlagStatus  stm32f10x_usart.o
    0x080039d8   0x080039d8   0x00000054   Code   RO         2893    i.USART_GetITStatus  stm32f10x_usart.o
    0x08003a2c   0x08003a2c   0x0000004a   Code   RO         2895    i.USART_ITConfig    stm32f10x_usart.o
    0x08003a76   0x08003a76   0x00000002   PAD
    0x08003a78   0x08003a78   0x000000d8   Code   RO         2896    i.USART_Init        stm32f10x_usart.o
    0x08003b50   0x08003b50   0x0000000a   Code   RO         2903    i.USART_ReceiveData  stm32f10x_usart.o
    0x08003b5a   0x08003b5a   0x00000008   Code   RO         2906    i.USART_SendData    stm32f10x_usart.o
    0x08003b62   0x08003b62   0x00000004   Code   RO         3773    i.UsageFault_Handler  stm32f10x_it.o
    0x08003b66   0x08003b66   0x00000028   Code   RO         4068    i.__ARM_fpclassify  m_ws.l(fpclassify.o)
    0x08003b8e   0x08003b8e   0x0000000e   Code   RO         3934    i._is_digit         c_w.l(__printf_wp.o)
    0x08003b9c   0x08003b9c   0x00000390   Code   RO         3720    i.main              main.o
    0x08003f2c   0x08003f2c   0x0000002c   Code   RO         4056    locale$$code        c_w.l(lc_numeric_c.o)
    0x08003f58   0x08003f58   0x0000002c   Code   RO         4076    locale$$code        c_w.l(lc_ctype_c.o)
    0x08003f84   0x08003f84   0x000002b0   Code   RO         3834    x$fpl$ddiv          fz_ws.l(ddiv.o)
    0x08004234   0x08004234   0x0000005a   Code   RO         3837    x$fpl$dfixu         fz_ws.l(dfixu.o)
    0x0800428e   0x0800428e   0x00000026   Code   RO         3841    x$fpl$dfltu         fz_ws.l(dflt_clz.o)
    0x080042b4   0x080042b4   0x00000154   Code   RO         3847    x$fpl$dmul          fz_ws.l(dmul.o)
    0x08004408   0x08004408   0x0000009c   Code   RO         3967    x$fpl$dnaninf       fz_ws.l(dnaninf.o)
    0x080044a4   0x080044a4   0x0000000c   Code   RO         3969    x$fpl$dretinf       fz_ws.l(dretinf.o)
    0x080044b0   0x080044b0   0x000000c4   Code   RO         3849    x$fpl$fadd          fz_ws.l(faddsub_clz.o)
    0x08004574   0x08004574   0x00000018   Code   RO         3971    x$fpl$fcmpinf       fz_ws.l(fcmpi.o)
    0x0800458c   0x0800458c   0x00000184   Code   RO         3856    x$fpl$fdiv          fz_ws.l(fdiv.o)
    0x08004710   0x08004710   0x0000003e   Code   RO         3859    x$fpl$ffixu         fz_ws.l(ffixu.o)
    0x0800474e   0x0800474e   0x00000002   PAD
    0x08004750   0x08004750   0x00000030   Code   RO         3864    x$fpl$fflt          fz_ws.l(fflt_clz.o)
    0x08004780   0x08004780   0x00000068   Code   RO         3869    x$fpl$fleqf         fz_ws.l(fleqf.o)
    0x080047e8   0x080047e8   0x00000102   Code   RO         3871    x$fpl$fmul          fz_ws.l(fmul.o)
    0x080048ea   0x080048ea   0x0000008c   Code   RO         3973    x$fpl$fnaninf       fz_ws.l(fnaninf.o)
    0x08004976   0x08004976   0x0000000a   Code   RO         3975    x$fpl$fretinf       fz_ws.l(fretinf.o)
    0x08004980   0x08004980   0x00000062   Code   RO         3873    x$fpl$frleqf        fz_ws.l(frleqf.o)
    0x080049e2   0x080049e2   0x00000002   PAD
    0x080049e4   0x080049e4   0x000000ea   Code   RO         3851    x$fpl$fsub          fz_ws.l(faddsub_clz.o)
    0x08004ace   0x08004ace   0x00000004   Code   RO         3977    x$fpl$printf1       fz_ws.l(printf1.o)
    0x08004ad2   0x08004ad2   0x00000004   Code   RO         3979    x$fpl$printf2       fz_ws.l(printf2.o)
    0x08004ad6   0x08004ad6   0x00000000   Code   RO         3985    x$fpl$usenofp       fz_ws.l(usenofp.o)
    0x08004ad6   0x08004ad6   0x000005f0   Data   RO         3296    .constdata          oled.o
    0x080050c6   0x080050c6   0x00000002   PAD
    0x080050c8   0x080050c8   0x00000008   Data   RO         3893    .constdata          c_w.l(_printf_wctomb.o)
    0x080050d0   0x080050d0   0x00000028   Data   RO         3922    .constdata          c_w.l(_printf_hex_int_ll_ptr.o)
    0x080050f8   0x080050f8   0x00000011   Data   RO         3942    .constdata          c_w.l(__printf_flags_ss_wp.o)
    0x08005109   0x08005109   0x00000026   Data   RO         4008    .constdata          c_w.l(_printf_fp_hex.o)
    0x0800512f   0x0800512f   0x00000001   PAD
    0x08005130   0x08005130   0x00000094   Data   RO         4031    .constdata          c_w.l(bigflt0.o)
    0x080051c4   0x080051c4   0x00000020   Data   RO         4202    Region$$Table       anon$$obj.o
    0x080051e4   0x080051e4   0x0000001c   Data   RO         4055    locale$$data        c_w.l(lc_numeric_c.o)
    0x08005200   0x08005200   0x00000110   Data   RO         4075    locale$$data        c_w.l(lc_ctype_c.o)


    Execution Region RW_IRAM1 (Exec base: 0x20000000, Load base: 0x08005310, Size: 0x00000720, Max: 0x00005000, ABSOLUTE)

    Exec Addr    Load Addr    Size         Type   Attr      Idx    E Section Name        Object

    0x20000000   0x08005310   0x00000014   Data   RW         1734    .data               stm32f10x_rcc.o
    0x20000014   0x08005324   0x00000014   Data   RW         3147    .data               system_stm32f10x.o
    0x20000028   0x08005338   0x00000001   Data   RW         3229    .data               usart.o
    0x20000029   0x08005339   0x00000003   PAD
    0x2000002c   0x0800533c   0x0000000c   Data   RW         3423    .data               key.o
    0x20000038   0x08005348   0x00000014   Data   RW         3520    .data               servo.o
    0x2000004c   0x0800535c   0x00000001   Data   RW         3632    .data               ds18b20.o
    0x2000004d   0x0800535d   0x00000001   PAD
    0x2000004e   0x0800535e   0x00000007   Data   RW         3688    .data               hcsr04.o
    0x20000055   0x08005365   0x00000003   Data   RW         3721    .data               main.o
    0x20000058        -       0x00000064   Zero   RW         3228    .bss                usart.o
    0x200000bc        -       0x00000060   Zero   RW         4071    .bss                c_w.l(libspace.o)
    0x2000011c   0x08005368   0x00000004   PAD
    0x20000120        -       0x00000200   Zero   RW         3137    HEAP                startup_stm32f10x_md.o
    0x20000320        -       0x00000400   Zero   RW         3136    STACK               startup_stm32f10x_md.o


==============================================================================

Image component sizes


      Code (inc. data)   RO Data    RW Data    ZI Data      Debug   Object Name

        44          6          0          0          0        444   beep.o
         0          0          0          0          0         32   core_cm3.o
        48          0          0          0          0        910   delay.o
       540         38          0          1          0       4249   ds18b20.o
       508         52          0          7          0       2408   hcsr04.o
       652         32          0         12          0       2877   key.o
        52          6          0          0          0        439   led.o
       912        168          0          3          0       1272   main.o
       132         22          0          0          0     254695   misc.o
       312         34          0          0          0       2415   motor.o
       822         22       1520          0          0       7197   oled.o
      1156        184          0         20          0      22420   servo.o
        64         26        236          0       1536        764   startup_stm32f10x_md.o
         0          0          0          0          0       1636   stm32f10x_adc.o
       200         18          0          0          0       4108   stm32f10x_exti.o
       378          4          0          0          0      12862   stm32f10x_gpio.o
        24          0          0          0          0       3148   stm32f10x_it.o
       276         32          0         20          0      12954   stm32f10x_rcc.o
      1530        180          0          0          0      34855   stm32f10x_tim.o
       472          6          0          0          0      12383   stm32f10x_usart.o
       328         28          0         20          0       2129   system_stm32f10x.o
       660        178          0          1        100       4295   usart.o

    ----------------------------------------------------------------------
      9130       1036       1790         88       1636     388492   Object Totals
         0          0         32          0          0          0   (incl. Generated)
        20          0          2          4          0          0   (incl. Padding)

    ----------------------------------------------------------------------

      Code (inc. data)   RO Data    RW Data    ZI Data      Debug   Library Member Name

         8          0          0          0          0         68   __main.o
       392          4         17          0          0         92   __printf_flags_ss_wp.o
        14          0          0          0          0         68   __printf_wp.o
         0          0          0          0          0          0   __rtentry.o
        12          0          0          0          0          0   __rtentry2.o
         6          0          0          0          0          0   __rtentry4.o
        52          8          0          0          0          0   __scatter.o
        26          0          0          0          0          0   __scatter_copy.o
        28          0          0          0          0          0   __scatter_zi.o
         6          0          0          0          0          0   _printf_a.o
         6          0          0          0          0          0   _printf_c.o
        44          0          0          0          0        108   _printf_char.o
        48          6          0          0          0         96   _printf_char_common.o
        40          0          0          0          0         68   _printf_charcount.o
         6          0          0          0          0          0   _printf_d.o
       120         16          0          0          0         92   _printf_dec.o
         6          0          0          0          0          0   _printf_e.o
         6          0          0          0          0          0   _printf_f.o
      1054          0          0          0          0        216   _printf_fp_dec.o
       764          8         38          0          0        100   _printf_fp_hex.o
       128         16          0          0          0         84   _printf_fp_infnan.o
         6          0          0          0          0          0   _printf_g.o
       148          4         40          0          0        160   _printf_hex_int_ll_ptr.o
         6          0          0          0          0          0   _printf_i.o
       178          0          0          0          0         88   _printf_intcommon.o
        10          0          0          0          0          0   _printf_l.o
         6          0          0          0          0          0   _printf_lc.o
        10          0          0          0          0          0   _printf_ll.o
         6          0          0          0          0          0   _printf_lld.o
         6          0          0          0          0          0   _printf_lli.o
         6          0          0          0          0          0   _printf_llo.o
         6          0          0          0          0          0   _printf_llu.o
         6          0          0          0          0          0   _printf_llx.o
       124         16          0          0          0         92   _printf_longlong_dec.o
         6          0          0          0          0          0   _printf_ls.o
         6          0          0          0          0          0   _printf_n.o
         6          0          0          0          0          0   _printf_o.o
       112         10          0          0          0        124   _printf_oct_int_ll.o
         6          0          0          0          0          0   _printf_p.o
        78          0          0          0          0        108   _printf_pad.o
         0          0          0          0          0          0   _printf_percent.o
         4          0          0          0          0          0   _printf_percent_end.o
         6          0          0          0          0          0   _printf_s.o
        82          0          0          0          0         80   _printf_str.o
        36          0          0          0          0         84   _printf_truncate.o
         6          0          0          0          0          0   _printf_u.o
        44          0          0          0          0        108   _printf_wchar.o
       188          6          8          0          0         92   _printf_wctomb.o
         6          0          0          0          0          0   _printf_x.o
        10          0          0          0          0         68   _sputc.o
        64          0          0          0          0         92   _wcrtomb.o
       228          4        148          0          0         96   bigflt0.o
      1936        128          0          0          0        672   btod.o
        18          0          0          0          0         80   exit.o
         6          0          0          0          0        152   heapauxi.o
         0          0          0          0          0          0   indicate_semi.o
        44         10        272          0          0         76   lc_ctype_c.o
        44         10         28          0          0         76   lc_numeric_c.o
         2          0          0          0          0          0   libinit.o
        30          0          0          0          0          0   libinit2.o
         2          0          0          0          0          0   libshutdown.o
         2          0          0          0          0          0   libshutdown2.o
         8          4          0          0         96         68   libspace.o
       138          0          0          0          0         80   lludiv10.o
        16          4          0          0          0         76   rt_ctype_table.o
         8          4          0          0          0         68   rt_locale_intlibspace.o
         2          0          0          0          0          0   rtexit.o
        10          0          0          0          0          0   rtexit2.o
       128          0          0          0          0         68   strcmpv7m.o
       150          0          0          0          0         80   strncmp.o
        12          4          0          0          0         68   sys_exit.o
        74          0          0          0          0         80   sys_stackheap_outer.o
         2          0          0          0          0         68   use_no_semi.o
        36          4          0          0          0         76   vsprintf.o
       688        140          0          0          0        208   ddiv.o
        90          4          0          0          0         92   dfixu.o
        38          0          0          0          0         68   dflt_clz.o
       340         12          0          0          0        104   dmul.o
       156          4          0          0          0         92   dnaninf.o
        12          0          0          0          0         68   dretinf.o
       430          8          0          0          0        168   faddsub_clz.o
        24          0          0          0          0         68   fcmpi.o
       388         76          0          0          0         96   fdiv.o
        62          4          0          0          0         84   ffixu.o
        48          0          0          0          0         68   fflt_clz.o
       104          4          0          0          0         84   fleqf.o
       258          4          0          0          0         84   fmul.o
       140          4          0          0          0         84   fnaninf.o
        10          0          0          0          0         68   fretinf.o
        98          0          0          0          0         68   frleqf.o
         4          0          0          0          0         68   printf1.o
         4          0          0          0          0         68   printf2.o
         0          0          0          0          0          0   usenofp.o
        40          0          0          0          0         68   fpclassify.o

    ----------------------------------------------------------------------
      9792        526        552          0        100       5680   Library Totals
        18          0          1          0          4          0   (incl. Padding)

    ----------------------------------------------------------------------

      Code (inc. data)   RO Data    RW Data    ZI Data      Debug   Library Name

      6840        266        551          0         96       3972   c_w.l
      2894        260          0          0          0       1640   fz_ws.l
        40          0          0          0          0         68   m_ws.l

    ----------------------------------------------------------------------
      9792        526        552          0        100       5680   Library Totals

    ----------------------------------------------------------------------

==============================================================================


      Code (inc. data)   RO Data    RW Data    ZI Data      Debug   

     18922       1562       2342         88       1736     385224   Grand Totals
     18922       1562       2342         88       1736     385224   ELF Image Totals
     18922       1562       2342         88          0          0   ROM Totals

==============================================================================

    Total RO  Size (Code + RO Data)                21264 (  20.77kB)
    Total RW  Size (RW Data + ZI Data)              1824 (   1.78kB)
    Total ROM Size (Code + RO Data + RW Data)      21352 (  20.85kB)

==============================================================================

