Component: ARM Compiler 5.06 update 6 (build 750) Tool: armlink [4d35ed]

==============================================================================

Section Cross References

    stm32f10x_adc.o(i.ADC_DeInit) refers to stm32f10x_rcc.o(i.RCC_APB2PeriphResetCmd) for RCC_APB2PeriphResetCmd
    stm32f10x_bkp.o(i.BKP_DeInit) refers to stm32f10x_rcc.o(i.RCC_BackupResetCmd) for RCC_BackupResetCmd
    stm32f10x_can.o(i.CAN_DeInit) refers to stm32f10x_rcc.o(i.RCC_APB1PeriphResetCmd) for RCC_APB1PeriphResetCmd
    stm32f10x_can.o(i.CAN_GetITStatus) refers to stm32f10x_can.o(i.CheckITStatus) for CheckITStatus
    stm32f10x_cec.o(i.CEC_DeInit) refers to stm32f10x_rcc.o(i.RCC_APB1PeriphResetCmd) for RCC_APB1PeriphResetCmd
    stm32f10x_dac.o(i.DAC_DeInit) refers to stm32f10x_rcc.o(i.RCC_APB1PeriphResetCmd) for RCC_APB1PeriphResetCmd
    stm32f10x_flash.o(i.FLASH_EnableWriteProtection) refers to stm32f10x_flash.o(i.FLASH_WaitForLastOperation) for FLASH_WaitForLastOperation
    stm32f10x_flash.o(i.FLASH_EraseAllBank1Pages) refers to stm32f10x_flash.o(i.FLASH_WaitForLastBank1Operation) for FLASH_WaitForLastBank1Operation
    stm32f10x_flash.o(i.FLASH_EraseAllPages) refers to stm32f10x_flash.o(i.FLASH_WaitForLastOperation) for FLASH_WaitForLastOperation
    stm32f10x_flash.o(i.FLASH_EraseOptionBytes) refers to stm32f10x_flash.o(i.FLASH_GetReadOutProtectionStatus) for FLASH_GetReadOutProtectionStatus
    stm32f10x_flash.o(i.FLASH_EraseOptionBytes) refers to stm32f10x_flash.o(i.FLASH_WaitForLastOperation) for FLASH_WaitForLastOperation
    stm32f10x_flash.o(i.FLASH_ErasePage) refers to stm32f10x_flash.o(i.FLASH_WaitForLastOperation) for FLASH_WaitForLastOperation
    stm32f10x_flash.o(i.FLASH_ProgramHalfWord) refers to stm32f10x_flash.o(i.FLASH_WaitForLastOperation) for FLASH_WaitForLastOperation
    stm32f10x_flash.o(i.FLASH_ProgramOptionByteData) refers to stm32f10x_flash.o(i.FLASH_WaitForLastOperation) for FLASH_WaitForLastOperation
    stm32f10x_flash.o(i.FLASH_ProgramWord) refers to stm32f10x_flash.o(i.FLASH_WaitForLastOperation) for FLASH_WaitForLastOperation
    stm32f10x_flash.o(i.FLASH_ReadOutProtection) refers to stm32f10x_flash.o(i.FLASH_WaitForLastOperation) for FLASH_WaitForLastOperation
    stm32f10x_flash.o(i.FLASH_UserOptionByteConfig) refers to stm32f10x_flash.o(i.FLASH_WaitForLastOperation) for FLASH_WaitForLastOperation
    stm32f10x_flash.o(i.FLASH_WaitForLastBank1Operation) refers to stm32f10x_flash.o(i.FLASH_GetBank1Status) for FLASH_GetBank1Status
    stm32f10x_flash.o(i.FLASH_WaitForLastOperation) refers to stm32f10x_flash.o(i.FLASH_GetBank1Status) for FLASH_GetBank1Status
    stm32f10x_gpio.o(i.GPIO_AFIODeInit) refers to stm32f10x_rcc.o(i.RCC_APB2PeriphResetCmd) for RCC_APB2PeriphResetCmd
    stm32f10x_gpio.o(i.GPIO_DeInit) refers to stm32f10x_rcc.o(i.RCC_APB2PeriphResetCmd) for RCC_APB2PeriphResetCmd
    stm32f10x_i2c.o(i.I2C_DeInit) refers to stm32f10x_rcc.o(i.RCC_APB1PeriphResetCmd) for RCC_APB1PeriphResetCmd
    stm32f10x_i2c.o(i.I2C_Init) refers to stm32f10x_rcc.o(i.RCC_GetClocksFreq) for RCC_GetClocksFreq
    stm32f10x_pwr.o(i.PWR_DeInit) refers to stm32f10x_rcc.o(i.RCC_APB1PeriphResetCmd) for RCC_APB1PeriphResetCmd
    stm32f10x_rcc.o(i.RCC_GetClocksFreq) refers to stm32f10x_rcc.o(.data) for APBAHBPrescTable
    stm32f10x_rcc.o(i.RCC_WaitForHSEStartUp) refers to stm32f10x_rcc.o(i.RCC_GetFlagStatus) for RCC_GetFlagStatus
    stm32f10x_rtc.o(i.RTC_SetAlarm) refers to stm32f10x_rtc.o(i.RTC_EnterConfigMode) for RTC_EnterConfigMode
    stm32f10x_rtc.o(i.RTC_SetAlarm) refers to stm32f10x_rtc.o(i.RTC_ExitConfigMode) for RTC_ExitConfigMode
    stm32f10x_rtc.o(i.RTC_SetCounter) refers to stm32f10x_rtc.o(i.RTC_EnterConfigMode) for RTC_EnterConfigMode
    stm32f10x_rtc.o(i.RTC_SetCounter) refers to stm32f10x_rtc.o(i.RTC_ExitConfigMode) for RTC_ExitConfigMode
    stm32f10x_rtc.o(i.RTC_SetPrescaler) refers to stm32f10x_rtc.o(i.RTC_EnterConfigMode) for RTC_EnterConfigMode
    stm32f10x_rtc.o(i.RTC_SetPrescaler) refers to stm32f10x_rtc.o(i.RTC_ExitConfigMode) for RTC_ExitConfigMode
    stm32f10x_spi.o(i.I2S_Init) refers to stm32f10x_rcc.o(i.RCC_GetClocksFreq) for RCC_GetClocksFreq
    stm32f10x_spi.o(i.SPI_I2S_DeInit) refers to stm32f10x_rcc.o(i.RCC_APB2PeriphResetCmd) for RCC_APB2PeriphResetCmd
    stm32f10x_spi.o(i.SPI_I2S_DeInit) refers to stm32f10x_rcc.o(i.RCC_APB1PeriphResetCmd) for RCC_APB1PeriphResetCmd
    stm32f10x_tim.o(i.TIM_DeInit) refers to stm32f10x_rcc.o(i.RCC_APB2PeriphResetCmd) for RCC_APB2PeriphResetCmd
    stm32f10x_tim.o(i.TIM_DeInit) refers to stm32f10x_rcc.o(i.RCC_APB1PeriphResetCmd) for RCC_APB1PeriphResetCmd
    stm32f10x_tim.o(i.TIM_ETRClockMode1Config) refers to stm32f10x_tim.o(i.TIM_ETRConfig) for TIM_ETRConfig
    stm32f10x_tim.o(i.TIM_ETRClockMode2Config) refers to stm32f10x_tim.o(i.TIM_ETRConfig) for TIM_ETRConfig
    stm32f10x_tim.o(i.TIM_ICInit) refers to stm32f10x_tim.o(i.TI1_Config) for TI1_Config
[...]
    i.SysTick_Handler                        0x08002e68   Section        0  servo.o(i.SysTick_Handler)
    i.SystemInit                             0x08002ff0   Section        0  system_stm32f10x.o(i.SystemInit)
    i.TI1_Config                             0x08003050   Section        0  stm32f10x_tim.o(i.TI1_Config)
    TI1_Config                               0x08003051   Thumb Code   108  stm32f10x_tim.o(i.TI1_Config)
    i.TI2_Config                             0x080030d0   Section        0  stm32f10x_tim.o(i.TI2_Config)
    TI2_Config                               0x080030d1   Thumb Code   130  stm32f10x_tim.o(i.TI2_Config)
    i.TI3_Config                             0x08003168   Section        0  stm32f10x_tim.o(i.TI3_Config)
    TI3_Config                               0x08003169   Thumb Code   122  stm32f10x_tim.o(i.TI3_Config)
    i.TI4_Config                             0x080031f8   Section        0  stm32f10x_tim.o(i.TI4_Config)
    TI4_Config                               0x080031f9   Thumb Code   130  stm32f10x_tim.o(i.TI4_Config)
    i.TIM2_IRQHandler                        0x08003290   Section        0  hcsr04.o(i.TIM2_IRQHandler)
    i.TIM_ARRPreloadConfig                   0x080032f4   Section        0  stm32f10x_tim.o(i.TIM_ARRPreloadConfig)
    i.TIM_ClearITPendingBit                  0x0800330c   Section        0  stm32f10x_tim.o(i.TIM_ClearITPendingBit)
    i.TIM_Cmd                                0x08003312   Section        0  stm32f10x_tim.o(i.TIM_Cmd)
    i.TIM_GetCapture1                        0x0800332a   Section        0  stm32f10x_tim.o(i.TIM_GetCapture1)
    i.TIM_GetITStatus                        0x08003330   Section        0  stm32f10x_tim.o(i.TIM_GetITStatus)
    i.TIM_ICInit                             0x08003354   Section        0  stm32f10x_tim.o(i.TIM_ICInit)
    i.TIM_ITConfig                           0x08003400   Section        0  stm32f10x_tim.o(i.TIM_ITConfig)
    i.TIM_InternalClockConfig                0x08003412   Section        0  stm32f10x_tim.o(i.TIM_InternalClockConfig)
    i.TIM_OC1Init                            0x08003420   Section        0  stm32f10x_tim.o(i.TIM_OC1Init)
    i.TIM_OC1PolarityConfig                  0x080034b8   Section        0  stm32f10x_tim.o(i.TIM_OC1PolarityConfig)
    i.TIM_OC1PreloadConfig                   0x080034ca   Section        0  stm32f10x_tim.o(i.TIM_OC1PreloadConfig)
    i.TIM_OC2Init                            0x080034dc   Section        0  stm32f10x_tim.o(i.TIM_OC2Init)
    i.TIM_OC2PreloadConfig                   0x08003580   Section        0  stm32f10x_tim.o(i.TIM_OC2PreloadConfig)
    i.TIM_OCStructInit                       0x0800359a   Section        0  stm32f10x_tim.o(i.TIM_OCStructInit)
    i.TIM_SetCompare1                        0x080035ae   Section        0  stm32f10x_tim.o(i.TIM_SetCompare1)
    i.TIM_SetCompare2                        0x080035b2   Section        0  stm32f10x_tim.o(i.TIM_SetCompare2)
    i.TIM_SetIC1Prescaler                    0x080035b6   Section        0  stm32f10x_tim.o(i.TIM_SetIC1Prescaler)
    i.TIM_SetIC2Prescaler                    0x080035c8   Section        0  stm32f10x_tim.o(i.TIM_SetIC2Prescaler)
    i.TIM_SetIC3Prescaler                    0x080035e2   Section        0  stm32f10x_tim.o(i.TIM_SetIC3Prescaler)
    i.TIM_SetIC4Prescaler                    0x080035f4   Section        0  stm32f10x_tim.o(i.TIM_SetIC4Prescaler)
    i.TIM_TimeBaseInit                       0x08003610   Section        0  stm32f10x_tim.o(i.TIM_TimeBaseInit)
    i.USART2_IRQHandler                      0x080036b4   Section        0  usart.o(i.USART2_IRQHandler)
    i.USART_BLUE_Init                        0x080036d4   Section        0  usart.o(i.USART_BLUE_Init)
    i.USART_ClearITPendingBit                0x0800377c   Section        0  stm32f10x_usart.o(i.USART_ClearITPendingBit)
    i.USART_Cmd                              0x0800379a   Section        0  stm32f10x_usart.o(i.USART_Cmd)
    i.USART_GetFlagStatus                    0x080037b2   Section        0  stm32f10x_usart.o(i.USART_GetFlagStatus)
    i.USART_GetITStatus                      0x080037cc   Section        0  stm32f10x_usart.o(i.USART_GetITStatus)
    i.USART_ITConfig                         0x08003820   Section        0  stm32f10x_usart.o(i.USART_ITConfig)
    i.USART_Init                             0x0800386c   Section        0  stm32f10x_usart.o(i.USART_Init)
    i.USART_SendData                         0x08003944   Section        0  stm32f10x_usart.o(i.USART_SendData)
    i.UsageFault_Handler                     0x0800394c   Section        0  stm32f10x_it.o(i.UsageFault_Handler)
    i.__ARM_fpclassify                       0x08003950   Section        0  fpclassify.o(i.__ARM_fpclassify)
    i._is_digit                              0x08003978   Section        0  __printf_wp.o(i._is_digit)
    i.main                                   0x08003988   Section        0  main.o(i.main)
    locale$$code                             0x08003d10   Section       44  lc_numeric_c.o(locale$$code)
    locale$$code                             0x08003d3c   Section       44  lc_ctype_c.o(locale$$code)
    x$fpl$ddiv                               0x08003d68   Section      688  ddiv.o(x$fpl$ddiv)
    ddiv_entry                               0x08003d6f   Thumb Code     0  ddiv.o(x$fpl$ddiv)
    x$fpl$dfixu                              0x08004018   Section       90  dfixu.o(x$fpl$dfixu)
    x$fpl$dfltu                              0x08004072   Section       38  dflt_clz.o(x$fpl$dfltu)
    x$fpl$dmul                               0x08004098   Section      340  dmul.o(x$fpl$dmul)
    x$fpl$dnaninf                            0x080041ec   Section      156  dnaninf.o(x$fpl$dnaninf)
    x$fpl$dretinf                            0x08004288   Section       12  dretinf.o(x$fpl$dretinf)
    x$fpl$fadd                               0x08004294   Section      196  faddsub_clz.o(x$fpl$fadd)
    _fadd1                                   0x080042a3   Thumb Code     0  faddsub_clz.o(x$fpl$fadd)
    x$fpl$fcmpinf                            0x08004358   Section       24  fcmpi.o(x$fpl$fcmpinf)
    x$fpl$fdiv                               0x08004370   Section      388  fdiv.o(x$fpl$fdiv)
    _fdiv1                                   0x08004371   Thumb Code     0  fdiv.o(x$fpl$fdiv)
    x$fpl$ffixu                              0x080044f4   Section       62  ffixu.o(x$fpl$ffixu)
    x$fpl$fflt                               0x08004534   Section       48  fflt_clz.o(x$fpl$fflt)
    x$fpl$fleqf                              0x08004564   Section      104  fleqf.o(x$fpl$fleqf)
    x$fpl$fmul                               0x080045cc   Section      258  fmul.o(x$fpl$fmul)
    x$fpl$fnaninf                            0x080046ce   Section      140  fnaninf.o(x$fpl$fnaninf)
    x$fpl$fretinf                            0x0800475a   Section       10  fretinf.o(x$fpl$fretinf)
    x$fpl$frleqf                             0x08004764   Section       98  frleqf.o(x$fpl$frleqf)
    x$fpl$fsub                               0x080047c8   Section      234  faddsub_clz.o(x$fpl$fsub)
    _fsub1                                   0x080047d7   Thumb Code     0  faddsub_clz.o(x$fpl$fsub)
    x$fpl$printf1                            0x080048b2   Section        4  printf1.o(x$fpl$printf1)
    x$fpl$printf2                            0x080048b6   Section        4  printf2.o(x$fpl$printf2)
    .constdata                               0x080048ba   Section     1520  oled.o(.constdata)
    x$fpl$usenofp                            0x080048ba   Section        0  usenofp.o(x$fpl$usenofp)
    .constdata                               0x08004eac   Section        8  _printf_wctomb.o(.constdata)
    initial_mbstate                          0x08004eac   Data           8  _printf_wctomb.o(.constdata)
    .constdata                               0x08004eb4   Section       40  _printf_hex_int_ll_ptr.o(.constdata)
    uc_hextab                                0x08004eb4   Data          20  _printf_hex_int_ll_ptr.o(.constdata)
    lc_hextab                                0x08004ec8   Data          20  _printf_hex_int_ll_ptr.o(.constdata)
    .constdata                               0x08004edc   Section       17  __printf_flags_ss_wp.o(.constdata)
    maptable                                 0x08004edc   Data          17  __printf_flags_ss_wp.o(.constdata)
    .constdata                               0x08004eed   Section       38  _printf_fp_hex.o(.constdata)
    lc_hextab                                0x08004eed   Data          19  _printf_fp_hex.o(.constdata)
    uc_hextab                                0x08004f00   Data          19  _printf_fp_hex.o(.constdata)
    .constdata                               0x08004f14   Section      148  bigflt0.o(.constdata)
    tenpwrs_x                                0x08004f14   Data          60  bigflt0.o(.constdata)
    tenpwrs_i                                0x08004f50   Data          64  bigflt0.o(.constdata)
    locale$$data                             0x08004fc8   Section       28  lc_numeric_c.o(locale$$data)
    __lcnum_c_name                           0x08004fcc   Data           2  lc_numeric_c.o(locale$$data)
    __lcnum_c_start                          0x08004fd4   Data           0  lc_numeric_c.o(locale$$data)
    __lcnum_c_point                          0x08004fe0   Data           0  lc_numeric_c.o(locale$$data)
    __lcnum_c_thousands                      0x08004fe2   Data           0  lc_numeric_c.o(locale$$data)
    __lcnum_c_grouping                       0x08004fe3   Data           0  lc_numeric_c.o(locale$$data)
    locale$$data                             0x08004fe4   Section      272  lc_ctype_c.o(locale$$data)
    __lcnum_c_end                            0x08004fe4   Data           0  lc_numeric_c.o(locale$$data)
    __lcctype_c_name                         0x08004fe8   Data           2  lc_ctype_c.o(locale$$data)
    __lcctype_c_start                        0x08004ff0   Data           0  lc_ctype_c.o(locale$$data)
    __lcctype_c_end                          0x080050f4   Data           0  lc_ctype_c.o(locale$$data)
    .data                                    0x20000000   Section       20  stm32f10x_rcc.o(.data)
    APBAHBPrescTable                         0x20000000   Data          16  stm32f10x_rcc.o(.data)
    ADCPrescTable                            0x20000010   Data           4  stm32f10x_rcc.o(.data)
    .data                                    0x20000014   Section       20  system_stm32f10x.o(.data)
    .data                                    0x20000028   Section       12  key.o(.data)
    .data                                    0x20000034   Section       20  servo.o(.data)
    servo_angle                              0x20000034   Data           4  servo.o(.data)
    direction                                0x20000038   Data           1  servo.o(.data)
    servo_running                            0x20000039   Data           1  servo.o(.data)
    direction1                               0x2000003a   Data           1  servo.o(.data)
    servo1_running                           0x2000003b   Data           1  servo.o(.data)
    ms_counter1                              0x2000003c   Data           2  servo.o(.data)
    ms_counter                               0x2000003e   Data           2  servo.o(.data)
    systick_total                            0x20000040   Data           4  servo.o(.data)
    servo1_angle                             0x20000044   Data           4  servo.o(.data)
    .data                                    0x20000048   Section        1  ds18b20.o(.data)
    .data                                    0x2000004a   Section        7  hcsr04.o(.data)
    .data                                    0x20000051   Section        3  main.o(.data)
    .bss                                     0x20000054   Section       96  libspace.o(.bss)
    HEAP                                     0x200000b8   Section      512  startup_stm32f10x_md.o(HEAP)
    Heap_Mem                                 0x200000b8   Data         512  startup_stm32f10x_md.o(HEAP)
    STACK                                    0x200002b8   Section     1024  startup_stm32f10x_md.o(STACK)
    Stack_Mem                                0x200002b8   Data        1024  startup_stm32f10x_md.o(STACK)
    __initial_sp                             0x200006b8   Data           0  startup_stm32f10x_md.o(STACK)

    Global Symbols

    Symbol Name                              Value     Ov Type        Size  Object(Section)

    BuildAttributes$$THM_ISAv4$P$D$K$B$S$PE$A:L22UL41UL21$X:L11$S22US41US21$IEEE1$IW$USESV6$~STKCKD$USESV7$~SHL$OTIME$ROPI$IEEEJ$EBA8$UX$STANDARDLIB$REQ8$PRES8$EABIv2 0x00000000   Number         0  anon$$obj.o ABSOLUTE
    __ARM_use_no_argv                        0x00000000   Number         0  main.o ABSOLUTE
    _printf_flags                            0x00000000   Number         0  printf_stubs.o ABSOLUTE
    _printf_return_value                     0x00000000   Number         0  printf_stubs.o ABSOLUTE
    _printf_sizespec                         0x00000000   Number         0  printf_stubs.o ABSOLUTE
    _printf_widthprec                        0x00000000   Number         0  printf_stubs.o ABSOLUTE
    __ARM_exceptions_init                     - Undefined Weak Reference
    __alloca_initialize                       - Undefined Weak Reference
    __arm_preinit_                            - Undefined Weak Reference
    __cpp_initialize__aeabi_                  - Undefined Weak Reference
    __cxa_finalize                            - Undefined Weak Reference
    __sigvec_lookup                           - Undefined Weak Reference
    _atexit_init                              - Undefined Weak Reference
    _call_atexit_fns                          - Undefined Weak Reference
    _clock_init                               - Undefined Weak Reference
    _fp_trap_init                             - Undefined Weak Reference
    _fp_trap_shutdown                         - Undefined Weak Reference
    _get_lc_collate                           - Undefined Weak Reference
    _get_lc_monetary                          - Undefined Weak Reference
    _get_lc_time                              - Undefined Weak Reference
    _getenv_init                              - Undefined Weak Reference
    _handle_redirection                       - Undefined Weak Reference
    _init_alloc                               - Undefined Weak Reference
    _init_user_alloc                          - Undefined Weak Reference
    _initio                                   - Undefined Weak Reference
    _printf_mbtowc                            - Undefined Weak Reference
    _printf_wc                                - Undefined Weak Reference
    _rand_init                                - Undefined Weak Reference
    _signal_finish                            - Undefined Weak Reference
    _signal_init                              - Undefined Weak Reference
    _terminate_alloc                          - Undefined Weak Reference
    _terminate_user_alloc                     - Undefined Weak Reference
    _terminateio                              - Undefined Weak Reference
    __Vectors_Size                           0x000000ec   Number         0  startup_stm32f10x_md.o ABSOLUTE
    __Vectors                                0x08000000   Data           4  startup_stm32f10x_md.o(RESET)
    __Vectors_End                            0x080000ec   Data           0  startup_stm32f10x_md.o(RESET)
    __main                                   0x080000ed   Thumb Code     8  __main.o(!!!main)
    __scatterload                            0x080000f5   Thumb Code     0  __scatter.o(!!!scatter)
    __scatterload_rt2                        0x080000f5   Thumb Code    44  __scatter.o(!!!scatter)
    __scatterload_rt2_thumb_only             0x080000f5   Thumb Code     0  __scatter.o(!!!scatter)
    __scatterload_null                       0x08000103   Thumb Code     0  __scatter.o(!!!scatter)
    __scatterload_copy                       0x08000129   Thumb Code    26  __scatter_copy.o(!!handler_copy)
    __scatterload_zeroinit                   0x08000145   Thumb Code    28  __scatter_zi.o(!!handler_zi)
    _printf_n                                0x08000161   Thumb Code     0  _printf_n.o(.ARM.Collect$$_printf_percent$$00000001)
    _printf_percent                          0x08000161   Thumb Code     0  _printf_percent.o(.ARM.Collect$$_printf_percent$$00000000)
    _printf_p                                0x08000167   Thumb Code     0  _printf_p.o(.ARM.Collect$$_printf_percent$$00000002)
    _printf_f                                0x0800016d   Thumb Code     0  _printf_f.o(.ARM.Collect$$_printf_percent$$00000003)
    _printf_e                                0x08000173   Thumb Code     0  _printf_e.o(.ARM.Collect$$_printf_percent$$00000004)
    _printf_g                                0x08000179   Thumb Code     0  _printf_g.o(.ARM.Collect$$_printf_percent$$00000005)
    _printf_a                                0x0800017f   Thumb Code     0  _printf_a.o(.ARM.Collect$$_printf_percent$$00000006)
    _printf_ll                               0x08000185   Thumb Code     0  _printf_ll.o(.ARM.Collect$$_printf_percent$$00000007)
    _printf_i                                0x0800018f   Thumb Code     0  _printf_i.o(.ARM.Collect$$_printf_percent$$00000008)
    _printf_d                                0x08000195   Thumb Code     0  _printf_d.o(.ARM.Collect$$_printf_percent$$00000009)
    _printf_u                                0x0800019b   Thumb Code     0  _printf_u.o(.ARM.Collect$$_printf_percent$$0000000A)
    _printf_o                                0x080001a1   Thumb Code     0  _printf_o.o(.ARM.Collect$$_printf_percent$$0000000B)
    _printf_x                                0x080001a7   Thumb Code     0  _printf_x.o(.ARM.Collect$$_printf_percent$$0000000C)
    _printf_lli                              0x080001ad   Thumb Code     0  _printf_lli.o(.ARM.Collect$$_printf_percent$$0000000D)
    _printf_lld                              0x080001b3   Thumb Code     0  _printf_lld.o(.ARM.Collect$$_printf_percent$$0000000E)
    _printf_llu                              0x080001b9   Thumb Code     0  _printf_llu.o(.ARM.Collect$$_printf_percent$$0000000F)
    _printf_llo                              0x080001bf   Thumb Code     0  _printf_llo.o(.ARM.Collect$$_printf_percent$$00000010)
    _printf_llx                              0x080001c5   Thumb Code     0  _printf_llx.o(.ARM.Collect$$_printf_percent$$00000011)
    _printf_l                                0x080001cb   Thumb Code     0  _printf_l.o(.ARM.Collect$$_printf_percent$$00000012)
    _printf_c                                0x080001d5   Thumb Code     0  _printf_c.o(.ARM.Collect$$_printf_percent$$00000013)
    _printf_s                                0x080001db   Thumb Code     0  _printf_s.o(.ARM.Collect$$_printf_percent$$00000014)
    _printf_lc                               0x080001e1   Thumb Code     0  _printf_lc.o(.ARM.Collect$$_printf_percent$$00000015)
    _printf_ls                               0x080001e7   Thumb Code     0  _printf_ls.o(.ARM.Collect$$_printf_percent$$00000016)
    _printf_percent_end                      0x080001ed   Thumb Code     0  _printf_percent_end.o(.ARM.Collect$$_printf_percent$$00000017)
    __rt_lib_init                            0x080001f1   Thumb Code     0  libinit.o(.ARM.Collect$$libinit$$00000000)
    __rt_lib_init_fp_1                       0x080001f3   Thumb Code     0  libinit2.o(.ARM.Collect$$libinit$$00000002)
    __rt_lib_init_heap_1                     0x080001f3   Thumb Code     0  libinit2.o(.ARM.Collect$$libinit$$0000000A)
    __rt_lib_init_lc_common                  0x080001f3   Thumb Code     0  libinit2.o(.ARM.Collect$$libinit$$0000000F)
    __rt_lib_init_preinit_1                  0x080001f3   Thumb Code     0  libinit2.o(.ARM.Collect$$libinit$$00000004)
    __rt_lib_init_rand_1                     0x080001f3   Thumb Code     0  libinit2.o(.ARM.Collect$$libinit$$0000000E)
    __rt_lib_init_user_alloc_1               0x080001f3   Thumb Code     0  libinit2.o(.ARM.Collect$$libinit$$0000000C)
    __rt_lib_init_lc_collate_1               0x080001f9   Thumb Code     0  libinit2.o(.ARM.Collect$$libinit$$00000011)
    __rt_lib_init_lc_ctype_2                 0x080001f9   Thumb Code     0  libinit2.o(.ARM.Collect$$libinit$$00000012)
    __rt_lib_init_lc_ctype_1                 0x08000205   Thumb Code     0  libinit2.o(.ARM.Collect$$libinit$$00000013)
    __rt_lib_init_lc_monetary_1              0x08000205   Thumb Code     0  libinit2.o(.ARM.Collect$$libinit$$00000015)
    __rt_lib_init_lc_numeric_2               0x08000205   Thumb Code     0  libinit2.o(.ARM.Collect$$libinit$$00000016)
    __rt_lib_init_alloca_1                   0x0800020f   Thumb Code     0  libinit2.o(.ARM.Collect$$libinit$$0000002E)
    __rt_lib_init_argv_1                     0x0800020f   Thumb Code     0  libinit2.o(.ARM.Collect$$libinit$$0000002C)
    __rt_lib_init_atexit_1                   0x0800020f   Thumb Code     0  libinit2.o(.ARM.Collect$$libinit$$0000001B)
    __rt_lib_init_clock_1                    0x0800020f   Thumb Code     0  libinit2.o(.ARM.Collect$$libinit$$00000021)
    __rt_lib_init_cpp_1                      0x0800020f   Thumb Code     0  libinit2.o(.ARM.Collect$$libinit$$00000032)
    __rt_lib_init_exceptions_1               0x0800020f   Thumb Code     0  libinit2.o(.ARM.Collect$$libinit$$00000030)
    __rt_lib_init_fp_trap_1                  0x0800020f   Thumb Code     0  libinit2.o(.ARM.Collect$$libinit$$0000001F)
    __rt_lib_init_getenv_1                   0x0800020f   Thumb Code     0  libinit2.o(.ARM.Collect$$libinit$$00000023)
    __rt_lib_init_lc_numeric_1               0x0800020f   Thumb Code     0  libinit2.o(.ARM.Collect$$libinit$$00000017)
    __rt_lib_init_lc_time_1                  0x0800020f   Thumb Code     0  libinit2.o(.ARM.Collect$$libinit$$00000019)
    __rt_lib_init_return                     0x0800020f   Thumb Code     0  libinit2.o(.ARM.Collect$$libinit$$00000033)
    __rt_lib_init_signal_1                   0x0800020f   Thumb Code     0  libinit2.o(.ARM.Collect$$libinit$$0000001D)
    __rt_lib_init_stdio_1                    0x0800020f   Thumb Code     0  libinit2.o(.ARM.Collect$$libinit$$00000025)
    __rt_lib_shutdown                        0x08000211   Thumb Code     0  libshutdown.o(.ARM.Collect$$libshutdown$$00000000)
    __rt_lib_shutdown_cpp_1                  0x08000213   Thumb Code     0  libshutdown2.o(.ARM.Collect$$libshutdown$$00000002)
    __rt_lib_shutdown_fp_trap_1              0x08000213   Thumb Code     0  libshutdown2.o(.ARM.Collect$$libshutdown$$00000007)
    __rt_lib_shutdown_heap_1                 0x08000213   Thumb Code     0  libshutdown2.o(.ARM.Collect$$libshutdown$$0000000F)
    __rt_lib_shutdown_return                 0x08000213   Thumb Code     0  libshutdown2.o(.ARM.Collect$$libshutdown$$00000010)
    __rt_lib_shutdown_signal_1               0x08000213   Thumb Code     0  libshutdown2.o(.ARM.Collect$$libshutdown$$0000000A)
    __rt_lib_shutdown_stdio_1                0x08000213   Thumb Code     0  libshutdown2.o(.ARM.Collect$$libshutdown$$00000004)
    __rt_lib_shutdown_user_alloc_1           0x08000213   Thumb Code     0  libshutdown2.o(.ARM.Collect$$libshutdown$$0000000C)
    __rt_entry                               0x08000215   Thumb Code     0  __rtentry.o(.ARM.Collect$$rtentry$$00000000)
    __rt_entry_presh_1                       0x08000215   Thumb Code     0  __rtentry2.o(.ARM.Collect$$rtentry$$00000002)
    __rt_entry_sh                            0x08000215   Thumb Code     0  __rtentry4.o(.ARM.Collect$$rtentry$$00000004)
    __rt_entry_li                            0x0800021b   Thumb Code     0  __rtentry2.o(.ARM.Collect$$rtentry$$0000000A)
    __rt_entry_postsh_1                      0x0800021b   Thumb Code     0  __rtentry2.o(.ARM.Collect$$rtentry$$00000009)
    __rt_entry_main                          0x0800021f   Thumb Code     0  __rtentry2.o(.ARM.Collect$$rtentry$$0000000D)
    __rt_entry_postli_1                      0x0800021f   Thumb Code     0  __rtentry2.o(.ARM.Collect$$rtentry$$0000000C)
    __rt_exit                                0x08000227   Thumb Code     0  rtexit.o(.ARM.Collect$$rtexit$$00000000)
    __rt_exit_ls                             0x08000229   Thumb Code     0  rtexit2.o(.ARM.Collect$$rtexit$$00000003)
    __rt_exit_prels_1                        0x08000229   Thumb Code     0  rtexit2.o(.ARM.Collect$$rtexit$$00000002)
    __rt_exit_exit                           0x0800022d   Thumb Code     0  rtexit2.o(.ARM.Collect$$rtexit$$00000004)
    Reset_Handler                            0x08000235   Thumb Code     8  startup_stm32f10x_md.o(.text)
    ADC1_2_IRQHandler                        0x0800024f   Thumb Code     0  startup_stm32f10x_md.o(.text)
    CAN1_RX1_IRQHandler                      0x0800024f   Thumb Code     0  startup_stm32f10x_md.o(.text)
    CAN1_SCE_IRQHandler                      0x0800024f   Thumb Code     0  startup_stm32f10x_md.o(.text)
    DMA1_Channel1_IRQHandler                 0x0800024f   Thumb Code     0  startup_stm32f10x_md.o(.text)
    DMA1_Channel2_IRQHandler                 0x0800024f   Thumb Code     0  startup_stm32f10x_md.o(.text)
    DMA1_Channel3_IRQHandler                 0x0800024f   Thumb Code     0  startup_stm32f10x_md.o(.text)
    DMA1_Channel4_IRQHandler                 0x0800024f   Thumb Code     0  startup_stm32f10x_md.o(.text)
    DMA1_Channel5_IRQHandler                 0x0800024f   Thumb Code     0  startup_stm32f10x_md.o(.text)
    DMA1_Channel6_IRQHandler                 0x0800024f   Thumb Code     0  startup_stm32f10x_md.o(.text)
    DMA1_Channel7_IRQHandler                 0x0800024f   Thumb Code     0  startup_stm32f10x_md.o(.text)
    EXTI0_IRQHandler                         0x0800024f   Thumb Code     0  startup_stm32f10x_md.o(.text)
    EXTI2_IRQHandler                         0x0800024f   Thumb Code     0  startup_stm32f10x_md.o(.text)
    EXTI3_IRQHandler                         0x0800024f   Thumb Code     0  startup_stm32f10x_md.o(.text)
    EXTI4_IRQHandler                         0x0800024f   Thumb Code     0  startup_stm32f10x_md.o(.text)
    FLASH_IRQHandler                         0x0800024f   Thumb Code     0  startup_stm32f10x_md.o(.text)
    I2C1_ER_IRQHandler                       0x0800024f   Thumb Code     0  startup_stm32f10x_md.o(.text)
    I2C1_EV_IRQHandler                       0x0800024f   Thumb Code     0  startup_stm32f10x_md.o(.text)
    I2C2_ER_IRQHandler                       0x0800024f   Thumb Code     0  startup_stm32f10x_md.o(.text)
    I2C2_EV_IRQHandler                       0x0800024f   Thumb Code     0  startup_stm32f10x_md.o(.text)
    PVD_IRQHandler                           0x0800024f   Thumb Code     0  startup_stm32f10x_md.o(.text)
    RCC_IRQHandler                           0x0800024f   Thumb Code     0  startup_stm32f10x_md.o(.text)
    RTCAlarm_IRQHandler                      0x0800024f   Thumb Code     0  startup_stm32f10x_md.o(.text)
    RTC_IRQHandler                           0x0800024f   Thumb Code     0  startup_stm32f10x_md.o(.text)
    SPI1_IRQHandler                          0x0800024f   Thumb Code     0  startup_stm32f10x_md.o(.text)
    SPI2_IRQHandler                          0x0800024f   Thumb Code     0  startup_stm32f10x_md.o(.text)
    TAMPER_IRQHandler                        0x0800024f   Thumb Code     0  startup_stm32f10x_md.o(.text)
    TIM1_BRK_IRQHandler                      0x0800024f   Thumb Code     0  startup_stm32f10x_md.o(.text)
    TIM1_CC_IRQHandler                       0x0800024f   Thumb Code     0  startup_stm32f10x_md.o(.text)
    TIM1_TRG_COM_IRQHandler                  0x0800024f   Thumb Code     0  startup_stm32f10x_md.o(.text)
    TIM1_UP_IRQHandler                       0x0800024f   Thumb Code     0  startup_stm32f10x_md.o(.text)
    TIM3_IRQHandler                          0x0800024f   Thumb Code     0  startup_stm32f10x_md.o(.text)
    TIM4_IRQHandler                          0x0800024f   Thumb Code     0  startup_stm32f10x_md.o(.text)
    USART1_IRQHandler                        0x0800024f   Thumb Code     0  startup_stm32f10x_md.o(.text)
    USART3_IRQHandler                        0x0800024f   Thumb Code     0  startup_stm32f10x_md.o(.text)
    USBWakeUp_IRQHandler                     0x0800024f   Thumb Code     0  startup_stm32f10x_md.o(.text)
    USB_HP_CAN1_TX_IRQHandler                0x0800024f   Thumb Code     0  startup_stm32f10x_md.o(.text)
    USB_LP_CAN1_RX0_IRQHandler               0x0800024f   Thumb Code     0  startup_stm32f10x_md.o(.text)
    WWDG_IRQHandler                          0x0800024f   Thumb Code     0  startup_stm32f10x_md.o(.text)
    __user_initial_stackheap                 0x08000251   Thumb Code     0  startup_stm32f10x_md.o(.text)
    vsprintf                                 0x08000275   Thumb Code    32  vsprintf.o(.text)
    __use_two_region_memory                  0x08000299   Thumb Code     2  heapauxi.o(.text)
    __rt_heap_escrow$2region                 0x0800029b   Thumb Code     2  heapauxi.o(.text)
    __rt_heap_expand$2region                 0x0800029d   Thumb Code     2  heapauxi.o(.text)
    _printf_pre_padding                      0x0800029f   Thumb Code    44  _printf_pad.o(.text)
    _printf_post_padding                     0x080002cb   Thumb Code    34  _printf_pad.o(.text)
    _printf_truncate_signed                  0x080002ed   Thumb Code    18  _printf_truncate.o(.text)
    _printf_truncate_unsigned                0x080002ff   Thumb Code    18  _printf_truncate.o(.text)
    _printf_str                              0x08000311   Thumb Code    82  _printf_str.o(.text)
    _printf_int_dec                          0x08000365   Thumb Code   104  _printf_dec.o(.text)
    _printf_charcount                        0x080003dd   Thumb Code    40  _printf_charcount.o(.text)
    _printf_char_common                      0x0800040f   Thumb Code    32  _printf_char_common.o(.text)
    _sputc                                   0x08000435   Thumb Code    10  _sputc.o(.text)
    _printf_wctomb                           0x08000441   Thumb Code   182  _printf_wctomb.o(.text)
    _printf_longlong_dec                     0x080004fd   Thumb Code   108  _printf_longlong_dec.o(.text)
    _printf_longlong_oct                     0x08000579   Thumb Code    66  _printf_oct_int_ll.o(.text)
    _printf_int_oct                          0x080005bb   Thumb Code    24  _printf_oct_int_ll.o(.text)
    _printf_ll_oct                           0x080005d3   Thumb Code    12  _printf_oct_int_ll.o(.text)
    _printf_longlong_hex                     0x080005e9   Thumb Code    86  _printf_hex_int_ll_ptr.o(.text)
    _printf_int_hex                          0x0800063f   Thumb Code    28  _printf_hex_int_ll_ptr.o(.text)
    _printf_ll_hex                           0x0800065b   Thumb Code    12  _printf_hex_int_ll_ptr.o(.text)
    _printf_hex_ptr                          0x08000667   Thumb Code    18  _printf_hex_int_ll_ptr.o(.text)
    __printf                                 0x0800067d   Thumb Code   388  __printf_flags_ss_wp.o(.text)
    _ll_udiv10                               0x08000805   Thumb Code   138  lludiv10.o(.text)
    _printf_int_common                       0x0800088f   Thumb Code   178  _printf_intcommon.o(.text)
    __lib_sel_fp_printf                      0x08000941   Thumb Code     2  _printf_fp_dec.o(.text)
    _printf_fp_dec_real                      0x08000af3   Thumb Code   620  _printf_fp_dec.o(.text)
    _printf_fp_hex_real                      0x08000d61   Thumb Code   756  _printf_fp_hex.o(.text)
    _printf_cs_common                        0x0800105d   Thumb Code    20  _printf_char.o(.text)
    _printf_char                             0x08001071   Thumb Code    16  _printf_char.o(.text)
    _printf_string                           0x08001081   Thumb Code     8  _printf_char.o(.text)
    _printf_lcs_common                       0x08001089   Thumb Code    20  _printf_wchar.o(.text)
    _printf_wchar                            0x0800109d   Thumb Code    16  _printf_wchar.o(.text)
    _printf_wstring                          0x080010ad   Thumb Code     8  _printf_wchar.o(.text)
    _wcrtomb                                 0x080010b5   Thumb Code    64  _wcrtomb.o(.text)
    __user_setup_stackheap                   0x080010f5   Thumb Code    74  sys_stackheap_outer.o(.text)
    __rt_ctype_table                         0x08001141   Thumb Code    16  rt_ctype_table.o(.text)
    __rt_locale                              0x08001151   Thumb Code     8  rt_locale_intlibspace.o(.text)
    _printf_fp_infnan                        0x08001159   Thumb Code   112  _printf_fp_infnan.o(.text)
    _btod_etento                             0x080011d9   Thumb Code   224  bigflt0.o(.text)
    exit                                     0x080012bd   Thumb Code    18  exit.o(.text)
    __user_libspace                          0x080012d1   Thumb Code     8  libspace.o(.text)
    __user_perproc_libspace                  0x080012d1   Thumb Code     0  libspace.o(.text)
    __user_perthread_libspace                0x080012d1   Thumb Code     0  libspace.o(.text)
    strcmp                                   0x080012d9   Thumb Code   128  strcmpv7m.o(.text)
    _sys_exit                                0x08001359   Thumb Code     8  sys_exit.o(.text)
    __I$use$semihosting                      0x08001365   Thumb Code     0  use_no_semi.o(.text)
    __use_no_semihosting_swi                 0x08001365   Thumb Code     2  use_no_semi.o(.text)
    __semihosting_library_function           0x08001367   Thumb Code     0  indicate_semi.o(.text)
    _btod_d2e                                0x08001367   Thumb Code    62  btod.o(CL$$btod_d2e)
    _d2e_denorm_low                          0x080013a5   Thumb Code    70  btod.o(CL$$btod_d2e_denorm_low)
    _d2e_norm_op1                            0x080013eb   Thumb Code    96  btod.o(CL$$btod_d2e_norm_op1)
    __btod_div_common                        0x0800144b   Thumb Code   696  btod.o(CL$$btod_div_common)
    _e2e                                     0x08001783   Thumb Code   220  btod.o(CL$$btod_e2e)
    _btod_ediv                               0x0800185f   Thumb Code    42  btod.o(CL$$btod_ediv)
    _btod_emul                               0x08001889   Thumb Code    42  btod.o(CL$$btod_emul)
    __btod_mult_common                       0x080018b3   Thumb Code   580  btod.o(CL$$btod_mult_common)
    BEEP_Init                                0x08001af9   Thumb Code    38  beep.o(i.BEEP_Init)
    BlueTooth_Printf                         0x08001b25   Thumb Code    36  usart.o(i.BlueTooth_Printf)
    BusFault_Handler                         0x08001b49   Thumb Code     4  stm32f10x_it.o(i.BusFault_Handler)
    DS18B20_ACK                              0x08001b4d   Thumb Code    70  ds18b20.o(i.DS18B20_ACK)
    DS18B20_IO_IN                            0x08001b99   Thumb Code    40  ds18b20.o(i.DS18B20_IO_IN)
    DS18B20_IO_OUT                           0x08001bc5   Thumb Code    38  ds18b20.o(i.DS18B20_IO_OUT)
    DebugMon_Handler                         0x08001bf1   Thumb Code     2  stm32f10x_it.o(i.DebugMon_Handler)
    Delay_ms                                 0x08001bf3   Thumb Code    24  delay.o(i.Delay_ms)
    Delay_us                                 0x08001c0b   Thumb Code    24  delay.o(i.Delay_us)
    EXTI15_10_IRQHandler                     0x08001c23   Thumb Code    42  key.o(i.EXTI15_10_IRQHandler)
    EXTI1_IRQHandler                         0x08001c4d   Thumb Code    20  key.o(i.EXTI1_IRQHandler)
    EXTI9_5_IRQHandler                       0x08001c61   Thumb Code    22  key.o(i.EXTI9_5_IRQHandler)
    EXTI_ClearITPendingBit                   0x08001c79   Thumb Code     6  stm32f10x_exti.o(i.EXTI_ClearITPendingBit)
    EXTI_GetITStatus                         0x08001c85   Thumb Code    34  stm32f10x_exti.o(i.EXTI_GetITStatus)
    EXTI_Init                                0x08001cad   Thumb Code   142  stm32f10x_exti.o(i.EXTI_Init)
    GPIO_EXTILineConfig                      0x08001d41   Thumb Code    60  stm32f10x_gpio.o(i.GPIO_EXTILineConfig)
    GPIO_Init                                0x08001d81   Thumb Code   278  stm32f10x_gpio.o(i.GPIO_Init)
    GPIO_ReadInputDataBit                    0x08001e97   Thumb Code    18  stm32f10x_gpio.o(i.GPIO_ReadInputDataBit)
    GPIO_ResetBits                           0x08001ea9   Thumb Code     4  stm32f10x_gpio.o(i.GPIO_ResetBits)
    GPIO_SetBits                             0x08001ead   Thumb Code     4  stm32f10x_gpio.o(i.GPIO_SetBits)
    GPIO_WriteBit                            0x08001eb1   Thumb Code    10  stm32f10x_gpio.o(i.GPIO_WriteBit)
    Get_Temp                                 0x08001ebd   Thumb Code   134  ds18b20.o(i.Get_Temp)
    HCSR04_GetValue                          0x08001f4d   Thumb Code   134  hcsr04.o(i.HCSR04_GetValue)
    HCSR04_Init                              0x08001fed   Thumb Code   202  hcsr04.o(i.HCSR04_Init)
    HCSR04_Start                             0x080020bd   Thumb Code    32  hcsr04.o(i.HCSR04_Start)
    HardFault_Handler                        0x080020e5   Thumb Code     4  stm32f10x_it.o(i.HardFault_Handler)
    Key_Init                                 0x080020e9   Thumb Code   352  key.o(i.Key_Init)
    Key_Scan                                 0x08002251   Thumb Code   184  key.o(i.Key_Scan)
    LED_Init                                 0x08002321   Thumb Code    46  led.o(i.LED_Init)
    MemManage_Handler                        0x08002355   Thumb Code     4  stm32f10x_it.o(i.MemManage_Handler)
    Motor_Init                               0x08002359   Thumb Code    42  motor.o(i.Motor_Init)
    Motor_SetSpeed                           0x08002389   Thumb Code    58  motor.o(i.Motor_SetSpeed)
    Motor_Stop                               0x080023c9   Thumb Code    26  motor.o(i.Motor_Stop)
    NMI_Handler                              0x080023e9   Thumb Code     2  stm32f10x_it.o(i.NMI_Handler)
    NVIC_Init                                0x080023ed   Thumb Code   100  misc.o(i.NVIC_Init)
    NVIC_PriorityGroupConfig                 0x0800245d   Thumb Code    10  misc.o(i.NVIC_PriorityGroupConfig)
    OLED_Clear                               0x08002499   Thumb Code    42  oled.o(i.OLED_Clear)
    OLED_I2C_Init                            0x080024c5   Thumb Code    76  oled.o(i.OLED_I2C_Init)
    OLED_I2C_SendByte                        0x08002515   Thumb Code    88  oled.o(i.OLED_I2C_SendByte)
    OLED_I2C_Start                           0x08002571   Thumb Code    48  oled.o(i.OLED_I2C_Start)
    OLED_I2C_Stop                            0x080025a5   Thumb Code    36  oled.o(i.OLED_I2C_Stop)
    OLED_Init                                0x080025cd   Thumb Code   174  oled.o(i.OLED_Init)
    OLED_Pow                                 0x0800267b   Thumb Code    20  oled.o(i.OLED_Pow)
    OLED_SetCursor                           0x0800268f   Thumb Code    34  oled.o(i.OLED_SetCursor)
    OLED_ShowChar                            0x080026b1   Thumb Code   110  oled.o(i.OLED_ShowChar)
    OLED_ShowNum                             0x08002725   Thumb Code    68  oled.o(i.OLED_ShowNum)
    OLED_ShowString                          0x08002769   Thumb Code    40  oled.o(i.OLED_ShowString)
    OLED_WriteCommand                        0x08002791   Thumb Code    32  oled.o(i.OLED_WriteCommand)
    OLED_WriteData                           0x080027b1   Thumb Code    32  oled.o(i.OLED_WriteData)
    PWM_Init                                 0x080027d1   Thumb Code   138  motor.o(i.PWM_Init)
    PWM_SetCompare                           0x08002865   Thumb Code    14  motor.o(i.PWM_SetCompare)
    PWM_SetCompare1                          0x08002879   Thumb Code    14  servo.o(i.PWM_SetCompare1)
    PWM_SetCompare2                          0x0800288d   Thumb Code    14  servo.o(i.PWM_SetCompare2)
    PendSV_Handler                           0x080028a1   Thumb Code     2  stm32f10x_it.o(i.PendSV_Handler)
    RCC_APB1PeriphClockCmd                   0x080028a5   Thumb Code    26  stm32f10x_rcc.o(i.RCC_APB1PeriphClockCmd)
    RCC_APB2PeriphClockCmd                   0x080028c5   Thumb Code    26  stm32f10x_rcc.o(i.RCC_APB2PeriphClockCmd)
    RCC_GetClocksFreq                        0x080028e5   Thumb Code   192  stm32f10x_rcc.o(i.RCC_GetClocksFreq)
    Receive_Bit                              0x080029b9   Thumb Code    66  ds18b20.o(i.Receive_Bit)
    Receive_Byte                             0x08002a01   Thumb Code    34  ds18b20.o(i.Receive_Byte)
    SVC_Handler                              0x08002a23   Thumb Code     2  stm32f10x_it.o(i.SVC_Handler)
    Send_Bit                                 0x08002a25   Thumb Code    90  ds18b20.o(i.Send_Bit)
    Send_Byte                                0x08002a85   Thumb Code    30  ds18b20.o(i.Send_Byte)
    Send_String                              0x08002aa5   Thumb Code    42  usart.o(i.Send_String)
    Servo1_GetAngle                          0x08002ad5   Thumb Code     6  servo.o(i.Servo1_GetAngle)
    Servo1_Start                             0x08002ae1   Thumb Code    68  servo.o(i.Servo1_Start)
    Servo1_Stop                              0x08002b39   Thumb Code     8  servo.o(i.Servo1_Stop)
    Servo_Init                               0x08002b45   Thumb Code   186  servo.o(i.Servo_Init)
    Servo_SetAngle                           0x08002c11   Thumb Code    76  servo.o(i.Servo_SetAngle)
    Servo_SetAngle1                          0x08002c6d   Thumb Code    76  servo.o(i.Servo_SetAngle1)
    Servo_Start                              0x08002cc9   Thumb Code    68  servo.o(i.Servo_Start)
    Servo_Stop                               0x08002d21   Thumb Code     8  servo.o(i.Servo_Stop)
    Servo_SysTick_Init                       0x08002d2d   Thumb Code    78  servo.o(i.Servo_SysTick_Init)
    SysTick_Handler                          0x08002e69   Thumb Code   338  servo.o(i.SysTick_Handler)
    SystemInit                               0x08002ff1   Thumb Code    78  system_stm32f10x.o(i.SystemInit)
    TIM2_IRQHandler                          0x08003291   Thumb Code    88  hcsr04.o(i.TIM2_IRQHandler)
    TIM_ARRPreloadConfig                     0x080032f5   Thumb Code    24  stm32f10x_tim.o(i.TIM_ARRPreloadConfig)
    TIM_ClearITPendingBit                    0x0800330d   Thumb Code     6  stm32f10x_tim.o(i.TIM_ClearITPendingBit)
    TIM_Cmd                                  0x08003313   Thumb Code    24  stm32f10x_tim.o(i.TIM_Cmd)
    TIM_GetCapture1                          0x0800332b   Thumb Code     6  stm32f10x_tim.o(i.TIM_GetCapture1)
    TIM_GetITStatus                          0x08003331   Thumb Code    34  stm32f10x_tim.o(i.TIM_GetITStatus)
    TIM_ICInit                               0x08003355   Thumb Code   150  stm32f10x_tim.o(i.TIM_ICInit)
    TIM_ITConfig                             0x08003401   Thumb Code    18  stm32f10x_tim.o(i.TIM_ITConfig)
    TIM_InternalClockConfig                  0x08003413   Thumb Code    12  stm32f10x_tim.o(i.TIM_InternalClockConfig)
    TIM_OC1Init                              0x08003421   Thumb Code   132  stm32f10x_tim.o(i.TIM_OC1Init)
    TIM_OC1PolarityConfig                    0x080034b9   Thumb Code    18  stm32f10x_tim.o(i.TIM_OC1PolarityConfig)
    TIM_OC1PreloadConfig                     0x080034cb   Thumb Code    18  stm32f10x_tim.o(i.TIM_OC1PreloadConfig)
    TIM_OC2Init                              0x080034dd   Thumb Code   154  stm32f10x_tim.o(i.TIM_OC2Init)
    TIM_OC2PreloadConfig                     0x08003581   Thumb Code    26  stm32f10x_tim.o(i.TIM_OC2PreloadConfig)
    TIM_OCStructInit                         0x0800359b   Thumb Code    20  stm32f10x_tim.o(i.TIM_OCStructInit)
    TIM_SetCompare1                          0x080035af   Thumb Code     4  stm32f10x_tim.o(i.TIM_SetCompare1)
    TIM_SetCompare2                          0x080035b3   Thumb Code     4  stm32f10x_tim.o(i.TIM_SetCompare2)
    TIM_SetIC1Prescaler                      0x080035b7   Thumb Code    18  stm32f10x_tim.o(i.TIM_SetIC1Prescaler)
    TIM_SetIC2Prescaler                      0x080035c9   Thumb Code    26  stm32f10x_tim.o(i.TIM_SetIC2Prescaler)
    TIM_SetIC3Prescaler                      0x080035e3   Thumb Code    18  stm32f10x_tim.o(i.TIM_SetIC3Prescaler)
    TIM_SetIC4Prescaler                      0x080035f5   Thumb Code    26  stm32f10x_tim.o(i.TIM_SetIC4Prescaler)
    TIM_TimeBaseInit                         0x08003611   Thumb Code   122  stm32f10x_tim.o(i.TIM_TimeBaseInit)
    USART2_IRQHandler                        0x080036b5   Thumb Code    28  usart.o(i.USART2_IRQHandler)
    USART_BLUE_Init                          0x080036d5   Thumb Code   160  usart.o(i.USART_BLUE_Init)
    USART_ClearITPendingBit                  0x0800377d   Thumb Code    30  stm32f10x_usart.o(i.USART_ClearITPendingBit)
    USART_Cmd                                0x0800379b   Thumb Code    24  stm32f10x_usart.o(i.USART_Cmd)
    USART_GetFlagStatus                      0x080037b3   Thumb Code    26  stm32f10x_usart.o(i.USART_GetFlagStatus)
    USART_GetITStatus                        0x080037cd   Thumb Code    84  stm32f10x_usart.o(i.USART_GetITStatus)
    USART_ITConfig                           0x08003821   Thumb Code    74  stm32f10x_usart.o(i.USART_ITConfig)
    USART_Init                               0x0800386d   Thumb Code   210  stm32f10x_usart.o(i.USART_Init)
    USART_SendData                           0x08003945   Thumb Code     8  stm32f10x_usart.o(i.USART_SendData)
    UsageFault_Handler                       0x0800394d   Thumb Code     4  stm32f10x_it.o(i.UsageFault_Handler)
    __ARM_fpclassify                         0x08003951   Thumb Code    40  fpclassify.o(i.__ARM_fpclassify)
    _is_digit                                0x08003979   Thumb Code    14  __printf_wp.o(i._is_digit)
    main                                     0x08003989   Thumb Code   748  main.o(i.main)
    _get_lc_numeric                          0x08003d11   Thumb Code    44  lc_numeric_c.o(locale$$code)
    _get_lc_ctype                            0x08003d3d   Thumb Code    44  lc_ctype_c.o(locale$$code)
    __aeabi_ddiv                             0x08003d69   Thumb Code     0  ddiv.o(x$fpl$ddiv)
    _ddiv                                    0x08003d69   Thumb Code   552  ddiv.o(x$fpl$ddiv)
    __aeabi_d2uiz                            0x08004019   Thumb Code     0  dfixu.o(x$fpl$dfixu)
    _dfixu                                   0x08004019   Thumb Code    90  dfixu.o(x$fpl$dfixu)
    __aeabi_ui2d                             0x08004073   Thumb Code     0  dflt_clz.o(x$fpl$dfltu)
    _dfltu                                   0x08004073   Thumb Code    38  dflt_clz.o(x$fpl$dfltu)
    __aeabi_dmul                             0x08004099   Thumb Code     0  dmul.o(x$fpl$dmul)
    _dmul                                    0x08004099   Thumb Code   332  dmul.o(x$fpl$dmul)
    __fpl_dnaninf                            0x080041ed   Thumb Code   156  dnaninf.o(x$fpl$dnaninf)
    __fpl_dretinf                            0x08004289   Thumb Code    12  dretinf.o(x$fpl$dretinf)
    __aeabi_fadd                             0x08004295   Thumb Code     0  faddsub_clz.o(x$fpl$fadd)
    _fadd                                    0x08004295   Thumb Code   196  faddsub_clz.o(x$fpl$fadd)
    __fpl_fcmp_Inf                           0x08004359   Thumb Code    24  fcmpi.o(x$fpl$fcmpinf)
    __aeabi_fdiv                             0x08004371   Thumb Code     0  fdiv.o(x$fpl$fdiv)
    _fdiv                                    0x08004371   Thumb Code   384  fdiv.o(x$fpl$fdiv)
    __aeabi_f2uiz                            0x080044f5   Thumb Code     0  ffixu.o(x$fpl$ffixu)
    _ffixu                                   0x080044f5   Thumb Code    62  ffixu.o(x$fpl$ffixu)
    __aeabi_i2f                              0x08004535   Thumb Code     0  fflt_clz.o(x$fpl$fflt)
    _fflt                                    0x08004535   Thumb Code    48  fflt_clz.o(x$fpl$fflt)
    __aeabi_cfcmple                          0x08004565   Thumb Code     0  fleqf.o(x$fpl$fleqf)
    _fcmple                                  0x08004565   Thumb Code   104  fleqf.o(x$fpl$fleqf)
    __fpl_fcmple_InfNaN                      0x080045b7   Thumb Code     0  fleqf.o(x$fpl$fleqf)
    __aeabi_fmul                             0x080045cd   Thumb Code     0  fmul.o(x$fpl$fmul)
    _fmul                                    0x080045cd   Thumb Code   258  fmul.o(x$fpl$fmul)
    __fpl_fnaninf                            0x080046cf   Thumb Code   140  fnaninf.o(x$fpl$fnaninf)
    __fpl_fretinf                            0x0800475b   Thumb Code    10  fretinf.o(x$fpl$fretinf)
    __aeabi_cfrcmple                         0x08004765   Thumb Code     0  frleqf.o(x$fpl$frleqf)
    _frcmple                                 0x08004765   Thumb Code    98  frleqf.o(x$fpl$frleqf)
    __aeabi_fsub                             0x080047c9   Thumb Code     0  faddsub_clz.o(x$fpl$fsub)
    _fsub                                    0x080047c9   Thumb Code   234  faddsub_clz.o(x$fpl$fsub)
    _printf_fp_dec                           0x080048b3   Thumb Code     4  printf1.o(x$fpl$printf1)
    _printf_fp_hex                           0x080048b7   Thumb Code     4  printf2.o(x$fpl$printf2)
    OLED_F8x16                               0x080048ba   Data        1520  oled.o(.constdata)
    __I$use$fp                               0x080048ba   Number         0  usenofp.o(x$fpl$usenofp)
    Region$$Table$$Base                      0x08004fa8   Number         0  anon$$obj.o(Region$$Table)
    Region$$Table$$Limit                     0x08004fc8   Number         0  anon$$obj.o(Region$$Table)
    __ctype                                  0x08004ff1   Data           0  lc_ctype_c.o(locale$$data)
    SystemCoreClock                          0x20000014   Data           4  system_stm32f10x.o(.data)
    AHBPrescTable                            0x20000018   Data          16  system_stm32f10x.o(.data)
    Key_Mode                                 0x20000028   Data           1  key.o(.data)
    Mode                                     0x20000029   Data           1  key.o(.data)
    Key_Start_Flag                           0x2000002a   Data           1  key.o(.data)
    Key_Down_Flag                            0x2000002b   Data           1  key.o(.data)
    Key_Speed_Flag                           0x2000002c   Data           1  key.o(.data)
    lastKeyTime                              0x20000030   Data           4  key.o(.data)
    temperature_flag                         0x20000048   Data           1  ds18b20.o(.data)
    Time                                     0x2000004a   Data           2  hcsr04.o(.data)
    IC_Rise                                  0x2000004c   Data           2  hcsr04.o(.data)
    IC_Fall                                  0x2000004e   Data           2  hcsr04.o(.data)
    Is_Captured                              0x20000050   Data           1  hcsr04.o(.data)
    last_mode                                0x20000051   Data           1  main.o(.data)
    KeyNum                                   0x20000052   Data           1  main.o(.data)
    Speed                                    0x20000053   Data           1  main.o(.data)
    __libspace_start                         0x20000054   Data          96  libspace.o(.bss)
    __temporary_stack_top$libspace           0x200000b4   Data           0  libspace.o(.bss)



==============================================================================

Memory Map of the image

  Image Entry point : 0x080000ed

  Load Region LR_IROM1 (Base: 0x08000000, Size: 0x00005148, Max: 0x00010000, ABSOLUTE)

    Execution Region ER_IROM1 (Exec base: 0x08000000, Load base: 0x08000000, Size: 0x000050f4, Max: 0x00010000, ABSOLUTE)

    Exec Addr    Load Addr    Size         Type   Attr      Idx    E Section Name        Object

    0x08000000   0x08000000   0x000000ec   Data   RO         3138    RESET               startup_stm32f10x_md.o
    0x080000ec   0x080000ec   0x00000008   Code   RO         3815  * !!!main             c_w.l(__main.o)
    0x080000f4   0x080000f4   0x00000034   Code   RO         4188    !!!scatter          c_w.l(__scatter.o)
    0x08000128   0x08000128   0x0000001a   Code   RO         4190    !!handler_copy      c_w.l(__scatter_copy.o)
    0x08000142   0x08000142   0x00000002   PAD
    0x08000144   0x08000144   0x0000001c   Code   RO         4192    !!handler_zi        c_w.l(__scatter_zi.o)
    0x08000160   0x08000160   0x00000000   Code   RO         3941    .ARM.Collect$$_printf_percent$$00000000  c_w.l(_printf_percent.o)
    0x08000160   0x08000160   0x00000006   Code   RO         3930    .ARM.Collect$$_printf_percent$$00000001  c_w.l(_printf_n.o)
    0x08000166   0x08000166   0x00000006   Code   RO         3932    .ARM.Collect$$_printf_percent$$00000002  c_w.l(_printf_p.o)
    0x0800016c   0x0800016c   0x00000006   Code   RO         3937    .ARM.Collect$$_printf_percent$$00000003  c_w.l(_printf_f.o)
    0x08000172   0x08000172   0x00000006   Code   RO         3938    .ARM.Collect$$_printf_percent$$00000004  c_w.l(_printf_e.o)
    0x08000178   0x08000178   0x00000006   Code   RO         3939    .ARM.Collect$$_printf_percent$$00000005  c_w.l(_printf_g.o)
    0x0800017e   0x0800017e   0x00000006   Code   RO         3940    .ARM.Collect$$_printf_percent$$00000006  c_w.l(_printf_a.o)
    0x08000184   0x08000184   0x0000000a   Code   RO         3945    .ARM.Collect$$_printf_percent$$00000007  c_w.l(_printf_ll.o)
    0x0800018e   0x0800018e   0x00000006   Code   RO         3934    .ARM.Collect$$_printf_percent$$00000008  c_w.l(_printf_i.o)
    0x08000194   0x08000194   0x00000006   Code   RO         3935    .ARM.Collect$$_printf_percent$$00000009  c_w.l(_printf_d.o)
    0x0800019a   0x0800019a   0x00000006   Code   RO         3936    .ARM.Collect$$_printf_percent$$0000000A  c_w.l(_printf_u.o)
    0x080001a0   0x080001a0   0x00000006   Code   RO         3933    .ARM.Collect$$_printf_percent$$0000000B  c_w.l(_printf_o.o)
    0x080001a6   0x080001a6   0x00000006   Code   RO         3931    .ARM.Collect$$_printf_percent$$0000000C  c_w.l(_printf_x.o)
    0x080001ac   0x080001ac   0x00000006   Code   RO         3942    .ARM.Collect$$_printf_percent$$0000000D  c_w.l(_printf_lli.o)
    0x080001b2   0x080001b2   0x00000006   Code   RO         3943    .ARM.Collect$$_printf_percent$$0000000E  c_w.l(_printf_lld.o)
    0x080001b8   0x080001b8   0x00000006   Code   RO         3944    .ARM.Collect$$_printf_percent$$0000000F  c_w.l(_printf_llu.o)
    0x080001be   0x080001be   0x00000006   Code   RO         3949    .ARM.Collect$$_printf_percent$$00000010  c_w.l(_printf_llo.o)
    0x080001c4   0x080001c4   0x00000006   Code   RO         3950    .ARM.Collect$$_printf_percent$$00000011  c_w.l(_printf_llx.o)
    0x080001ca   0x080001ca   0x0000000a   Code   RO         3946    .ARM.Collect$$_printf_percent$$00000012  c_w.l(_printf_l.o)
    0x080001d4   0x080001d4   0x00000006   Code   RO         3928    .ARM.Collect$$_printf_percent$$00000013  c_w.l(_printf_c.o)
    0x080001da   0x080001da   0x00000006   Code   RO         3929    .ARM.Collect$$_printf_percent$$00000014  c_w.l(_printf_s.o)
    0x080001e0   0x080001e0   0x00000006   Code   RO         3947    .ARM.Collect$$_printf_percent$$00000015  c_w.l(_printf_lc.o)
    0x080001e6   0x080001e6   0x00000006   Code   RO         3948    .ARM.Collect$$_printf_percent$$00000016  c_w.l(_printf_ls.o)
    0x080001ec   0x080001ec   0x00000004   Code   RO         4000    .ARM.Collect$$_printf_percent$$00000017  c_w.l(_printf_percent_end.o)
    0x080001f0   0x080001f0   0x00000002   Code   RO         4049    .ARM.Collect$$libinit$$00000000  c_w.l(libinit.o)
    0x080001f2   0x080001f2   0x00000000   Code   RO         4065    .ARM.Collect$$libinit$$00000002  c_w.l(libinit2.o)
    0x080001f2   0x080001f2   0x00000000   Code   RO         4067    .ARM.Collect$$libinit$$00000004  c_w.l(libinit2.o)
    0x080001f2   0x080001f2   0x00000000   Code   RO         4070    .ARM.Collect$$libinit$$0000000A  c_w.l(libinit2.o)
    0x080001f2   0x080001f2   0x00000000   Code   RO         4072    .ARM.Collect$$libinit$$0000000C  c_w.l(libinit2.o)
    0x080001f2   0x080001f2   0x00000000   Code   RO         4074    .ARM.Collect$$libinit$$0000000E  c_w.l(libinit2.o)
    0x080001f2   0x080001f2   0x00000006   Code   RO         4075    .ARM.Collect$$libinit$$0000000F  c_w.l(libinit2.o)
    0x080001f8   0x080001f8   0x00000000   Code   RO         4077    .ARM.Collect$$libinit$$00000011  c_w.l(libinit2.o)
    0x080001f8   0x080001f8   0x0000000c   Code   RO         4078    .ARM.Collect$$libinit$$00000012  c_w.l(libinit2.o)
    0x08000204   0x08000204   0x00000000   Code   RO         4079    .ARM.Collect$$libinit$$00000013  c_w.l(libinit2.o)
    0x08000204   0x08000204   0x00000000   Code   RO         4081    .ARM.Collect$$libinit$$00000015  c_w.l(libinit2.o)
    0x08000204   0x08000204   0x0000000a   Code   RO         4082    .ARM.Collect$$libinit$$00000016  c_w.l(libinit2.o)
    0x0800020e   0x0800020e   0x00000000   Code   RO         4083    .ARM.Collect$$libinit$$00000017  c_w.l(libinit2.o)
    0x0800020e   0x0800020e   0x00000000   Code   RO         4085    .ARM.Collect$$libinit$$00000019  c_w.l(libinit2.o)
    0x0800020e   0x0800020e   0x00000000   Code   RO         4087    .ARM.Collect$$libinit$$0000001B  c_w.l(libinit2.o)
    0x0800020e   0x0800020e   0x00000000   Code   RO         4089    .ARM.Collect$$libinit$$0000001D  c_w.l(libinit2.o)
    0x0800020e   0x0800020e   0x00000000   Code   RO         4091    .ARM.Collect$$libinit$$0000001F  c_w.l(libinit2.o)
    0x0800020e   0x0800020e   0x00000000   Code   RO         4093    .ARM.Collect$$libinit$$00000021  c_w.l(libinit2.o)
    0x0800020e   0x0800020e   0x00000000   Code   RO         4095    .ARM.Collect$$libinit$$00000023  c_w.l(libinit2.o)
    0x0800020e   0x0800020e   0x00000000   Code   RO         4097    .ARM.Collect$$libinit$$00000025  c_w.l(libinit2.o)
    0x0800020e   0x0800020e   0x00000000   Code   RO         4101    .ARM.Collect$$libinit$$0000002C  c_w.l(libinit2.o)
    0x0800020e   0x0800020e   0x00000000   Code   RO         4103    .ARM.Collect$$libinit$$0000002E  c_w.l(libinit2.o)
    0x0800020e   0x0800020e   0x00000000   Code   RO         4105    .ARM.Collect$$libinit$$00000030  c_w.l(libinit2.o)
    0x0800020e   0x0800020e   0x00000000   Code   RO         4107    .ARM.Collect$$libinit$$00000032  c_w.l(libinit2.o)
    0x0800020e   0x0800020e   0x00000002   Code   RO         4108    .ARM.Collect$$libinit$$00000033  c_w.l(libinit2.o)
    0x08000210   0x08000210   0x00000002   Code   RO         4128    .ARM.Collect$$libshutdown$$00000000  c_w.l(libshutdown.o)
    0x08000212   0x08000212   0x00000000   Code   RO         4141    .ARM.Collect$$libshutdown$$00000002  c_w.l(libshutdown2.o)
    0x08000212   0x08000212   0x00000000   Code   RO         4143    .ARM.Collect$$libshutdown$$00000004  c_w.l(libshutdown2.o)
    0x08000212   0x08000212   0x00000000   Code   RO         4146    .ARM.Collect$$libshutdown$$00000007  c_w.l(libshutdown2.o)
    0x08000212   0x08000212   0x00000000   Code   RO         4149    .ARM.Collect$$libshutdown$$0000000A  c_w.l(libshutdown2.o)
    0x08000212   0x08000212   0x00000000   Code   RO         4151    .ARM.Collect$$libshutdown$$0000000C  c_w.l(libshutdown2.o)
    0x08000212   0x08000212   0x00000000   Code   RO         4154    .ARM.Collect$$libshutdown$$0000000F  c_w.l(libshutdown2.o)
    0x08000212   0x08000212   0x00000002   Code   RO         4155    .ARM.Collect$$libshutdown$$00000010  c_w.l(libshutdown2.o)
    0x08000214   0x08000214   0x00000000   Code   RO         3859    .ARM.Collect$$rtentry$$00000000  c_w.l(__rtentry.o)
    0x08000214   0x08000214   0x00000000   Code   RO         3971    .ARM.Collect$$rtentry$$00000002  c_w.l(__rtentry2.o)
    0x08000214   0x08000214   0x00000006   Code   RO         3983    .ARM.Collect$$rtentry$$00000004  c_w.l(__rtentry4.o)
    0x0800021a   0x0800021a   0x00000000   Code   RO         3973    .ARM.Collect$$rtentry$$00000009  c_w.l(__rtentry2.o)
    0x0800021a   0x0800021a   0x00000004   Code   RO         3974    .ARM.Collect$$rtentry$$0000000A  c_w.l(__rtentry2.o)
    0x0800021e   0x0800021e   0x00000000   Code   RO         3976    .ARM.Collect$$rtentry$$0000000C  c_w.l(__rtentry2.o)
    0x0800021e   0x0800021e   0x00000008   Code   RO         3977    .ARM.Collect$$rtentry$$0000000D  c_w.l(__rtentry2.o)
    0x08000226   0x08000226   0x00000002   Code   RO         4057    .ARM.Collect$$rtexit$$00000000  c_w.l(rtexit.o)
    0x08000228   0x08000228   0x00000000   Code   RO         4110    .ARM.Collect$$rtexit$$00000002  c_w.l(rtexit2.o)
    0x08000228   0x08000228   0x00000004   Code   RO         4111    .ARM.Collect$$rtexit$$00000003  c_w.l(rtexit2.o)
    0x0800022c   0x0800022c   0x00000006   Code   RO         4112    .ARM.Collect$$rtexit$$00000004  c_w.l(rtexit2.o)
    0x08000232   0x08000232   0x00000002   PAD
    0x08000234   0x08000234   0x00000040   Code   RO         3139    .text               startup_stm32f10x_md.o
    0x08000274   0x08000274   0x00000024   Code   RO         3811    .text               c_w.l(vsprintf.o)
    0x08000298   0x08000298   0x00000006   Code   RO         3813    .text               c_w.l(heapauxi.o)
    0x0800029e   0x0800029e   0x0000004e   Code   RO         3862    .text               c_w.l(_printf_pad.o)
    0x080002ec   0x080002ec   0x00000024   Code   RO         3864    .text               c_w.l(_printf_truncate.o)
    0x08000310   0x08000310   0x00000052   Code   RO         3866    .text               c_w.l(_printf_str.o)
    0x08000362   0x08000362   0x00000002   PAD
    0x08000364   0x08000364   0x00000078   Code   RO         3868    .text               c_w.l(_printf_dec.o)
    0x080003dc   0x080003dc   0x00000028   Code   RO         3870    .text               c_w.l(_printf_charcount.o)
    0x08000404   0x08000404   0x00000030   Code   RO         3872    .text               c_w.l(_printf_char_common.o)
    0x08000434   0x08000434   0x0000000a   Code   RO         3874    .text               c_w.l(_sputc.o)
    0x0800043e   0x0800043e   0x00000002   PAD
    0x08000440   0x08000440   0x000000bc   Code   RO         3876    .text               c_w.l(_printf_wctomb.o)
    0x080004fc   0x080004fc   0x0000007c   Code   RO         3879    .text               c_w.l(_printf_longlong_dec.o)
    0x08000578   0x08000578   0x00000070   Code   RO         3885    .text               c_w.l(_printf_oct_int_ll.o)
    0x080005e8   0x080005e8   0x00000094   Code   RO         3905    .text               c_w.l(_printf_hex_int_ll_ptr.o)
    0x0800067c   0x0800067c   0x00000188   Code   RO         3925    .text               c_w.l(__printf_flags_ss_wp.o)
    0x08000804   0x08000804   0x0000008a   Code   RO         3985    .text               c_w.l(lludiv10.o)
    0x0800088e   0x0800088e   0x000000b2   Code   RO         3987    .text               c_w.l(_printf_intcommon.o)
    0x08000940   0x08000940   0x0000041e   Code   RO         3989    .text               c_w.l(_printf_fp_dec.o)
    0x08000d5e   0x08000d5e   0x00000002   PAD
    0x08000d60   0x08000d60   0x000002fc   Code   RO         3991    .text               c_w.l(_printf_fp_hex.o)
    0x0800105c   0x0800105c   0x0000002c   Code   RO         3996    .text               c_w.l(_printf_char.o)
    0x08001088   0x08001088   0x0000002c   Code   RO         3998    .text               c_w.l(_printf_wchar.o)
    0x080010b4   0x080010b4   0x00000040   Code   RO         4001    .text               c_w.l(_wcrtomb.o)
    0x080010f4   0x080010f4   0x0000004a   Code   RO         4003    .text               c_w.l(sys_stackheap_outer.o)
    0x0800113e   0x0800113e   0x00000002   PAD
    0x08001140   0x08001140   0x00000010   Code   RO         4005    .text               c_w.l(rt_ctype_table.o)
    0x08001150   0x08001150   0x00000008   Code   RO         4010    .text               c_w.l(rt_locale_intlibspace.o)
    0x08001158   0x08001158   0x00000080   Code   RO         4012    .text               c_w.l(_printf_fp_infnan.o)
    0x080011d8   0x080011d8   0x000000e4   Code   RO         4014    .text               c_w.l(bigflt0.o)
    0x080012bc   0x080012bc   0x00000012   Code   RO         4042    .text               c_w.l(exit.o)
    0x080012ce   0x080012ce   0x00000002   PAD
    0x080012d0   0x080012d0   0x00000008   Code   RO         4054    .text               c_w.l(libspace.o)
    0x080012d8   0x080012d8   0x00000080   Code   RO         4062    .text               c_w.l(strcmpv7m.o)
    0x08001358   0x08001358   0x0000000c   Code   RO         4120    .text               c_w.l(sys_exit.o)
    0x08001364   0x08001364   0x00000002   Code   RO         4131    .text               c_w.l(use_no_semi.o)
    0x08001366   0x08001366   0x00000000   Code   RO         4133    .text               c_w.l(indicate_semi.o)
    0x08001366   0x08001366   0x0000003e   Code   RO         4017    CL$$btod_d2e        c_w.l(btod.o)
    0x080013a4   0x080013a4   0x00000046   Code   RO         4019    CL$$btod_d2e_denorm_low  c_w.l(btod.o)
    0x080013ea   0x080013ea   0x00000060   Code   RO         4018    CL$$btod_d2e_norm_op1  c_w.l(btod.o)
    0x0800144a   0x0800144a   0x00000338   Code   RO         4027    CL$$btod_div_common  c_w.l(btod.o)
    0x08001782   0x08001782   0x000000dc   Code   RO         4024    CL$$btod_e2e        c_w.l(btod.o)
    0x0800185e   0x0800185e   0x0000002a   Code   RO         4021    CL$$btod_ediv       c_w.l(btod.o)
    0x08001888   0x08001888   0x0000002a   Code   RO         4020    CL$$btod_emul       c_w.l(btod.o)
    0x080018b2   0x080018b2   0x00000244   Code   RO         4026    CL$$btod_mult_common  c_w.l(btod.o)
    0x08001af6   0x08001af6   0x00000002   PAD
    0x08001af8   0x08001af8   0x0000002c   Code   RO         3386    i.BEEP_Init         beep.o
    0x08001b24   0x08001b24   0x00000024   Code   RO         3223    i.BlueTooth_Printf  usart.o
    0x08001b48   0x08001b48   0x00000004   Code   RO         3752    i.BusFault_Handler  stm32f10x_it.o
    0x08001b4c   0x08001b4c   0x0000004c   Code   RO         3607    i.DS18B20_ACK       ds18b20.o
    0x08001b98   0x08001b98   0x0000002c   Code   RO         3608    i.DS18B20_IO_IN     ds18b20.o
    0x08001bc4   0x08001bc4   0x0000002c   Code   RO         3609    i.DS18B20_IO_OUT    ds18b20.o
    0x08001bf0   0x08001bf0   0x00000002   Code   RO         3753    i.DebugMon_Handler  stm32f10x_it.o
    0x08001bf2   0x08001bf2   0x00000018   Code   RO         3196    i.Delay_ms          delay.o
    0x08001c0a   0x08001c0a   0x00000018   Code   RO         3198    i.Delay_us          delay.o
    0x08001c22   0x08001c22   0x0000002a   Code   RO         3401    i.EXTI15_10_IRQHandler  key.o
    0x08001c4c   0x08001c4c   0x00000014   Code   RO         3402    i.EXTI1_IRQHandler  key.o
    0x08001c60   0x08001c60   0x00000016   Code   RO         3403    i.EXTI9_5_IRQHandler  key.o
    0x08001c76   0x08001c76   0x00000002   PAD
    0x08001c78   0x08001c78   0x0000000c   Code   RO          914    i.EXTI_ClearITPendingBit  stm32f10x_exti.o
    0x08001c84   0x08001c84   0x00000028   Code   RO          918    i.EXTI_GetITStatus  stm32f10x_exti.o
    0x08001cac   0x08001cac   0x00000094   Code   RO          919    i.EXTI_Init         stm32f10x_exti.o
    0x08001d40   0x08001d40   0x00000040   Code   RO         1273    i.GPIO_EXTILineConfig  stm32f10x_gpio.o
    0x08001d80   0x08001d80   0x00000116   Code   RO         1276    i.GPIO_Init         stm32f10x_gpio.o
    0x08001e96   0x08001e96   0x00000012   Code   RO         1280    i.GPIO_ReadInputDataBit  stm32f10x_gpio.o
    0x08001ea8   0x08001ea8   0x00000004   Code   RO         1283    i.GPIO_ResetBits    stm32f10x_gpio.o
    0x08001eac   0x08001eac   0x00000004   Code   RO         1284    i.GPIO_SetBits      stm32f10x_gpio.o
    0x08001eb0   0x08001eb0   0x0000000a   Code   RO         1287    i.GPIO_WriteBit     stm32f10x_gpio.o
    0x08001eba   0x08001eba   0x00000002   PAD
    0x08001ebc   0x08001ebc   0x00000090   Code   RO         3610    i.Get_Temp          ds18b20.o
    0x08001f4c   0x08001f4c   0x000000a0   Code   RO         3667    i.HCSR04_GetValue   hcsr04.o
    0x08001fec   0x08001fec   0x000000d0   Code   RO         3668    i.HCSR04_Init       hcsr04.o
    0x080020bc   0x080020bc   0x00000028   Code   RO         3669    i.HCSR04_Start      hcsr04.o
    0x080020e4   0x080020e4   0x00000004   Code   RO         3754    i.HardFault_Handler  stm32f10x_it.o
    0x080020e8   0x080020e8   0x00000168   Code   RO         3404    i.Key_Init          key.o
    0x08002250   0x08002250   0x000000d0   Code   RO         3405    i.Key_Scan          key.o
    0x08002320   0x08002320   0x00000034   Code   RO         3371    i.LED_Init          led.o
    0x08002354   0x08002354   0x00000004   Code   RO         3755    i.MemManage_Handler  stm32f10x_it.o
    0x08002358   0x08002358   0x00000030   Code   RO         3446    i.Motor_Init        motor.o
    0x08002388   0x08002388   0x00000040   Code   RO         3447    i.Motor_SetSpeed    motor.o
    0x080023c8   0x080023c8   0x00000020   Code   RO         3448    i.Motor_Stop        motor.o
    0x080023e8   0x080023e8   0x00000002   Code   RO         3756    i.NMI_Handler       stm32f10x_it.o
    0x080023ea   0x080023ea   0x00000002   PAD
    0x080023ec   0x080023ec   0x00000070   Code   RO            1    i.NVIC_Init         misc.o
    0x0800245c   0x0800245c   0x00000014   Code   RO            2    i.NVIC_PriorityGroupConfig  misc.o
    0x08002470   0x08002470   0x00000028   Code   RO         3485    i.NVIC_SetPriority  servo.o
    0x08002498   0x08002498   0x0000002a   Code   RO         3263    i.OLED_Clear        oled.o
    0x080024c2   0x080024c2   0x00000002   PAD
    0x080024c4   0x080024c4   0x00000050   Code   RO         3264    i.OLED_I2C_Init     oled.o
    0x08002514   0x08002514   0x0000005c   Code   RO         3265    i.OLED_I2C_SendByte  oled.o
    0x08002570   0x08002570   0x00000034   Code   RO         3266    i.OLED_I2C_Start    oled.o
    0x080025a4   0x080025a4   0x00000028   Code   RO         3267    i.OLED_I2C_Stop     oled.o
    0x080025cc   0x080025cc   0x000000ae   Code   RO         3268    i.OLED_Init         oled.o
    0x0800267a   0x0800267a   0x00000014   Code   RO         3269    i.OLED_Pow          oled.o
    0x0800268e   0x0800268e   0x00000022   Code   RO         3270    i.OLED_SetCursor    oled.o
    0x080026b0   0x080026b0   0x00000074   Code   RO         3272    i.OLED_ShowChar     oled.o
    0x08002724   0x08002724   0x00000044   Code   RO         3274    i.OLED_ShowNum      oled.o
    0x08002768   0x08002768   0x00000028   Code   RO         3276    i.OLED_ShowString   oled.o
    0x08002790   0x08002790   0x00000020   Code   RO         3277    i.OLED_WriteCommand  oled.o
    0x080027b0   0x080027b0   0x00000020   Code   RO         3278    i.OLED_WriteData    oled.o
    0x080027d0   0x080027d0   0x00000094   Code   RO         3449    i.PWM_Init          motor.o
    0x08002864   0x08002864   0x00000014   Code   RO         3450    i.PWM_SetCompare    motor.o
    0x08002878   0x08002878   0x00000014   Code   RO         3486    i.PWM_SetCompare1   servo.o
    0x0800288c   0x0800288c   0x00000014   Code   RO         3487    i.PWM_SetCompare2   servo.o
    0x080028a0   0x080028a0   0x00000002   Code   RO         3757    i.PendSV_Handler    stm32f10x_it.o
    0x080028a2   0x080028a2   0x00000002   PAD
    0x080028a4   0x080028a4   0x00000020   Code   RO         1704    i.RCC_APB1PeriphClockCmd  stm32f10x_rcc.o
    0x080028c4   0x080028c4   0x00000020   Code   RO         1706    i.RCC_APB2PeriphClockCmd  stm32f10x_rcc.o
    0x080028e4   0x080028e4   0x000000d4   Code   RO         1714    i.RCC_GetClocksFreq  stm32f10x_rcc.o
    0x080029b8   0x080029b8   0x00000048   Code   RO         3611    i.Receive_Bit       ds18b20.o
    0x08002a00   0x08002a00   0x00000022   Code   RO         3612    i.Receive_Byte      ds18b20.o
    0x08002a22   0x08002a22   0x00000002   Code   RO         3758    i.SVC_Handler       stm32f10x_it.o
    0x08002a24   0x08002a24   0x00000060   Code   RO         3613    i.Send_Bit          ds18b20.o
    0x08002a84   0x08002a84   0x0000001e   Code   RO         3614    i.Send_Byte         ds18b20.o
    0x08002aa2   0x08002aa2   0x00000002   PAD
    0x08002aa4   0x08002aa4   0x00000030   Code   RO         3224    i.Send_String       usart.o
    0x08002ad4   0x08002ad4   0x0000000c   Code   RO         3488    i.Servo1_GetAngle   servo.o
    0x08002ae0   0x08002ae0   0x00000058   Code   RO         3490    i.Servo1_Start      servo.o
    0x08002b38   0x08002b38   0x0000000c   Code   RO         3491    i.Servo1_Stop       servo.o
    0x08002b44   0x08002b44   0x000000cc   Code   RO         3495    i.Servo_Init        servo.o
    0x08002c10   0x08002c10   0x0000005c   Code   RO         3497    i.Servo_SetAngle    servo.o
    0x08002c6c   0x08002c6c   0x0000005c   Code   RO         3498    i.Servo_SetAngle1   servo.o
    0x08002cc8   0x08002cc8   0x00000058   Code   RO         3499    i.Servo_Start       servo.o
    0x08002d20   0x08002d20   0x0000000c   Code   RO         3500    i.Servo_Stop        servo.o
    0x08002d2c   0x08002d2c   0x00000054   Code   RO         3501    i.Servo_SysTick_Init  servo.o
    0x08002d80   0x08002d80   0x00000008   Code   RO         3143    i.SetSysClock       system_stm32f10x.o
    0x08002d88   0x08002d88   0x000000e0   Code   RO         3144    i.SetSysClockTo72   system_stm32f10x.o
    0x08002e68   0x08002e68   0x00000188   Code   RO         3502    i.SysTick_Handler   servo.o
    0x08002ff0   0x08002ff0   0x00000060   Code   RO         3146    i.SystemInit        system_stm32f10x.o
    0x08003050   0x08003050   0x00000080   Code   RO         2334    i.TI1_Config        stm32f10x_tim.o
    0x080030d0   0x080030d0   0x00000098   Code   RO         2335    i.TI2_Config        stm32f10x_tim.o
    0x08003168   0x08003168   0x00000090   Code   RO         2336    i.TI3_Config        stm32f10x_tim.o
    0x080031f8   0x080031f8   0x00000098   Code   RO         2337    i.TI4_Config        stm32f10x_tim.o
    0x08003290   0x08003290   0x00000064   Code   RO         3670    i.TIM2_IRQHandler   hcsr04.o
    0x080032f4   0x080032f4   0x00000018   Code   RO         2338    i.TIM_ARRPreloadConfig  stm32f10x_tim.o
    0x0800330c   0x0800330c   0x00000006   Code   RO         2345    i.TIM_ClearITPendingBit  stm32f10x_tim.o
    0x08003312   0x08003312   0x00000018   Code   RO         2350    i.TIM_Cmd           stm32f10x_tim.o
    0x0800332a   0x0800332a   0x00000006   Code   RO         2365    i.TIM_GetCapture1   stm32f10x_tim.o
    0x08003330   0x08003330   0x00000022   Code   RO         2371    i.TIM_GetITStatus   stm32f10x_tim.o
    0x08003352   0x08003352   0x00000002   PAD
    0x08003354   0x08003354   0x000000ac   Code   RO         2373    i.TIM_ICInit        stm32f10x_tim.o
    0x08003400   0x08003400   0x00000012   Code   RO         2375    i.TIM_ITConfig      stm32f10x_tim.o
    0x08003412   0x08003412   0x0000000c   Code   RO         2377    i.TIM_InternalClockConfig  stm32f10x_tim.o
    0x0800341e   0x0800341e   0x00000002   PAD
    0x08003420   0x08003420   0x00000098   Code   RO         2379    i.TIM_OC1Init       stm32f10x_tim.o
    0x080034b8   0x080034b8   0x00000012   Code   RO         2381    i.TIM_OC1PolarityConfig  stm32f10x_tim.o
    0x080034ca   0x080034ca   0x00000012   Code   RO         2382    i.TIM_OC1PreloadConfig  stm32f10x_tim.o
    0x080034dc   0x080034dc   0x000000a4   Code   RO         2384    i.TIM_OC2Init       stm32f10x_tim.o
    0x08003580   0x08003580   0x0000001a   Code   RO         2387    i.TIM_OC2PreloadConfig  stm32f10x_tim.o
    0x0800359a   0x0800359a   0x00000014   Code   RO         2397    i.TIM_OCStructInit  stm32f10x_tim.o
    0x080035ae   0x080035ae   0x00000004   Code   RO         2411    i.TIM_SetCompare1   stm32f10x_tim.o
    0x080035b2   0x080035b2   0x00000004   Code   RO         2412    i.TIM_SetCompare2   stm32f10x_tim.o
    0x080035b6   0x080035b6   0x00000012   Code   RO         2416    i.TIM_SetIC1Prescaler  stm32f10x_tim.o
    0x080035c8   0x080035c8   0x0000001a   Code   RO         2417    i.TIM_SetIC2Prescaler  stm32f10x_tim.o
    0x080035e2   0x080035e2   0x00000012   Code   RO         2418    i.TIM_SetIC3Prescaler  stm32f10x_tim.o
    0x080035f4   0x080035f4   0x0000001a   Code   RO         2419    i.TIM_SetIC4Prescaler  stm32f10x_tim.o
    0x0800360e   0x0800360e   0x00000002   PAD
    0x08003610   0x08003610   0x000000a4   Code   RO         2421    i.TIM_TimeBaseInit  stm32f10x_tim.o
    0x080036b4   0x080036b4   0x00000020   Code   RO         3225    i.USART2_IRQHandler  usart.o
    0x080036d4   0x080036d4   0x000000a8   Code   RO         3226    i.USART_BLUE_Init   usart.o
    0x0800377c   0x0800377c   0x0000001e   Code   RO         2886    i.USART_ClearITPendingBit  stm32f10x_usart.o
    0x0800379a   0x0800379a   0x00000018   Code   RO         2889    i.USART_Cmd         stm32f10x_usart.o
    0x080037b2   0x080037b2   0x0000001a   Code   RO         2892    i.USART_GetFlagStatus  stm32f10x_usart.o
    0x080037cc   0x080037cc   0x00000054   Code   RO         2893    i.USART_GetITStatus  stm32f10x_usart.o
    0x08003820   0x08003820   0x0000004a   Code   RO         2895    i.USART_ITConfig    stm32f10x_usart.o
    0x0800386a   0x0800386a   0x00000002   PAD
    0x0800386c   0x0800386c   0x000000d8   Code   RO         2896    i.USART_Init        stm32f10x_usart.o
    0x08003944   0x08003944   0x00000008   Code   RO         2906    i.USART_SendData    stm32f10x_usart.o
    0x0800394c   0x0800394c   0x00000004   Code   RO         3759    i.UsageFault_Handler  stm32f10x_it.o
    0x08003950   0x08003950   0x00000028   Code   RO         4052    i.__ARM_fpclassify  m_ws.l(fpclassify.o)
    0x08003978   0x08003978   0x0000000e   Code   RO         3918    i._is_digit         c_w.l(__printf_wp.o)
    0x08003986   0x08003986   0x00000002   PAD
    0x08003988   0x08003988   0x00000388   Code   RO         3703    i.main              main.o
    0x08003d10   0x08003d10   0x0000002c   Code   RO         4040    locale$$code        c_w.l(lc_numeric_c.o)
    0x08003d3c   0x08003d3c   0x0000002c   Code   RO         4060    locale$$code        c_w.l(lc_ctype_c.o)
    0x08003d68   0x08003d68   0x000002b0   Code   RO         3818    x$fpl$ddiv          fz_ws.l(ddiv.o)
    0x08004018   0x08004018   0x0000005a   Code   RO         3821    x$fpl$dfixu         fz_ws.l(dfixu.o)
    0x08004072   0x08004072   0x00000026   Code   RO         3825    x$fpl$dfltu         fz_ws.l(dflt_clz.o)
    0x08004098   0x08004098   0x00000154   Code   RO         3831    x$fpl$dmul          fz_ws.l(dmul.o)
    0x080041ec   0x080041ec   0x0000009c   Code   RO         3951    x$fpl$dnaninf       fz_ws.l(dnaninf.o)
    0x08004288   0x08004288   0x0000000c   Code   RO         3953    x$fpl$dretinf       fz_ws.l(dretinf.o)
    0x08004294   0x08004294   0x000000c4   Code   RO         3833    x$fpl$fadd          fz_ws.l(faddsub_clz.o)
    0x08004358   0x08004358   0x00000018   Code   RO         3955    x$fpl$fcmpinf       fz_ws.l(fcmpi.o)
    0x08004370   0x08004370   0x00000184   Code   RO         3840    x$fpl$fdiv          fz_ws.l(fdiv.o)
    0x080044f4   0x080044f4   0x0000003e   Code   RO         3843    x$fpl$ffixu         fz_ws.l(ffixu.o)
    0x08004532   0x08004532   0x00000002   PAD
    0x08004534   0x08004534   0x00000030   Code   RO         3848    x$fpl$fflt          fz_ws.l(fflt_clz.o)
    0x08004564   0x08004564   0x00000068   Code   RO         3853    x$fpl$fleqf         fz_ws.l(fleqf.o)
    0x080045cc   0x080045cc   0x00000102   Code   RO         3855    x$fpl$fmul          fz_ws.l(fmul.o)
    0x080046ce   0x080046ce   0x0000008c   Code   RO         3957    x$fpl$fnaninf       fz_ws.l(fnaninf.o)
    0x0800475a   0x0800475a   0x0000000a   Code   RO         3959    x$fpl$fretinf       fz_ws.l(fretinf.o)
    0x08004764   0x08004764   0x00000062   Code   RO         3857    x$fpl$frleqf        fz_ws.l(frleqf.o)
    0x080047c6   0x080047c6   0x00000002   PAD
    0x080047c8   0x080047c8   0x000000ea   Code   RO         3835    x$fpl$fsub          fz_ws.l(faddsub_clz.o)
    0x080048b2   0x080048b2   0x00000004   Code   RO         3961    x$fpl$printf1       fz_ws.l(printf1.o)
    0x080048b6   0x080048b6   0x00000004   Code   RO         3963    x$fpl$printf2       fz_ws.l(printf2.o)
    0x080048ba   0x080048ba   0x00000000   Code   RO         3969    x$fpl$usenofp       fz_ws.l(usenofp.o)
    0x080048ba   0x080048ba   0x000005f0   Data   RO         3279    .constdata          oled.o
    0x08004eaa   0x08004eaa   0x00000002   PAD
    0x08004eac   0x08004eac   0x00000008   Data   RO         3877    .constdata          c_w.l(_printf_wctomb.o)
    0x08004eb4   0x08004eb4   0x00000028   Data   RO         3906    .constdata          c_w.l(_printf_hex_int_ll_ptr.o)
    0x08004edc   0x08004edc   0x00000011   Data   RO         3926    .constdata          c_w.l(__printf_flags_ss_wp.o)
    0x08004eed   0x08004eed   0x00000026   Data   RO         3992    .constdata          c_w.l(_printf_fp_hex.o)
    0x08004f13   0x08004f13   0x00000001   PAD
    0x08004f14   0x08004f14   0x00000094   Data   RO         4015    .constdata          c_w.l(bigflt0.o)
    0x08004fa8   0x08004fa8   0x00000020   Data   RO         4186    Region$$Table       anon$$obj.o
    0x08004fc8   0x08004fc8   0x0000001c   Data   RO         4039    locale$$data        c_w.l(lc_numeric_c.o)
    0x08004fe4   0x08004fe4   0x00000110   Data   RO         4059    locale$$data        c_w.l(lc_ctype_c.o)


    Execution Region RW_IRAM1 (Exec base: 0x20000000, Load base: 0x080050f4, Size: 0x000006b8, Max: 0x00005000, ABSOLUTE)

    Exec Addr    Load Addr    Size         Type   Attr      Idx    E Section Name        Object

    0x20000000   0x080050f4   0x00000014   Data   RW         1734    .data               stm32f10x_rcc.o
    0x20000014   0x08005108   0x00000014   Data   RW         3147    .data               system_stm32f10x.o
    0x20000028   0x0800511c   0x0000000c   Data   RW         3406    .data               key.o
    0x20000034   0x08005128   0x00000014   Data   RW         3503    .data               servo.o
    0x20000048   0x0800513c   0x00000001   Data   RW         3615    .data               ds18b20.o
    0x20000049   0x0800513d   0x00000001   PAD
    0x2000004a   0x0800513e   0x00000007   Data   RW         3671    .data               hcsr04.o
    0x20000051   0x08005145   0x00000003   Data   RW         3704    .data               main.o
    0x20000054        -       0x00000060   Zero   RW         4055    .bss                c_w.l(libspace.o)
    0x200000b4   0x08005148   0x00000004   PAD
    0x200000b8        -       0x00000200   Zero   RW         3137    HEAP                startup_stm32f10x_md.o
    0x200002b8        -       0x00000400   Zero   RW         3136    STACK               startup_stm32f10x_md.o


==============================================================================

Image component sizes


      Code (inc. data)   RO Data    RW Data    ZI Data      Debug   Object Name

        44          6          0          0          0        444   beep.o
         0          0          0          0          0         32   core_cm3.o
        48          0          0          0          0        910   delay.o
       540         38          0          1          0       4249   ds18b20.o
       508         52          0          7          0       2408   hcsr04.o
       652         32          0         12          0       2877   key.o
        52          6          0          0          0        439   led.o
       904        156          0          3          0       1280   main.o
       132         22          0          0          0     254695   misc.o
       312         34          0          0          0       2415   motor.o
       822         22       1520          0          0       7197   oled.o
      1156        184          0         20          0      22420   servo.o
        64         26        236          0       1536        764   startup_stm32f10x_md.o
         0          0          0          0          0       1636   stm32f10x_adc.o
       200         18          0          0          0       4108   stm32f10x_exti.o
       378          4          0          0          0      12862   stm32f10x_gpio.o
        24          0          0          0          0       3148   stm32f10x_it.o
       276         32          0         20          0      12954   stm32f10x_rcc.o
      1530        180          0          0          0      34855   stm32f10x_tim.o
       462          6          0          0          0      11891   stm32f10x_usart.o
       328         28          0         20          0       2129   system_stm32f10x.o
       284         18          0          0          0       2775   usart.o

    ----------------------------------------------------------------------
      8736        864       1790         84       1536     386488   Object Totals
         0          0         32          0          0          0   (incl. Generated)
        20          0          2          1          0          0   (incl. Padding)

    ----------------------------------------------------------------------

      Code (inc. data)   RO Data    RW Data    ZI Data      Debug   Library Member Name

         8          0          0          0          0         68   __main.o
       392          4         17          0          0         92   __printf_flags_ss_wp.o
        14          0          0          0          0         68   __printf_wp.o
         0          0          0          0          0          0   __rtentry.o
        12          0          0          0          0          0   __rtentry2.o
         6          0          0          0          0          0   __rtentry4.o
        52          8          0          0          0          0   __scatter.o
        26          0          0          0          0          0   __scatter_copy.o
        28          0          0          0          0          0   __scatter_zi.o
         6          0          0          0          0          0   _printf_a.o
         6          0          0          0          0          0   _printf_c.o
        44          0          0          0          0        108   _printf_char.o
        48          6          0          0          0         96   _printf_char_common.o
        40          0          0          0          0         68   _printf_charcount.o
         6          0          0          0          0          0   _printf_d.o
       120         16          0          0          0         92   _printf_dec.o
         6          0          0          0          0          0   _printf_e.o
         6          0          0          0          0          0   _printf_f.o
      1054          0          0          0          0        216   _printf_fp_dec.o
       764          8         38          0          0        100   _printf_fp_hex.o
       128         16          0          0          0         84   _printf_fp_infnan.o
         6          0          0          0          0          0   _printf_g.o
       148          4         40          0          0        160   _printf_hex_int_ll_ptr.o
         6          0          0          0          0          0   _printf_i.o
       178          0          0          0          0         88   _printf_intcommon.o
        10          0          0          0          0          0   _printf_l.o
         6          0          0          0          0          0   _printf_lc.o
        10          0          0          0          0          0   _printf_ll.o
         6          0          0          0          0          0   _printf_lld.o
         6          0          0          0          0          0   _printf_lli.o
         6          0          0          0          0          0   _printf_llo.o
         6          0          0          0          0          0   _printf_llu.o
         6          0          0          0          0          0   _printf_llx.o
       124         16          0          0          0         92   _printf_longlong_dec.o
         6          0          0          0          0          0   _printf_ls.o
         6          0          0          0          0          0   _printf_n.o
         6          0          0          0          0          0   _printf_o.o
       112         10          0          0          0        124   _printf_oct_int_ll.o
         6          0          0          0          0          0   _printf_p.o
        78          0          0          0          0        108   _printf_pad.o
         0          0          0          0          0          0   _printf_percent.o
         4          0          0          0          0          0   _printf_percent_end.o
         6          0          0          0          0          0   _printf_s.o
        82          0          0          0          0         80   _printf_str.o
        36          0          0          0          0         84   _printf_truncate.o
         6          0          0          0          0          0   _printf_u.o
        44          0          0          0          0        108   _printf_wchar.o
       188          6          8          0          0         92   _printf_wctomb.o
         6          0          0          0          0          0   _printf_x.o
        10          0          0          0          0         68   _sputc.o
        64          0          0          0          0         92   _wcrtomb.o
       228          4        148          0          0         96   bigflt0.o
      1936        128          0          0          0        672   btod.o
        18          0          0          0          0         80   exit.o
         6          0          0          0          0        152   heapauxi.o
         0          0          0          0          0          0   indicate_semi.o
        44         10        272          0          0         76   lc_ctype_c.o
        44         10         28          0          0         76   lc_numeric_c.o
         2          0          0          0          0          0   libinit.o
        30          0          0          0          0          0   libinit2.o
         2          0          0          0          0          0   libshutdown.o
         2          0          0          0          0          0   libshutdown2.o
         8          4          0          0         96         68   libspace.o
       138          0          0          0          0         80   lludiv10.o
        16          4          0          0          0         76   rt_ctype_table.o
         8          4          0          0          0         68   rt_locale_intlibspace.o
         2          0          0          0          0          0   rtexit.o
        10          0          0          0          0          0   rtexit2.o
       128          0          0          0          0         68   strcmpv7m.o
        12          4          0          0          0         68   sys_exit.o
        74          0          0          0          0         80   sys_stackheap_outer.o
         2          0          0          0          0         68   use_no_semi.o
        36          4          0          0          0         76   vsprintf.o
       688        140          0          0          0        208   ddiv.o
        90          4          0          0          0         92   dfixu.o
        38          0          0          0          0         68   dflt_clz.o
       340         12          0          0          0        104   dmul.o
       156          4          0          0          0         92   dnaninf.o
        12          0          0          0          0         68   dretinf.o
       430          8          0          0          0        168   faddsub_clz.o
        24          0          0          0          0         68   fcmpi.o
       388         76          0          0          0         96   fdiv.o
        62          4          0          0          0         84   ffixu.o
        48          0          0          0          0         68   fflt_clz.o
       104          4          0          0          0         84   fleqf.o
       258          4          0          0          0         84   fmul.o
       140          4          0          0          0         84   fnaninf.o
        10          0          0          0          0         68   fretinf.o
        98          0          0          0          0         68   frleqf.o
         4          0          0          0          0         68   printf1.o
         4          0          0          0          0         68   printf2.o
         0          0          0          0          0          0   usenofp.o
        40          0          0          0          0         68   fpclassify.o

    ----------------------------------------------------------------------
      9646        526        552          0        100       5600   Library Totals
        22          0          1          0          4          0   (incl. Padding)

    ----------------------------------------------------------------------

      Code (inc. data)   RO Data    RW Data    ZI Data      Debug   Library Name

      6690        266        551          0         96       3892   c_w.l
      2894        260          0          0          0       1640   fz_ws.l
        40          0          0          0          0         68   m_ws.l

    ----------------------------------------------------------------------
      9646        526        552          0        100       5600   Library Totals

    ----------------------------------------------------------------------

==============================================================================


      Code (inc. data)   RO Data    RW Data    ZI Data      Debug   

     18382       1390       2342         84       1636     383296   Grand Totals
     18382       1390       2342         84       1636     383296   ELF Image Totals
     18382       1390       2342         84          0          0   ROM Totals

==============================================================================

    Total RO  Size (Code + RO Data)                20724 (  20.24kB)
    Total RW  Size (RW Data + ZI Data)              1720 (   1.68kB)
    Total ROM Size (Code + RO Data + RW Data)      20808 (  20.32kB)

==============================================================================

